Product: MDK-ARM Professional 5.10
Component: ARM Compiler 5.04 update 1 (build 49)
Tool: armlink [5040049]

==============================================================================

Section Cross References

    startup_stm32f405xx.o(RESET) refers to startup_stm32f405xx.o(STACK) for __initial_sp
    startup_stm32f405xx.o(RESET) refers to startup_stm32f405xx.o(.text) for Reset_Handler
    startup_stm32f405xx.o(RESET) refers to stm32f4xx_it.o(i.NMI_Handler) for NMI_Handler
    startup_stm32f405xx.o(RESET) refers to stm32f4xx_it.o(i.HardFault_Handler) for HardFault_Handler
    startup_stm32f405xx.o(RESET) refers to stm32f4xx_it.o(i.MemManage_Handler) for MemManage_Handler
    startup_stm32f405xx.o(RESET) refers to stm32f4xx_it.o(i.BusFault_Handler) for BusFault_Handler
    startup_stm32f405xx.o(RESET) refers to stm32f4xx_it.o(i.UsageFault_Handler) for UsageFault_Handler
    startup_stm32f405xx.o(RESET) refers to stm32f4xx_it.o(i.SVC_Handler) for SVC_Handler
    startup_stm32f405xx.o(RESET) refers to stm32f4xx_it.o(i.DebugMon_Handler) for DebugMon_Handler
    startup_stm32f405xx.o(RESET) refers to stm32f4xx_it.o(i.PendSV_Handler) for PendSV_Handler
    startup_stm32f405xx.o(RESET) refers to stm32f4xx_it.o(i.SysTick_Handler) for SysTick_Handler
    startup_stm32f405xx.o(RESET) refers to stm32f4xx_it.o(i.DMA1_Stream5_IRQHandler) for DMA1_Stream5_IRQHandler
    startup_stm32f405xx.o(RESET) refers to stm32f4xx_it.o(i.DMA1_Stream6_IRQHandler) for DMA1_Stream6_IRQHandler
    startup_stm32f405xx.o(RESET) refers to stm32f4xx_it.o(i.CAN1_RX0_IRQHandler) for CAN1_RX0_IRQHandler
    startup_stm32f405xx.o(RESET) refers to stm32f4xx_it.o(i.TIM3_IRQHandler) for TIM3_IRQHandler
    startup_stm32f405xx.o(RESET) refers to stm32f4xx_it.o(i.USART1_IRQHandler) for USART1_IRQHandler
    startup_stm32f405xx.o(RESET) refers to stm32f4xx_it.o(i.USART2_IRQHandler) for USART2_IRQHandler
    startup_stm32f405xx.o(RESET) refers to stm32f4xx_it.o(i.DMA2_Stream2_IRQHandler) for DMA2_Stream2_IRQHandler
    startup_stm32f405xx.o(RESET) refers to stm32f4xx_it.o(i.CAN2_RX0_IRQHandler) for CAN2_RX0_IRQHandler
    startup_stm32f405xx.o(.text) refers to system_stm32f4xx.o(i.SystemInit) for SystemInit
    startup_stm32f405xx.o(.text) refers to entry.o(.ARM.Collect$$$$00000000) for __main
    move.o(i.Move_Analysis) refers to dflti.o(.text) for __aeabi_i2d
    move.o(i.Move_Analysis) refers to pow.o(i.__hardfp_pow) for __hardfp_pow
    move.o(i.Move_Analysis) refers to dadd.o(.text) for __aeabi_dadd
    move.o(i.Move_Analysis) refers to sqrt.o(i.__hardfp_sqrt) for __hardfp_sqrt
    move.o(i.Move_Analysis) refers to d2f.o(.text) for __aeabi_d2f
    move.o(i.Move_Analysis) refers to acos.o(i.__hardfp_acos) for __hardfp_acos
    move.o(i.Move_Analysis) refers to dmul.o(.text) for __aeabi_dmul
    move.o(i.Move_Analysis) refers to atan2.o(i.__hardfp_atan2) for __hardfp_atan2
    move.o(i.Move_Analysis) refers to ddiv.o(.text) for __aeabi_ddiv
    move.o(i.Move_Analysis) refers to move.o(i.MotorGroup_Tar_Analysis) for MotorGroup_Tar_Analysis
    robo_base.o(i.BASE_Init) refers to motor_system.o(i.PID_Init) for PID_Init
    robo_base.o(i.BASE_Init) refers to motor_system.o(i.SystemState_Set) for SystemState_Set
    robo_base.o(i.Base_WatchDog) refers to motor_system.o(i.System_Check) for System_Check
    robo_base.o(i.Base_WatchDog) refers to robo_base.o(i.LED_WARNING) for LED_WARNING
    robo_base.o(i.LED_WARNING) refers to stm32f4xx_hal_gpio.o(i.HAL_GPIO_WritePin) for HAL_GPIO_WritePin
    robo_base.o(i.LED_WARNING) refers to robo_base.o(.data) for State
    robo_base.o(i.Motor_Pos_Analysis) refers to motor_system.o(i.Pos_Info_Analysis) for Pos_Info_Analysis
    robo_base.o(i.Motor_Pos_Analysis) refers to motor_system.o(i.Feed_WatchDog) for Feed_WatchDog
    robo_base.o(i.Motor_Speed_Analysis) refers to motor_system.o(i.Speed_Info_Analysis) for Speed_Info_Analysis
    robo_base.o(i.Motor_Speed_Analysis) refers to motor_system.o(i.Feed_WatchDog) for Feed_WatchDog
    robo_base.o(i.PID_Send) refers to robo_base.o(i.Base_WatchDog) for Base_WatchDog
    robo_base.o(i.PID_Send) refers to motor_system.o(i.PID_Pos_Cal) for PID_Pos_Cal
    robo_base.o(i.PID_Send) refers to motor_system.o(i.Send_To_Motor) for Send_To_Motor
    robo_base.o(i.PID_Send) refers to motor_system.o(i.PID_Speed_Cal) for PID_Speed_Cal
    robo_base.o(i.PID_Send) refers to can.o(.bss) for hcan2
    motor_system.o(i.Pos_Info_Analysis) refers to dflti.o(.text) for __aeabi_i2d
    motor_system.o(i.Pos_Info_Analysis) refers to dmul.o(.text) for __aeabi_dmul
    motor_system.o(i.Pos_Info_Analysis) refers to ddiv.o(.text) for __aeabi_ddiv
    motor_system.o(i.Pos_Info_Analysis) refers to d2f.o(.text) for __aeabi_d2f
    motor_system.o(i.Pos_Info_Analysis) refers to dadd.o(.text) for __aeabi_drsub
    motor_system.o(i.Send_To_Motor) refers to stm32f4xx_hal_can.o(i.HAL_CAN_AddTxMessage) for HAL_CAN_AddTxMessage
[...]
    ../mathlib/poly.c                        0x00000000   Number         0  poly.o ABSOLUTE
    ../mathlib/pow.c                         0x00000000   Number         0  pow.o ABSOLUTE
    ../mathlib/pow.c                         0x00000000   Number         0  pow_x.o ABSOLUTE
    ../mathlib/qnan.c                        0x00000000   Number         0  qnan.o ABSOLUTE
    ../mathlib/sqrt.c                        0x00000000   Number         0  sqrt_x.o ABSOLUTE
    ../mathlib/sqrt.c                        0x00000000   Number         0  sqrt.o ABSOLUTE
    ..\Core\Src\can.c                        0x00000000   Number         0  can.o ABSOLUTE
    ..\Core\Src\dma.c                        0x00000000   Number         0  dma.o ABSOLUTE
    ..\Core\Src\gpio.c                       0x00000000   Number         0  gpio.o ABSOLUTE
    ..\Core\Src\main.c                       0x00000000   Number         0  main.o ABSOLUTE
    ..\Core\Src\motor_system.c               0x00000000   Number         0  motor_system.o ABSOLUTE
    ..\Core\Src\move.c                       0x00000000   Number         0  move.o ABSOLUTE
    ..\Core\Src\odrive_can.c                 0x00000000   Number         0  odrive_can.o ABSOLUTE
    ..\Core\Src\robo_base.c                  0x00000000   Number         0  robo_base.o ABSOLUTE
    ..\Core\Src\stm32f4xx_hal_msp.c          0x00000000   Number         0  stm32f4xx_hal_msp.o ABSOLUTE
    ..\Core\Src\stm32f4xx_it.c               0x00000000   Number         0  stm32f4xx_it.o ABSOLUTE
    ..\Core\Src\system_stm32f4xx.c           0x00000000   Number         0  system_stm32f4xx.o ABSOLUTE
    ..\Core\Src\tim.c                        0x00000000   Number         0  tim.o ABSOLUTE
    ..\Core\Src\uart_communicate.c           0x00000000   Number         0  uart_communicate.o ABSOLUTE
    ..\Core\Src\usart.c                      0x00000000   Number         0  usart.o ABSOLUTE
    ..\Drivers\STM32F4xx_HAL_Driver\Src\stm32f4xx_hal.c 0x00000000   Number         0  stm32f4xx_hal.o ABSOLUTE
    ..\Drivers\STM32F4xx_HAL_Driver\Src\stm32f4xx_hal_can.c 0x00000000   Number         0  stm32f4xx_hal_can.o ABSOLUTE
    ..\Drivers\STM32F4xx_HAL_Driver\Src\stm32f4xx_hal_cortex.c 0x00000000   Number         0  stm32f4xx_hal_cortex.o ABSOLUTE
    ..\Drivers\STM32F4xx_HAL_Driver\Src\stm32f4xx_hal_dma.c 0x00000000   Number         0  stm32f4xx_hal_dma.o ABSOLUTE
    ..\Drivers\STM32F4xx_HAL_Driver\Src\stm32f4xx_hal_dma_ex.c 0x00000000   Number         0  stm32f4xx_hal_dma_ex.o ABSOLUTE
    ..\Drivers\STM32F4xx_HAL_Driver\Src\stm32f4xx_hal_exti.c 0x00000000   Number         0  stm32f4xx_hal_exti.o ABSOLUTE
    ..\Drivers\STM32F4xx_HAL_Driver\Src\stm32f4xx_hal_flash.c 0x00000000   Number         0  stm32f4xx_hal_flash.o ABSOLUTE
    ..\Drivers\STM32F4xx_HAL_Driver\Src\stm32f4xx_hal_flash_ex.c 0x00000000   Number         0  stm32f4xx_hal_flash_ex.o ABSOLUTE
    ..\Drivers\STM32F4xx_HAL_Driver\Src\stm32f4xx_hal_flash_ramfunc.c 0x00000000   Number         0  stm32f4xx_hal_flash_ramfunc.o ABSOLUTE
    ..\Drivers\STM32F4xx_HAL_Driver\Src\stm32f4xx_hal_gpio.c 0x00000000   Number         0  stm32f4xx_hal_gpio.o ABSOLUTE
    ..\Drivers\STM32F4xx_HAL_Driver\Src\stm32f4xx_hal_pwr.c 0x00000000   Number         0  stm32f4xx_hal_pwr.o ABSOLUTE
    ..\Drivers\STM32F4xx_HAL_Driver\Src\stm32f4xx_hal_pwr_ex.c 0x00000000   Number         0  stm32f4xx_hal_pwr_ex.o ABSOLUTE
    ..\Drivers\STM32F4xx_HAL_Driver\Src\stm32f4xx_hal_rcc.c 0x00000000   Number         0  stm32f4xx_hal_rcc.o ABSOLUTE
    ..\Drivers\STM32F4xx_HAL_Driver\Src\stm32f4xx_hal_rcc_ex.c 0x00000000   Number         0  stm32f4xx_hal_rcc_ex.o ABSOLUTE
    ..\Drivers\STM32F4xx_HAL_Driver\Src\stm32f4xx_hal_tim.c 0x00000000   Number         0  stm32f4xx_hal_tim.o ABSOLUTE
    ..\Drivers\STM32F4xx_HAL_Driver\Src\stm32f4xx_hal_tim_ex.c 0x00000000   Number         0  stm32f4xx_hal_tim_ex.o ABSOLUTE
    ..\Drivers\STM32F4xx_HAL_Driver\Src\stm32f4xx_hal_uart.c 0x00000000   Number         0  stm32f4xx_hal_uart.o ABSOLUTE
    ..\\Core\\Src\\motor_system.c            0x00000000   Number         0  motor_system.o ABSOLUTE
    ..\\Core\\Src\\move.c                    0x00000000   Number         0  move.o ABSOLUTE
    ..\\Core\\Src\\odrive_can.c              0x00000000   Number         0  odrive_can.o ABSOLUTE
    ..\\Core\\Src\\robo_base.c               0x00000000   Number         0  robo_base.o ABSOLUTE
    ..\\Core\\Src\\uart_communicate.c        0x00000000   Number         0  uart_communicate.o ABSOLUTE
    cdcmple.s                                0x00000000   Number         0  cdcmple.o ABSOLUTE
    cdrcmple.s                               0x00000000   Number         0  cdrcmple.o ABSOLUTE
    dc.s                                     0x00000000   Number         0  dc.o ABSOLUTE
    handlers.s                               0x00000000   Number         0  handlers.o ABSOLUTE
    init.s                                   0x00000000   Number         0  init.o ABSOLUTE
    startup_stm32f405xx.s                    0x00000000   Number         0  startup_stm32f405xx.o ABSOLUTE
    RESET                                    0x08000000   Section      392  startup_stm32f405xx.o(RESET)
    .ARM.Collect$$$$00000000                 0x08000188   Section        0  entry.o(.ARM.Collect$$$$00000000)
    .ARM.Collect$$$$00000001                 0x08000188   Section        4  entry2.o(.ARM.Collect$$$$00000001)
    .ARM.Collect$$$$00000004                 0x0800018c   Section        4  entry5.o(.ARM.Collect$$$$00000004)
    .ARM.Collect$$$$00000008                 0x08000190   Section        0  entry7b.o(.ARM.Collect$$$$00000008)
    .ARM.Collect$$$$0000000A                 0x08000190   Section        0  entry8b.o(.ARM.Collect$$$$0000000A)
    .ARM.Collect$$$$0000000B                 0x08000190   Section        8  entry9a.o(.ARM.Collect$$$$0000000B)
    .ARM.Collect$$$$0000000D                 0x08000198   Section        0  entry10a.o(.ARM.Collect$$$$0000000D)
    .ARM.Collect$$$$0000000F                 0x08000198   Section        0  entry11a.o(.ARM.Collect$$$$0000000F)
    .ARM.Collect$$$$00002712                 0x08000198   Section        4  entry2.o(.ARM.Collect$$$$00002712)
    __lit__00000000                          0x08000198   Data           4  entry2.o(.ARM.Collect$$$$00002712)
    .text                                    0x0800019c   Section       36  startup_stm32f405xx.o(.text)
    $v0                                      0x0800019c   Number         0  startup_stm32f405xx.o(.text)
    .text                                    0x080001c0   Section        0  uldiv.o(.text)
    .text                                    0x08000222   Section        0  memcpya.o(.text)
    .text                                    0x08000246   Section        0  memseta.o(.text)
    .text                                    0x0800026a   Section        0  dadd.o(.text)
    .text                                    0x080003b8   Section        0  dmul.o(.text)
    .text                                    0x0800049c   Section        0  ddiv.o(.text)
    .text                                    0x0800057a   Section        0  dflti.o(.text)
    .text                                    0x0800059c   Section        0  d2f.o(.text)
    .text                                    0x080005d4   Section        0  llshl.o(.text)
    .text                                    0x080005f2   Section        0  llushr.o(.text)
    .text                                    0x08000612   Section        0  llsshr.o(.text)
    .text                                    0x08000636   Section        0  iusefp.o(.text)
    .text                                    0x08000636   Section        0  fepilogue.o(.text)
    .text                                    0x080006a4   Section        0  depilogue.o(.text)
    .text                                    0x0800075a   Section        0  dscalb.o(.text)
    .text                                    0x08000788   Section        0  dsqrt.o(.text)
    .text                                    0x0800082c   Section       40  cdrcmple.o(.text)
    .text                                    0x08000854   Section       36  init.o(.text)
    i.BASE_Init                              0x08000878   Section        0  robo_base.o(i.BASE_Init)
    i.Base_WatchDog                          0x08000b18   Section        0  robo_base.o(i.Base_WatchDog)
    i.BusFault_Handler                       0x08000be2   Section        0  stm32f4xx_it.o(i.BusFault_Handler)
    i.CAN1_RX0_IRQHandler                    0x08000be8   Section        0  stm32f4xx_it.o(i.CAN1_RX0_IRQHandler)
    i.CAN2_RX0_IRQHandler                    0x08000c18   Section        0  stm32f4xx_it.o(i.CAN2_RX0_IRQHandler)
    i.CAN_Start_IT                           0x08000c48   Section        0  can.o(i.CAN_Start_IT)
    i.Counting_Time                          0x08000c98   Section        0  robo_base.o(i.Counting_Time)
    i.DMA1_Stream5_IRQHandler                0x08000cb8   Section        0  stm32f4xx_it.o(i.DMA1_Stream5_IRQHandler)
    i.DMA1_Stream6_IRQHandler                0x08000cc8   Section        0  stm32f4xx_it.o(i.DMA1_Stream6_IRQHandler)
    i.DMA2_Stream2_IRQHandler                0x08000cd8   Section        0  stm32f4xx_it.o(i.DMA2_Stream2_IRQHandler)
    i.DMA_CalcBaseAndBitshift                0x08000ce8   Section        0  stm32f4xx_hal_dma.o(i.DMA_CalcBaseAndBitshift)
    DMA_CalcBaseAndBitshift                  0x08000ce9   Thumb Code    46  stm32f4xx_hal_dma.o(i.DMA_CalcBaseAndBitshift)
    i.DMA_CheckFifoParam                     0x08000d1c   Section        0  stm32f4xx_hal_dma.o(i.DMA_CheckFifoParam)
    DMA_CheckFifoParam                       0x08000d1d   Thumb Code   170  stm32f4xx_hal_dma.o(i.DMA_CheckFifoParam)
    i.DMA_SetConfig                          0x08000dc6   Section        0  stm32f4xx_hal_dma.o(i.DMA_SetConfig)
    DMA_SetConfig                            0x08000dc7   Thumb Code    44  stm32f4xx_hal_dma.o(i.DMA_SetConfig)
    i.DebugMon_Handler                       0x08000df2   Section        0  stm32f4xx_it.o(i.DebugMon_Handler)
    i.Error_Handler                          0x08000df4   Section        0  main.o(i.Error_Handler)
    i.Feed_WatchDog                          0x08000df6   Section        0  motor_system.o(i.Feed_WatchDog)
    i.HAL_CAN_ActivateNotification           0x08000dfc   Section        0  stm32f4xx_hal_can.o(i.HAL_CAN_ActivateNotification)
    i.HAL_CAN_AddTxMessage                   0x08000e26   Section        0  stm32f4xx_hal_can.o(i.HAL_CAN_AddTxMessage)
    i.HAL_CAN_ConfigFilter                   0x08000f7c   Section        0  stm32f4xx_hal_can.o(i.HAL_CAN_ConfigFilter)
    i.HAL_CAN_ErrorCallback                  0x080010a0   Section        0  stm32f4xx_hal_can.o(i.HAL_CAN_ErrorCallback)
    i.HAL_CAN_GetRxMessage                   0x080010a2   Section        0  stm32f4xx_hal_can.o(i.HAL_CAN_GetRxMessage)
    i.HAL_CAN_IRQHandler                     0x0800121c   Section        0  stm32f4xx_hal_can.o(i.HAL_CAN_IRQHandler)
    i.HAL_CAN_Init                           0x0800146a   Section        0  stm32f4xx_hal_can.o(i.HAL_CAN_Init)
    i.HAL_CAN_MspInit                        0x080015e0   Section        0  can.o(i.HAL_CAN_MspInit)
    i.HAL_CAN_RxFifo0FullCallback            0x08001744   Section        0  stm32f4xx_hal_can.o(i.HAL_CAN_RxFifo0FullCallback)
    i.HAL_CAN_RxFifo0MsgPendingCallback      0x08001746   Section        0  stm32f4xx_hal_can.o(i.HAL_CAN_RxFifo0MsgPendingCallback)
    i.HAL_CAN_RxFifo1FullCallback            0x08001748   Section        0  stm32f4xx_hal_can.o(i.HAL_CAN_RxFifo1FullCallback)
    i.HAL_CAN_RxFifo1MsgPendingCallback      0x0800174a   Section        0  stm32f4xx_hal_can.o(i.HAL_CAN_RxFifo1MsgPendingCallback)
    i.HAL_CAN_SleepCallback                  0x0800174c   Section        0  stm32f4xx_hal_can.o(i.HAL_CAN_SleepCallback)
    i.HAL_CAN_Start                          0x0800174e   Section        0  stm32f4xx_hal_can.o(i.HAL_CAN_Start)
    i.HAL_CAN_TxMailbox0AbortCallback        0x080017ac   Section        0  stm32f4xx_hal_can.o(i.HAL_CAN_TxMailbox0AbortCallback)
    i.HAL_CAN_TxMailbox0CompleteCallback     0x080017ae   Section        0  stm32f4xx_hal_can.o(i.HAL_CAN_TxMailbox0CompleteCallback)
    i.HAL_CAN_TxMailbox1AbortCallback        0x080017b0   Section        0  stm32f4xx_hal_can.o(i.HAL_CAN_TxMailbox1AbortCallback)
    i.HAL_CAN_TxMailbox1CompleteCallback     0x080017b2   Section        0  stm32f4xx_hal_can.o(i.HAL_CAN_TxMailbox1CompleteCallback)
    i.HAL_CAN_TxMailbox2AbortCallback        0x080017b4   Section        0  stm32f4xx_hal_can.o(i.HAL_CAN_TxMailbox2AbortCallback)
    i.HAL_CAN_TxMailbox2CompleteCallback     0x080017b6   Section        0  stm32f4xx_hal_can.o(i.HAL_CAN_TxMailbox2CompleteCallback)
    i.HAL_CAN_WakeUpFromRxMsgCallback        0x080017b8   Section        0  stm32f4xx_hal_can.o(i.HAL_CAN_WakeUpFromRxMsgCallback)
    i.HAL_DMA_Abort_IT                       0x080017ba   Section        0  stm32f4xx_hal_dma.o(i.HAL_DMA_Abort_IT)
    i.HAL_DMA_IRQHandler                     0x080017e4   Section        0  stm32f4xx_hal_dma.o(i.HAL_DMA_IRQHandler)
    i.HAL_DMA_Init                           0x08001a24   Section        0  stm32f4xx_hal_dma.o(i.HAL_DMA_Init)
    i.HAL_DMA_Start_IT                       0x08001b10   Section        0  stm32f4xx_hal_dma.o(i.HAL_DMA_Start_IT)
    i.HAL_GPIO_Init                          0x08001ba4   Section        0  stm32f4xx_hal_gpio.o(i.HAL_GPIO_Init)
    i.HAL_GPIO_TogglePin                     0x08001da4   Section        0  stm32f4xx_hal_gpio.o(i.HAL_GPIO_TogglePin)
    i.HAL_GPIO_WritePin                      0x08001db6   Section        0  stm32f4xx_hal_gpio.o(i.HAL_GPIO_WritePin)
    i.HAL_GetTick                            0x08001dc4   Section        0  stm32f4xx_hal.o(i.HAL_GetTick)
    i.HAL_IncTick                            0x08001dd0   Section        0  stm32f4xx_hal.o(i.HAL_IncTick)
    i.HAL_Init                               0x08001de8   Section        0  stm32f4xx_hal.o(i.HAL_Init)
    i.HAL_InitTick                           0x08001e24   Section        0  stm32f4xx_hal.o(i.HAL_InitTick)
    i.HAL_MspInit                            0x08001e70   Section        0  stm32f4xx_hal_msp.o(i.HAL_MspInit)
    i.HAL_NVIC_EnableIRQ                     0x08001eb8   Section        0  stm32f4xx_hal_cortex.o(i.HAL_NVIC_EnableIRQ)
    i.HAL_NVIC_SetPriority                   0x08001ed8   Section        0  stm32f4xx_hal_cortex.o(i.HAL_NVIC_SetPriority)
    i.HAL_NVIC_SetPriorityGrouping           0x08001f54   Section        0  stm32f4xx_hal_cortex.o(i.HAL_NVIC_SetPriorityGrouping)
    i.HAL_RCC_ClockConfig                    0x08001f7c   Section        0  stm32f4xx_hal_rcc.o(i.HAL_RCC_ClockConfig)
    i.HAL_RCC_GetHCLKFreq                    0x08002100   Section        0  stm32f4xx_hal_rcc.o(i.HAL_RCC_GetHCLKFreq)
    i.HAL_RCC_GetPCLK1Freq                   0x0800210c   Section        0  stm32f4xx_hal_rcc.o(i.HAL_RCC_GetPCLK1Freq)
    i.HAL_RCC_GetPCLK2Freq                   0x0800212c   Section        0  stm32f4xx_hal_rcc.o(i.HAL_RCC_GetPCLK2Freq)
    i.HAL_RCC_GetSysClockFreq                0x0800214c   Section        0  stm32f4xx_hal_rcc.o(i.HAL_RCC_GetSysClockFreq)
    i.HAL_RCC_OscConfig                      0x080021fc   Section        0  stm32f4xx_hal_rcc.o(i.HAL_RCC_OscConfig)
    i.HAL_SYSTICK_Config                     0x08002684   Section        0  stm32f4xx_hal_cortex.o(i.HAL_SYSTICK_Config)
    i.HAL_TIMEx_BreakCallback                0x080026b8   Section        0  stm32f4xx_hal_tim_ex.o(i.HAL_TIMEx_BreakCallback)
    i.HAL_TIMEx_CommutCallback               0x080026ba   Section        0  stm32f4xx_hal_tim_ex.o(i.HAL_TIMEx_CommutCallback)
    i.HAL_TIMEx_MasterConfigSynchronization  0x080026bc   Section        0  stm32f4xx_hal_tim_ex.o(i.HAL_TIMEx_MasterConfigSynchronization)
    i.HAL_TIM_Base_Init                      0x08002770   Section        0  stm32f4xx_hal_tim.o(i.HAL_TIM_Base_Init)
    i.HAL_TIM_Base_MspInit                   0x080027a4   Section        0  tim.o(i.HAL_TIM_Base_MspInit)
    i.HAL_TIM_Base_Start_IT                  0x080027ec   Section        0  stm32f4xx_hal_tim.o(i.HAL_TIM_Base_Start_IT)
    i.HAL_TIM_ConfigClockSource              0x08002816   Section        0  stm32f4xx_hal_tim.o(i.HAL_TIM_ConfigClockSource)
    i.HAL_TIM_IC_CaptureCallback             0x0800291e   Section        0  stm32f4xx_hal_tim.o(i.HAL_TIM_IC_CaptureCallback)
    i.HAL_TIM_IRQHandler                     0x08002920   Section        0  stm32f4xx_hal_tim.o(i.HAL_TIM_IRQHandler)
    i.HAL_TIM_OC_DelayElapsedCallback        0x08002ab6   Section        0  stm32f4xx_hal_tim.o(i.HAL_TIM_OC_DelayElapsedCallback)
    i.HAL_TIM_PWM_PulseFinishedCallback      0x08002ab8   Section        0  stm32f4xx_hal_tim.o(i.HAL_TIM_PWM_PulseFinishedCallback)
    i.HAL_TIM_PeriodElapsedCallback          0x08002aba   Section        0  stm32f4xx_hal_tim.o(i.HAL_TIM_PeriodElapsedCallback)
    i.HAL_TIM_TriggerCallback                0x08002abc   Section        0  stm32f4xx_hal_tim.o(i.HAL_TIM_TriggerCallback)
    i.HAL_UART_ErrorCallback                 0x08002abe   Section        0  stm32f4xx_hal_uart.o(i.HAL_UART_ErrorCallback)
    i.HAL_UART_IRQHandler                    0x08002ac0   Section        0  stm32f4xx_hal_uart.o(i.HAL_UART_IRQHandler)
    i.HAL_UART_Init                          0x08002c14   Section        0  stm32f4xx_hal_uart.o(i.HAL_UART_Init)
    i.HAL_UART_MspInit                       0x08002c88   Section        0  usart.o(i.HAL_UART_MspInit)
    i.HAL_UART_Receive_DMA                   0x08002e68   Section        0  stm32f4xx_hal_uart.o(i.HAL_UART_Receive_DMA)
    i.HAL_UART_RxCpltCallback                0x08002f2c   Section        0  stm32f4xx_it.o(i.HAL_UART_RxCpltCallback)
    i.HAL_UART_RxHalfCpltCallback            0x08002f50   Section        0  stm32f4xx_hal_uart.o(i.HAL_UART_RxHalfCpltCallback)
    i.HAL_UART_Transmit_DMA                  0x08002f54   Section        0  stm32f4xx_hal_uart.o(i.HAL_UART_Transmit_DMA)
    i.HAL_UART_TxCpltCallback                0x08002ff0   Section        0  stm32f4xx_hal_uart.o(i.HAL_UART_TxCpltCallback)
    i.HAL_UART_TxHalfCpltCallback            0x08002ff2   Section        0  stm32f4xx_hal_uart.o(i.HAL_UART_TxHalfCpltCallback)
    i.HardFault_Handler                      0x08002ff4   Section        0  stm32f4xx_it.o(i.HardFault_Handler)
    i.LED_WARNING                            0x08002ff8   Section        0  robo_base.o(i.LED_WARNING)
    i.MX_CAN1_Init                           0x08003078   Section        0  can.o(i.MX_CAN1_Init)
    i.MX_CAN2_Init                           0x080030c0   Section        0  can.o(i.MX_CAN2_Init)
    i.MX_DMA_Init                            0x08003108   Section        0  dma.o(i.MX_DMA_Init)
    i.MX_GPIO_Init                           0x08003180   Section        0  gpio.o(i.MX_GPIO_Init)
    i.MX_TIM3_Init                           0x08003234   Section        0  tim.o(i.MX_TIM3_Init)
    i.MX_USART1_UART_Init                    0x080032a4   Section        0  usart.o(i.MX_USART1_UART_Init)
    i.MX_USART2_UART_Init                    0x080032e4   Section        0  usart.o(i.MX_USART2_UART_Init)
    i.MemManage_Handler                      0x0800331c   Section        0  stm32f4xx_it.o(i.MemManage_Handler)
    i.MotorGroup_Tar_Analysis                0x08003320   Section        0  move.o(i.MotorGroup_Tar_Analysis)
    i.Motor_Pos_Analysis                     0x08003428   Section        0  robo_base.o(i.Motor_Pos_Analysis)
    i.Move_Analysis                          0x0800347c   Section        0  move.o(i.Move_Analysis)
    i.NMI_Handler                            0x08003664   Section        0  stm32f4xx_it.o(i.NMI_Handler)
    i.ODrive_Init                            0x08003668   Section        0  odrive_can.o(i.ODrive_Init)
    i.ODrive_Recevice                        0x0800367c   Section        0  odrive_can.o(i.ODrive_Recevice)
    i.ODrive_Send                            0x08003734   Section        0  odrive_can.o(i.ODrive_Send)
    i.PID_Init                               0x080037e0   Section        0  motor_system.o(i.PID_Init)
    i.PID_Pos_Cal                            0x0800382c   Section        0  motor_system.o(i.PID_Pos_Cal)
    i.PID_Send                               0x08003b44   Section        0  robo_base.o(i.PID_Send)
    i.PID_Speed_Cal                          0x08003bd8   Section        0  motor_system.o(i.PID_Speed_Cal)
    i.PendSV_Handler                         0x08003d80   Section        0  stm32f4xx_it.o(i.PendSV_Handler)
    i.Pos_Info_Analysis                      0x08003d84   Section        0  motor_system.o(i.Pos_Info_Analysis)
    i.Reboot_ODrive                          0x08003e98   Section        0  odrive_can.o(i.Reboot_ODrive)
    i.SVC_Handler                            0x08003eb4   Section        0  stm32f4xx_it.o(i.SVC_Handler)
    i.Send_To_Motor                          0x08003eb6   Section        0  motor_system.o(i.Send_To_Motor)
    i.Send_To_ODrive                         0x08003eea   Section        0  odrive_can.o(i.Send_To_ODrive)
    i.Set_Axis_Node_ID                       0x08003f24   Section        0  odrive_can.o(i.Set_Axis_Node_ID)
    i.Set_Axis_Requested_State               0x08003f60   Section        0  odrive_can.o(i.Set_Axis_Requested_State)
    i.Set_Controller_Modes                   0x08003f9c   Section        0  odrive_can.o(i.Set_Controller_Modes)
    i.Set_Input_Pos                          0x08003fe4   Section        0  odrive_can.o(i.Set_Input_Pos)
    i.Set_Input_Vel                          0x0800403c   Section        0  odrive_can.o(i.Set_Input_Vel)
    i.SysTick_Handler                        0x080040ac   Section        0  stm32f4xx_it.o(i.SysTick_Handler)
    i.SystemClock_Config                     0x080040b4   Section        0  main.o(i.SystemClock_Config)
    i.SystemInit                             0x08004168   Section        0  system_stm32f4xx.o(i.SystemInit)
    i.SystemState_Set                        0x08004184   Section        0  motor_system.o(i.SystemState_Set)
    i.System_Check                           0x08004188   Section        0  motor_system.o(i.System_Check)
    i.TIM3_IRQHandler                        0x080041b8   Section        0  stm32f4xx_it.o(i.TIM3_IRQHandler)
    i.TIM_Base_SetConfig                     0x08004218   Section        0  stm32f4xx_hal_tim.o(i.TIM_Base_SetConfig)
    i.TIM_ETR_SetConfig                      0x080042f0   Section        0  stm32f4xx_hal_tim.o(i.TIM_ETR_SetConfig)
    i.TIM_ITRx_SetConfig                     0x08004306   Section        0  stm32f4xx_hal_tim.o(i.TIM_ITRx_SetConfig)
    TIM_ITRx_SetConfig                       0x08004307   Thumb Code    18  stm32f4xx_hal_tim.o(i.TIM_ITRx_SetConfig)
    i.TIM_TI1_ConfigInputStage               0x08004318   Section        0  stm32f4xx_hal_tim.o(i.TIM_TI1_ConfigInputStage)
    TIM_TI1_ConfigInputStage                 0x08004319   Thumb Code    38  stm32f4xx_hal_tim.o(i.TIM_TI1_ConfigInputStage)
    i.TIM_TI2_ConfigInputStage               0x0800433e   Section        0  stm32f4xx_hal_tim.o(i.TIM_TI2_ConfigInputStage)
    TIM_TI2_ConfigInputStage                 0x0800433f   Thumb Code    40  stm32f4xx_hal_tim.o(i.TIM_TI2_ConfigInputStage)
    i.UART_DMAAbortOnError                   0x08004366   Section        0  stm32f4xx_hal_uart.o(i.UART_DMAAbortOnError)
    UART_DMAAbortOnError                     0x08004367   Thumb Code    20  stm32f4xx_hal_uart.o(i.UART_DMAAbortOnError)
    i.UART_DMAError                          0x0800437a   Section        0  stm32f4xx_hal_uart.o(i.UART_DMAError)
    UART_DMAError                            0x0800437b   Thumb Code    80  stm32f4xx_hal_uart.o(i.UART_DMAError)
    i.UART_DMAReceiveCplt                    0x080043ca   Section        0  stm32f4xx_hal_uart.o(i.UART_DMAReceiveCplt)
    UART_DMAReceiveCplt                      0x080043cb   Thumb Code    70  stm32f4xx_hal_uart.o(i.UART_DMAReceiveCplt)
    i.UART_DMARxHalfCplt                     0x08004410   Section        0  stm32f4xx_hal_uart.o(i.UART_DMARxHalfCplt)
    UART_DMARxHalfCplt                       0x08004411   Thumb Code    14  stm32f4xx_hal_uart.o(i.UART_DMARxHalfCplt)
    i.UART_DMATransmitCplt                   0x0800441e   Section        0  stm32f4xx_hal_uart.o(i.UART_DMATransmitCplt)
    UART_DMATransmitCplt                     0x0800441f   Thumb Code    54  stm32f4xx_hal_uart.o(i.UART_DMATransmitCplt)
    i.UART_DMATxHalfCplt                     0x08004454   Section        0  stm32f4xx_hal_uart.o(i.UART_DMATxHalfCplt)
    UART_DMATxHalfCplt                       0x08004455   Thumb Code    14  stm32f4xx_hal_uart.o(i.UART_DMATxHalfCplt)
    i.UART_EndRxTransfer                     0x08004462   Section        0  stm32f4xx_hal_uart.o(i.UART_EndRxTransfer)
    UART_EndRxTransfer                       0x08004463   Thumb Code    32  stm32f4xx_hal_uart.o(i.UART_EndRxTransfer)
    i.UART_EndTransmit_IT                    0x08004482   Section        0  stm32f4xx_hal_uart.o(i.UART_EndTransmit_IT)
    UART_EndTransmit_IT                      0x08004483   Thumb Code    32  stm32f4xx_hal_uart.o(i.UART_EndTransmit_IT)
    i.UART_EndTxTransfer                     0x080044a2   Section        0  stm32f4xx_hal_uart.o(i.UART_EndTxTransfer)
    UART_EndTxTransfer                       0x080044a3   Thumb Code    20  stm32f4xx_hal_uart.o(i.UART_EndTxTransfer)
    i.UART_Receive_IT                        0x080044b6   Section        0  stm32f4xx_hal_uart.o(i.UART_Receive_IT)
    UART_Receive_IT                          0x080044b7   Thumb Code   166  stm32f4xx_hal_uart.o(i.UART_Receive_IT)
    i.UART_SetConfig                         0x0800455c   Section        0  stm32f4xx_hal_uart.o(i.UART_SetConfig)
    UART_SetConfig                           0x0800455d   Thumb Code   992  stm32f4xx_hal_uart.o(i.UART_SetConfig)
    i.UART_Transmit_IT                       0x08004944   Section        0  stm32f4xx_hal_uart.o(i.UART_Transmit_IT)
    UART_Transmit_IT                         0x08004945   Thumb Code   104  stm32f4xx_hal_uart.o(i.UART_Transmit_IT)
    i.USART1_IRQHandler                      0x080049ac   Section        0  stm32f4xx_it.o(i.USART1_IRQHandler)
    i.USART2_IRQHandler                      0x080049d0   Section        0  stm32f4xx_it.o(i.USART2_IRQHandler)
    i.Uart_DMA_Process                       0x08004a10   Section        0  uart_communicate.o(i.Uart_DMA_Process)
    i.UsageFault_Handler                     0x08004a98   Section        0  stm32f4xx_it.o(i.UsageFault_Handler)
    i.Usart_All_Init                         0x08004a9c   Section        0  uart_communicate.o(i.Usart_All_Init)
    i.__ARM_fpclassify                       0x08004b24   Section        0  fpclassify.o(i.__ARM_fpclassify)
    i.__NVIC_GetPriorityGrouping             0x08004b54   Section        0  stm32f4xx_hal_cortex.o(i.__NVIC_GetPriorityGrouping)
    __NVIC_GetPriorityGrouping               0x08004b55   Thumb Code    10  stm32f4xx_hal_cortex.o(i.__NVIC_GetPriorityGrouping)
    i.__NVIC_SetPriority                     0x08004b64   Section        0  stm32f4xx_hal_cortex.o(i.__NVIC_SetPriority)
    __NVIC_SetPriority                       0x08004b65   Thumb Code    32  stm32f4xx_hal_cortex.o(i.__NVIC_SetPriority)
    i.__hardfp_acos                          0x08004b90   Section        0  acos.o(i.__hardfp_acos)
    i.__hardfp_atan                          0x08004ee0   Section        0  atan.o(i.__hardfp_atan)
    i.__hardfp_atan2                         0x080051c0   Section        0  atan2.o(i.__hardfp_atan2)
    i.__hardfp_pow                           0x080053b0   Section        0  pow.o(i.__hardfp_pow)
    i.__hardfp_sqrt                          0x08005fe8   Section        0  sqrt.o(i.__hardfp_sqrt)
    i.__kernel_poly                          0x08006062   Section        0  poly.o(i.__kernel_poly)
    i.__mathlib_dbl_underflow                0x08006160   Section        0  dunder.o(i.__mathlib_dbl_underflow)
    i.__scatterload_copy                     0x08006180   Section       14  handlers.o(i.__scatterload_copy)
    i.__scatterload_null                     0x0800618e   Section        2  handlers.o(i.__scatterload_null)
    i.__scatterload_zeroinit                 0x08006190   Section       14  handlers.o(i.__scatterload_zeroinit)
    i.__set_errno                            0x080061a0   Section        0  errno.o(i.__set_errno)
    i.atan                                   0x080061ac   Section        0  atan.o(i.atan)
    i.fabs                                   0x080061bc   Section        0  fabs.o(i.fabs)
    i.main                                   0x080061d4   Section        0  main.o(i.main)
    i.malloc                                 0x08006240   Section        0  malloc.o(i.malloc)
    i.sqrt                                   0x080062ac   Section        0  sqrt.o(i.sqrt)
    i.uart_sendData_DMA                      0x0800631c   Section        0  uart_communicate.o(i.uart_sendData_DMA)
    .constdata                               0x08006350   Section        8  stm32f4xx_hal_dma.o(.constdata)
    flagBitshiftOffset                       0x08006350   Data           8  stm32f4xx_hal_dma.o(.constdata)
    .constdata                               0x08006358   Section       24  system_stm32f4xx.o(.constdata)
    .constdata                               0x08006370   Section       80  acos.o(.constdata)
    pS                                       0x08006370   Data          48  acos.o(.constdata)
    qS                                       0x080063a0   Data          32  acos.o(.constdata)
    .constdata                               0x080063c0   Section      136  pow.o(.constdata)
    bp                                       0x080063c0   Data          16  pow.o(.constdata)
    dp_h                                     0x080063d0   Data          16  pow.o(.constdata)
    dp_l                                     0x080063e0   Data          16  pow.o(.constdata)
    L                                        0x080063f0   Data          48  pow.o(.constdata)
    P                                        0x08006420   Data          40  pow.o(.constdata)
    .constdata                               0x08006448   Section      152  atan.o(.constdata)
    atanhi                                   0x08006448   Data          32  atan.o(.constdata)
    atanlo                                   0x08006468   Data          32  atan.o(.constdata)
    aTodd                                    0x08006488   Data          40  atan.o(.constdata)
    aTeven                                   0x080064b0   Data          48  atan.o(.constdata)
    .constdata                               0x080064e0   Section        8  qnan.o(.constdata)
    .data                                    0x20000000   Section        2  robo_base.o(.data)
    State                                    0x20000000   Data           1  robo_base.o(.data)
    Flag                                     0x20000001   Data           1  robo_base.o(.data)
    .data                                    0x20000004   Section        4  main.o(.data)
    .data                                    0x20000008   Section        4  can.o(.data)
    HAL_RCC_CAN1_CLK_ENABLED                 0x20000008   Data           4  can.o(.data)
    .data                                    0x2000000c   Section        2  stm32f4xx_it.o(.data)
    .data                                    0x20000010   Section       20  odrive_can.o(.data)
    .data                                    0x20000024   Section        9  stm32f4xx_hal.o(.data)
    .data                                    0x20000030   Section        4  system_stm32f4xx.o(.data)
    .data                                    0x20000034   Section        4  mvars.o(.data)
    .data                                    0x20000038   Section        4  mvars.o(.data)
    .data                                    0x2000003c   Section        4  errno.o(.data)
    _errno                                   0x2000003c   Data           4  errno.o(.data)
    .bss                                     0x20000040   Section      876  robo_base.o(.bss)
    .bss                                     0x200003ac   Section       80  can.o(.bss)
    .bss                                     0x200003fc   Section       64  tim.o(.bss)
    .bss                                     0x2000043c   Section      436  usart.o(.bss)
    .bss                                     0x200005f0   Section       56  stm32f4xx_it.o(.bss)
    .bss                                     0x20000628   Section       76  uart_communicate.o(.bss)
    .bss                                     0x20000674   Section      288  odrive_can.o(.bss)
    HEAP                                     0x20000798   Section      512  startup_stm32f405xx.o(HEAP)
    STACK                                    0x20000998   Section     1024  startup_stm32f405xx.o(STACK)

    Global Symbols

    Symbol Name                              Value     Ov Type        Size  Object(Section)

    BuildAttributes$$THM_ISAv4$E$P$D$K$B$S$7EM$VFPi3$EXTD16$VFPS$VFMA$PE$A:L22UL41UL21$X:L11$S22US41US21$IEEE1$IW$USESV6$~STKCKD$USESV7$~SHL$OTIME$ROPI$IEEEX$EBA8$MICROLIB$REQ8$PRES8$EABIv2 0x00000000   Number         0  anon$$obj.o ABSOLUTE
    __ARM_use_no_argv                        0x00000000   Number         0  main.o ABSOLUTE
    __cpp_initialize__aeabi_                  - Undefined Weak Reference
    __cxa_finalize                            - Undefined Weak Reference
    __decompress                              - Undefined Weak Reference
    _clock_init                               - Undefined Weak Reference
    _microlib_exit                            - Undefined Weak Reference
    __Vectors_Size                           0x00000188   Number         0  startup_stm32f405xx.o ABSOLUTE
    __Vectors                                0x08000000   Data           4  startup_stm32f405xx.o(RESET)
    __Vectors_End                            0x08000188   Data           0  startup_stm32f405xx.o(RESET)
    __main                                   0x08000189   Thumb Code     0  entry.o(.ARM.Collect$$$$00000000)
    _main_stk                                0x08000189   Thumb Code     0  entry2.o(.ARM.Collect$$$$00000001)
    _main_scatterload                        0x0800018d   Thumb Code     0  entry5.o(.ARM.Collect$$$$00000004)
    __main_after_scatterload                 0x08000191   Thumb Code     0  entry5.o(.ARM.Collect$$$$00000004)
    _main_clock                              0x08000191   Thumb Code     0  entry7b.o(.ARM.Collect$$$$00000008)
    _main_cpp_init                           0x08000191   Thumb Code     0  entry8b.o(.ARM.Collect$$$$0000000A)
    _main_init                               0x08000191   Thumb Code     0  entry9a.o(.ARM.Collect$$$$0000000B)
    __rt_final_cpp                           0x08000199   Thumb Code     0  entry10a.o(.ARM.Collect$$$$0000000D)
    __rt_final_exit                          0x08000199   Thumb Code     0  entry11a.o(.ARM.Collect$$$$0000000F)
    Reset_Handler                            0x0800019d   Thumb Code     8  startup_stm32f405xx.o(.text)
    ADC_IRQHandler                           0x080001b7   Thumb Code     0  startup_stm32f405xx.o(.text)
    CAN1_RX1_IRQHandler                      0x080001b7   Thumb Code     0  startup_stm32f405xx.o(.text)
    CAN1_SCE_IRQHandler                      0x080001b7   Thumb Code     0  startup_stm32f405xx.o(.text)
    CAN1_TX_IRQHandler                       0x080001b7   Thumb Code     0  startup_stm32f405xx.o(.text)
    CAN2_RX1_IRQHandler                      0x080001b7   Thumb Code     0  startup_stm32f405xx.o(.text)
    CAN2_SCE_IRQHandler                      0x080001b7   Thumb Code     0  startup_stm32f405xx.o(.text)
    CAN2_TX_IRQHandler                       0x080001b7   Thumb Code     0  startup_stm32f405xx.o(.text)
    DMA1_Stream0_IRQHandler                  0x080001b7   Thumb Code     0  startup_stm32f405xx.o(.text)
    DMA1_Stream1_IRQHandler                  0x080001b7   Thumb Code     0  startup_stm32f405xx.o(.text)
    DMA1_Stream2_IRQHandler                  0x080001b7   Thumb Code     0  startup_stm32f405xx.o(.text)
    DMA1_Stream3_IRQHandler                  0x080001b7   Thumb Code     0  startup_stm32f405xx.o(.text)
    DMA1_Stream4_IRQHandler                  0x080001b7   Thumb Code     0  startup_stm32f405xx.o(.text)
    DMA1_Stream7_IRQHandler                  0x080001b7   Thumb Code     0  startup_stm32f405xx.o(.text)
    DMA2_Stream0_IRQHandler                  0x080001b7   Thumb Code     0  startup_stm32f405xx.o(.text)
    DMA2_Stream1_IRQHandler                  0x080001b7   Thumb Code     0  startup_stm32f405xx.o(.text)
    DMA2_Stream3_IRQHandler                  0x080001b7   Thumb Code     0  startup_stm32f405xx.o(.text)
    DMA2_Stream4_IRQHandler                  0x080001b7   Thumb Code     0  startup_stm32f405xx.o(.text)
    DMA2_Stream5_IRQHandler                  0x080001b7   Thumb Code     0  startup_stm32f405xx.o(.text)
    DMA2_Stream6_IRQHandler                  0x080001b7   Thumb Code     0  startup_stm32f405xx.o(.text)
    DMA2_Stream7_IRQHandler                  0x080001b7   Thumb Code     0  startup_stm32f405xx.o(.text)
    EXTI0_IRQHandler                         0x080001b7   Thumb Code     0  startup_stm32f405xx.o(.text)
    EXTI15_10_IRQHandler                     0x080001b7   Thumb Code     0  startup_stm32f405xx.o(.text)
    EXTI1_IRQHandler                         0x080001b7   Thumb Code     0  startup_stm32f405xx.o(.text)
    EXTI2_IRQHandler                         0x080001b7   Thumb Code     0  startup_stm32f405xx.o(.text)
    EXTI3_IRQHandler                         0x080001b7   Thumb Code     0  startup_stm32f405xx.o(.text)
    EXTI4_IRQHandler                         0x080001b7   Thumb Code     0  startup_stm32f405xx.o(.text)
    EXTI9_5_IRQHandler                       0x080001b7   Thumb Code     0  startup_stm32f405xx.o(.text)
    FLASH_IRQHandler                         0x080001b7   Thumb Code     0  startup_stm32f405xx.o(.text)
    FMC_IRQHandler                           0x080001b7   Thumb Code     0  startup_stm32f405xx.o(.text)
    FPU_IRQHandler                           0x080001b7   Thumb Code     0  startup_stm32f405xx.o(.text)
    HASH_RNG_IRQHandler                      0x080001b7   Thumb Code     0  startup_stm32f405xx.o(.text)
    I2C1_ER_IRQHandler                       0x080001b7   Thumb Code     0  startup_stm32f405xx.o(.text)
    I2C1_EV_IRQHandler                       0x080001b7   Thumb Code     0  startup_stm32f405xx.o(.text)
    I2C2_ER_IRQHandler                       0x080001b7   Thumb Code     0  startup_stm32f405xx.o(.text)
    I2C2_EV_IRQHandler                       0x080001b7   Thumb Code     0  startup_stm32f405xx.o(.text)
    I2C3_ER_IRQHandler                       0x080001b7   Thumb Code     0  startup_stm32f405xx.o(.text)
    I2C3_EV_IRQHandler                       0x080001b7   Thumb Code     0  startup_stm32f405xx.o(.text)
    OTG_FS_IRQHandler                        0x080001b7   Thumb Code     0  startup_stm32f405xx.o(.text)
    OTG_FS_WKUP_IRQHandler                   0x080001b7   Thumb Code     0  startup_stm32f405xx.o(.text)
    OTG_HS_EP1_IN_IRQHandler                 0x080001b7   Thumb Code     0  startup_stm32f405xx.o(.text)
    OTG_HS_EP1_OUT_IRQHandler                0x080001b7   Thumb Code     0  startup_stm32f405xx.o(.text)
    OTG_HS_IRQHandler                        0x080001b7   Thumb Code     0  startup_stm32f405xx.o(.text)
    OTG_HS_WKUP_IRQHandler                   0x080001b7   Thumb Code     0  startup_stm32f405xx.o(.text)
    PVD_IRQHandler                           0x080001b7   Thumb Code     0  startup_stm32f405xx.o(.text)
    RCC_IRQHandler                           0x080001b7   Thumb Code     0  startup_stm32f405xx.o(.text)
    RTC_Alarm_IRQHandler                     0x080001b7   Thumb Code     0  startup_stm32f405xx.o(.text)
    RTC_WKUP_IRQHandler                      0x080001b7   Thumb Code     0  startup_stm32f405xx.o(.text)
    SDIO_IRQHandler                          0x080001b7   Thumb Code     0  startup_stm32f405xx.o(.text)
    SPI1_IRQHandler                          0x080001b7   Thumb Code     0  startup_stm32f405xx.o(.text)
    SPI2_IRQHandler                          0x080001b7   Thumb Code     0  startup_stm32f405xx.o(.text)
    SPI3_IRQHandler                          0x080001b7   Thumb Code     0  startup_stm32f405xx.o(.text)
    TAMP_STAMP_IRQHandler                    0x080001b7   Thumb Code     0  startup_stm32f405xx.o(.text)
    TIM1_BRK_TIM9_IRQHandler                 0x080001b7   Thumb Code     0  startup_stm32f405xx.o(.text)
    TIM1_CC_IRQHandler                       0x080001b7   Thumb Code     0  startup_stm32f405xx.o(.text)
    TIM1_TRG_COM_TIM11_IRQHandler            0x080001b7   Thumb Code     0  startup_stm32f405xx.o(.text)
    TIM1_UP_TIM10_IRQHandler                 0x080001b7   Thumb Code     0  startup_stm32f405xx.o(.text)
    TIM2_IRQHandler                          0x080001b7   Thumb Code     0  startup_stm32f405xx.o(.text)
    TIM4_IRQHandler                          0x080001b7   Thumb Code     0  startup_stm32f405xx.o(.text)
    TIM5_IRQHandler                          0x080001b7   Thumb Code     0  startup_stm32f405xx.o(.text)
    TIM6_DAC_IRQHandler                      0x080001b7   Thumb Code     0  startup_stm32f405xx.o(.text)
    TIM7_IRQHandler                          0x080001b7   Thumb Code     0  startup_stm32f405xx.o(.text)
    TIM8_BRK_TIM12_IRQHandler                0x080001b7   Thumb Code     0  startup_stm32f405xx.o(.text)
    TIM8_CC_IRQHandler                       0x080001b7   Thumb Code     0  startup_stm32f405xx.o(.text)
    TIM8_TRG_COM_TIM14_IRQHandler            0x080001b7   Thumb Code     0  startup_stm32f405xx.o(.text)
    TIM8_UP_TIM13_IRQHandler                 0x080001b7   Thumb Code     0  startup_stm32f405xx.o(.text)
    UART4_IRQHandler                         0x080001b7   Thumb Code     0  startup_stm32f405xx.o(.text)
    UART5_IRQHandler                         0x080001b7   Thumb Code     0  startup_stm32f405xx.o(.text)
    USART3_IRQHandler                        0x080001b7   Thumb Code     0  startup_stm32f405xx.o(.text)
    USART6_IRQHandler                        0x080001b7   Thumb Code     0  startup_stm32f405xx.o(.text)
    WWDG_IRQHandler                          0x080001b7   Thumb Code     0  startup_stm32f405xx.o(.text)
    __aeabi_uldivmod                         0x080001c1   Thumb Code    98  uldiv.o(.text)
    __aeabi_memcpy                           0x08000223   Thumb Code    36  memcpya.o(.text)
    __aeabi_memcpy4                          0x08000223   Thumb Code     0  memcpya.o(.text)
    __aeabi_memcpy8                          0x08000223   Thumb Code     0  memcpya.o(.text)
    __aeabi_memset                           0x08000247   Thumb Code    14  memseta.o(.text)
    __aeabi_memset4                          0x08000247   Thumb Code     0  memseta.o(.text)
    __aeabi_memset8                          0x08000247   Thumb Code     0  memseta.o(.text)
    __aeabi_memclr                           0x08000255   Thumb Code     4  memseta.o(.text)
    __aeabi_memclr4                          0x08000255   Thumb Code     0  memseta.o(.text)
    __aeabi_memclr8                          0x08000255   Thumb Code     0  memseta.o(.text)
    _memset$wrapper                          0x08000259   Thumb Code    18  memseta.o(.text)
    __aeabi_dadd                             0x0800026b   Thumb Code   322  dadd.o(.text)
    __aeabi_dsub                             0x080003ad   Thumb Code     6  dadd.o(.text)
    __aeabi_drsub                            0x080003b3   Thumb Code     6  dadd.o(.text)
    __aeabi_dmul                             0x080003b9   Thumb Code   228  dmul.o(.text)
    __aeabi_ddiv                             0x0800049d   Thumb Code   222  ddiv.o(.text)
    __aeabi_i2d                              0x0800057b   Thumb Code    34  dflti.o(.text)
    __aeabi_d2f                              0x0800059d   Thumb Code    56  d2f.o(.text)
    __aeabi_llsl                             0x080005d5   Thumb Code    30  llshl.o(.text)
    _ll_shift_l                              0x080005d5   Thumb Code     0  llshl.o(.text)
    __aeabi_llsr                             0x080005f3   Thumb Code    32  llushr.o(.text)
    _ll_ushift_r                             0x080005f3   Thumb Code     0  llushr.o(.text)
    __aeabi_lasr                             0x08000613   Thumb Code    36  llsshr.o(.text)
    _ll_sshift_r                             0x08000613   Thumb Code     0  llsshr.o(.text)
    __I$use$fp                               0x08000637   Thumb Code     0  iusefp.o(.text)
    _float_round                             0x08000637   Thumb Code    18  fepilogue.o(.text)
    _float_epilogue                          0x08000649   Thumb Code    92  fepilogue.o(.text)
    _double_round                            0x080006a5   Thumb Code    26  depilogue.o(.text)
    _double_epilogue                         0x080006bf   Thumb Code   156  depilogue.o(.text)
    __ARM_scalbn                             0x0800075b   Thumb Code    46  dscalb.o(.text)
    scalbn                                   0x0800075b   Thumb Code     0  dscalb.o(.text)
    _dsqrt                                   0x08000789   Thumb Code   162  dsqrt.o(.text)
    __aeabi_cdrcmple                         0x0800082d   Thumb Code    38  cdrcmple.o(.text)
    __scatterload                            0x08000855   Thumb Code    28  init.o(.text)
    __scatterload_rt2                        0x08000855   Thumb Code     0  init.o(.text)
    BASE_Init                                0x08000879   Thumb Code   656  robo_base.o(i.BASE_Init)
    Base_WatchDog                            0x08000b19   Thumb Code   202  robo_base.o(i.Base_WatchDog)
    BusFault_Handler                         0x08000be3   Thumb Code     4  stm32f4xx_it.o(i.BusFault_Handler)
    CAN1_RX0_IRQHandler                      0x08000be9   Thumb Code    40  stm32f4xx_it.o(i.CAN1_RX0_IRQHandler)
    CAN2_RX0_IRQHandler                      0x08000c19   Thumb Code    36  stm32f4xx_it.o(i.CAN2_RX0_IRQHandler)
    CAN_Start_IT                             0x08000c49   Thumb Code    76  can.o(i.CAN_Start_IT)
    Counting_Time                            0x08000c99   Thumb Code    28  robo_base.o(i.Counting_Time)
    DMA1_Stream5_IRQHandler                  0x08000cb9   Thumb Code    10  stm32f4xx_it.o(i.DMA1_Stream5_IRQHandler)
    DMA1_Stream6_IRQHandler                  0x08000cc9   Thumb Code    10  stm32f4xx_it.o(i.DMA1_Stream6_IRQHandler)
    DMA2_Stream2_IRQHandler                  0x08000cd9   Thumb Code    10  stm32f4xx_it.o(i.DMA2_Stream2_IRQHandler)
    DebugMon_Handler                         0x08000df3   Thumb Code     2  stm32f4xx_it.o(i.DebugMon_Handler)
    Error_Handler                            0x08000df5   Thumb Code     2  main.o(i.Error_Handler)
    Feed_WatchDog                            0x08000df7   Thumb Code     6  motor_system.o(i.Feed_WatchDog)
    HAL_CAN_ActivateNotification             0x08000dfd   Thumb Code    42  stm32f4xx_hal_can.o(i.HAL_CAN_ActivateNotification)
    HAL_CAN_AddTxMessage                     0x08000e27   Thumb Code   342  stm32f4xx_hal_can.o(i.HAL_CAN_AddTxMessage)
    HAL_CAN_ConfigFilter                     0x08000f7d   Thumb Code   286  stm32f4xx_hal_can.o(i.HAL_CAN_ConfigFilter)
    HAL_CAN_ErrorCallback                    0x080010a1   Thumb Code     2  stm32f4xx_hal_can.o(i.HAL_CAN_ErrorCallback)
    HAL_CAN_GetRxMessage                     0x080010a3   Thumb Code   378  stm32f4xx_hal_can.o(i.HAL_CAN_GetRxMessage)
    HAL_CAN_IRQHandler                       0x0800121d   Thumb Code   590  stm32f4xx_hal_can.o(i.HAL_CAN_IRQHandler)
    HAL_CAN_Init                             0x0800146b   Thumb Code   372  stm32f4xx_hal_can.o(i.HAL_CAN_Init)
    HAL_CAN_MspInit                          0x080015e1   Thumb Code   330  can.o(i.HAL_CAN_MspInit)
    HAL_CAN_RxFifo0FullCallback              0x08001745   Thumb Code     2  stm32f4xx_hal_can.o(i.HAL_CAN_RxFifo0FullCallback)
    HAL_CAN_RxFifo0MsgPendingCallback        0x08001747   Thumb Code     2  stm32f4xx_hal_can.o(i.HAL_CAN_RxFifo0MsgPendingCallback)
    HAL_CAN_RxFifo1FullCallback              0x08001749   Thumb Code     2  stm32f4xx_hal_can.o(i.HAL_CAN_RxFifo1FullCallback)
    HAL_CAN_RxFifo1MsgPendingCallback        0x0800174b   Thumb Code     2  stm32f4xx_hal_can.o(i.HAL_CAN_RxFifo1MsgPendingCallback)
    HAL_CAN_SleepCallback                    0x0800174d   Thumb Code     2  stm32f4xx_hal_can.o(i.HAL_CAN_SleepCallback)
    HAL_CAN_Start                            0x0800174f   Thumb Code    94  stm32f4xx_hal_can.o(i.HAL_CAN_Start)
    HAL_CAN_TxMailbox0AbortCallback          0x080017ad   Thumb Code     2  stm32f4xx_hal_can.o(i.HAL_CAN_TxMailbox0AbortCallback)
    HAL_CAN_TxMailbox0CompleteCallback       0x080017af   Thumb Code     2  stm32f4xx_hal_can.o(i.HAL_CAN_TxMailbox0CompleteCallback)
    HAL_CAN_TxMailbox1AbortCallback          0x080017b1   Thumb Code     2  stm32f4xx_hal_can.o(i.HAL_CAN_TxMailbox1AbortCallback)
    HAL_CAN_TxMailbox1CompleteCallback       0x080017b3   Thumb Code     2  stm32f4xx_hal_can.o(i.HAL_CAN_TxMailbox1CompleteCallback)
    HAL_CAN_TxMailbox2AbortCallback          0x080017b5   Thumb Code     2  stm32f4xx_hal_can.o(i.HAL_CAN_TxMailbox2AbortCallback)
    HAL_CAN_TxMailbox2CompleteCallback       0x080017b7   Thumb Code     2  stm32f4xx_hal_can.o(i.HAL_CAN_TxMailbox2CompleteCallback)
    HAL_CAN_WakeUpFromRxMsgCallback          0x080017b9   Thumb Code     2  stm32f4xx_hal_can.o(i.HAL_CAN_WakeUpFromRxMsgCallback)
    HAL_DMA_Abort_IT                         0x080017bb   Thumb Code    40  stm32f4xx_hal_dma.o(i.HAL_DMA_Abort_IT)
    HAL_DMA_IRQHandler                       0x080017e5   Thumb Code   570  stm32f4xx_hal_dma.o(i.HAL_DMA_IRQHandler)
    HAL_DMA_Init                             0x08001a25   Thumb Code   232  stm32f4xx_hal_dma.o(i.HAL_DMA_Init)
    HAL_DMA_Start_IT                         0x08001b11   Thumb Code   146  stm32f4xx_hal_dma.o(i.HAL_DMA_Start_IT)
    HAL_GPIO_Init                            0x08001ba5   Thumb Code   466  stm32f4xx_hal_gpio.o(i.HAL_GPIO_Init)
    HAL_GPIO_TogglePin                       0x08001da5   Thumb Code    18  stm32f4xx_hal_gpio.o(i.HAL_GPIO_TogglePin)
    HAL_GPIO_WritePin                        0x08001db7   Thumb Code    12  stm32f4xx_hal_gpio.o(i.HAL_GPIO_WritePin)
    HAL_GetTick                              0x08001dc5   Thumb Code     6  stm32f4xx_hal.o(i.HAL_GetTick)
    HAL_IncTick                              0x08001dd1   Thumb Code    16  stm32f4xx_hal.o(i.HAL_IncTick)
    HAL_Init                                 0x08001de9   Thumb Code    54  stm32f4xx_hal.o(i.HAL_Init)
    HAL_InitTick                             0x08001e25   Thumb Code    64  stm32f4xx_hal.o(i.HAL_InitTick)
    HAL_MspInit                              0x08001e71   Thumb Code    68  stm32f4xx_hal_msp.o(i.HAL_MspInit)
    HAL_NVIC_EnableIRQ                       0x08001eb9   Thumb Code    32  stm32f4xx_hal_cortex.o(i.HAL_NVIC_EnableIRQ)
    HAL_NVIC_SetPriority                     0x08001ed9   Thumb Code   124  stm32f4xx_hal_cortex.o(i.HAL_NVIC_SetPriority)
    HAL_NVIC_SetPriorityGrouping             0x08001f55   Thumb Code    32  stm32f4xx_hal_cortex.o(i.HAL_NVIC_SetPriorityGrouping)
    HAL_RCC_ClockConfig                      0x08001f7d   Thumb Code   368  stm32f4xx_hal_rcc.o(i.HAL_RCC_ClockConfig)
    HAL_RCC_GetHCLKFreq                      0x08002101   Thumb Code     6  stm32f4xx_hal_rcc.o(i.HAL_RCC_GetHCLKFreq)
    HAL_RCC_GetPCLK1Freq                     0x0800210d   Thumb Code    22  stm32f4xx_hal_rcc.o(i.HAL_RCC_GetPCLK1Freq)
    HAL_RCC_GetPCLK2Freq                     0x0800212d   Thumb Code    22  stm32f4xx_hal_rcc.o(i.HAL_RCC_GetPCLK2Freq)
    HAL_RCC_GetSysClockFreq                  0x0800214d   Thumb Code   162  stm32f4xx_hal_rcc.o(i.HAL_RCC_GetSysClockFreq)
    HAL_RCC_OscConfig                        0x080021fd   Thumb Code  1152  stm32f4xx_hal_rcc.o(i.HAL_RCC_OscConfig)
    HAL_SYSTICK_Config                       0x08002685   Thumb Code    52  stm32f4xx_hal_cortex.o(i.HAL_SYSTICK_Config)
    HAL_TIMEx_BreakCallback                  0x080026b9   Thumb Code     2  stm32f4xx_hal_tim_ex.o(i.HAL_TIMEx_BreakCallback)
    HAL_TIMEx_CommutCallback                 0x080026bb   Thumb Code     2  stm32f4xx_hal_tim_ex.o(i.HAL_TIMEx_CommutCallback)
    HAL_TIMEx_MasterConfigSynchronization    0x080026bd   Thumb Code   150  stm32f4xx_hal_tim_ex.o(i.HAL_TIMEx_MasterConfigSynchronization)
    HAL_TIM_Base_Init                        0x08002771   Thumb Code    52  stm32f4xx_hal_tim.o(i.HAL_TIM_Base_Init)
    HAL_TIM_Base_MspInit                     0x080027a5   Thumb Code    62  tim.o(i.HAL_TIM_Base_MspInit)
    HAL_TIM_Base_Start_IT                    0x080027ed   Thumb Code    42  stm32f4xx_hal_tim.o(i.HAL_TIM_Base_Start_IT)
    HAL_TIM_ConfigClockSource                0x08002817   Thumb Code   264  stm32f4xx_hal_tim.o(i.HAL_TIM_ConfigClockSource)
    HAL_TIM_IC_CaptureCallback               0x0800291f   Thumb Code     2  stm32f4xx_hal_tim.o(i.HAL_TIM_IC_CaptureCallback)
    HAL_TIM_IRQHandler                       0x08002921   Thumb Code   406  stm32f4xx_hal_tim.o(i.HAL_TIM_IRQHandler)
    HAL_TIM_OC_DelayElapsedCallback          0x08002ab7   Thumb Code     2  stm32f4xx_hal_tim.o(i.HAL_TIM_OC_DelayElapsedCallback)
    HAL_TIM_PWM_PulseFinishedCallback        0x08002ab9   Thumb Code     2  stm32f4xx_hal_tim.o(i.HAL_TIM_PWM_PulseFinishedCallback)
    HAL_TIM_PeriodElapsedCallback            0x08002abb   Thumb Code     2  stm32f4xx_hal_tim.o(i.HAL_TIM_PeriodElapsedCallback)
    HAL_TIM_TriggerCallback                  0x08002abd   Thumb Code     2  stm32f4xx_hal_tim.o(i.HAL_TIM_TriggerCallback)
    HAL_UART_ErrorCallback                   0x08002abf   Thumb Code     2  stm32f4xx_hal_uart.o(i.HAL_UART_ErrorCallback)
    HAL_UART_IRQHandler                      0x08002ac1   Thumb Code   336  stm32f4xx_hal_uart.o(i.HAL_UART_IRQHandler)
    HAL_UART_Init                            0x08002c15   Thumb Code   114  stm32f4xx_hal_uart.o(i.HAL_UART_Init)
    HAL_UART_MspInit                         0x08002c89   Thumb Code   444  usart.o(i.HAL_UART_MspInit)
    HAL_UART_Receive_DMA                     0x08002e69   Thumb Code   182  stm32f4xx_hal_uart.o(i.HAL_UART_Receive_DMA)
    HAL_UART_RxCpltCallback                  0x08002f2d   Thumb Code    24  stm32f4xx_it.o(i.HAL_UART_RxCpltCallback)
    HAL_UART_RxHalfCpltCallback              0x08002f51   Thumb Code     2  stm32f4xx_hal_uart.o(i.HAL_UART_RxHalfCpltCallback)
    HAL_UART_Transmit_DMA                    0x08002f55   Thumb Code   142  stm32f4xx_hal_uart.o(i.HAL_UART_Transmit_DMA)
    HAL_UART_TxCpltCallback                  0x08002ff1   Thumb Code     2  stm32f4xx_hal_uart.o(i.HAL_UART_TxCpltCallback)
    HAL_UART_TxHalfCpltCallback              0x08002ff3   Thumb Code     2  stm32f4xx_hal_uart.o(i.HAL_UART_TxHalfCpltCallback)
    HardFault_Handler                        0x08002ff5   Thumb Code     4  stm32f4xx_it.o(i.HardFault_Handler)
    LED_WARNING                              0x08002ff9   Thumb Code   116  robo_base.o(i.LED_WARNING)
    MX_CAN1_Init                             0x08003079   Thumb Code    62  can.o(i.MX_CAN1_Init)
    MX_CAN2_Init                             0x080030c1   Thumb Code    62  can.o(i.MX_CAN2_Init)
    MX_DMA_Init                              0x08003109   Thumb Code   114  dma.o(i.MX_DMA_Init)
    MX_GPIO_Init                             0x08003181   Thumb Code   170  gpio.o(i.MX_GPIO_Init)
    MX_TIM3_Init                             0x08003235   Thumb Code   102  tim.o(i.MX_TIM3_Init)
    MX_USART1_UART_Init                      0x080032a5   Thumb Code    52  usart.o(i.MX_USART1_UART_Init)
    MX_USART2_UART_Init                      0x080032e5   Thumb Code    46  usart.o(i.MX_USART2_UART_Init)
    MemManage_Handler                        0x0800331d   Thumb Code     4  stm32f4xx_it.o(i.MemManage_Handler)
    MotorGroup_Tar_Analysis                  0x08003321   Thumb Code   234  move.o(i.MotorGroup_Tar_Analysis)
    Motor_Pos_Analysis                       0x08003429   Thumb Code    84  robo_base.o(i.Motor_Pos_Analysis)
    Move_Analysis                            0x0800347d   Thumb Code   446  move.o(i.Move_Analysis)
    NMI_Handler                              0x08003665   Thumb Code     2  stm32f4xx_it.o(i.NMI_Handler)
    ODrive_Init                              0x08003669   Thumb Code    16  odrive_can.o(i.ODrive_Init)
    ODrive_Recevice                          0x0800367d   Thumb Code   180  odrive_can.o(i.ODrive_Recevice)
    ODrive_Send                              0x08003735   Thumb Code   154  odrive_can.o(i.ODrive_Send)
    PID_Init                                 0x080037e1   Thumb Code    70  motor_system.o(i.PID_Init)
    PID_Pos_Cal                              0x0800382d   Thumb Code   788  motor_system.o(i.PID_Pos_Cal)
    PID_Send                                 0x08003b45   Thumb Code   140  robo_base.o(i.PID_Send)
    PID_Speed_Cal                            0x08003bd9   Thumb Code   418  motor_system.o(i.PID_Speed_Cal)
    PendSV_Handler                           0x08003d81   Thumb Code     2  stm32f4xx_it.o(i.PendSV_Handler)
    Pos_Info_Analysis                        0x08003d85   Thumb Code   258  motor_system.o(i.Pos_Info_Analysis)
    Reboot_ODrive                            0x08003e99   Thumb Code    22  odrive_can.o(i.Reboot_ODrive)
    SVC_Handler                              0x08003eb5   Thumb Code     2  stm32f4xx_it.o(i.SVC_Handler)
    Send_To_Motor                            0x08003eb7   Thumb Code    52  motor_system.o(i.Send_To_Motor)
    Send_To_ODrive                           0x08003eeb   Thumb Code    58  odrive_can.o(i.Send_To_ODrive)
    Set_Axis_Node_ID                         0x08003f25   Thumb Code    56  odrive_can.o(i.Set_Axis_Node_ID)
    Set_Axis_Requested_State                 0x08003f61   Thumb Code    54  odrive_can.o(i.Set_Axis_Requested_State)
    Set_Controller_Modes                     0x08003f9d   Thumb Code    66  odrive_can.o(i.Set_Controller_Modes)
    Set_Input_Pos                            0x08003fe5   Thumb Code    84  odrive_can.o(i.Set_Input_Pos)
    Set_Input_Vel                            0x0800403d   Thumb Code   106  odrive_can.o(i.Set_Input_Vel)
    SysTick_Handler                          0x080040ad   Thumb Code     8  stm32f4xx_it.o(i.SysTick_Handler)
    SystemClock_Config                       0x080040b5   Thumb Code   170  main.o(i.SystemClock_Config)
    SystemInit                               0x08004169   Thumb Code    24  system_stm32f4xx.o(i.SystemInit)
    SystemState_Set                          0x08004185   Thumb Code     4  motor_system.o(i.SystemState_Set)
    System_Check                             0x08004189   Thumb Code    46  motor_system.o(i.System_Check)
    TIM3_IRQHandler                          0x080041b9   Thumb Code    68  stm32f4xx_it.o(i.TIM3_IRQHandler)
    TIM_Base_SetConfig                       0x08004219   Thumb Code   170  stm32f4xx_hal_tim.o(i.TIM_Base_SetConfig)
    TIM_ETR_SetConfig                        0x080042f1   Thumb Code    22  stm32f4xx_hal_tim.o(i.TIM_ETR_SetConfig)
    USART1_IRQHandler                        0x080049ad   Thumb Code    22  stm32f4xx_it.o(i.USART1_IRQHandler)
    USART2_IRQHandler                        0x080049d1   Thumb Code    56  stm32f4xx_it.o(i.USART2_IRQHandler)
    Uart_DMA_Process                         0x08004a11   Thumb Code   136  uart_communicate.o(i.Uart_DMA_Process)
    UsageFault_Handler                       0x08004a99   Thumb Code     4  stm32f4xx_it.o(i.UsageFault_Handler)
    Usart_All_Init                           0x08004a9d   Thumb Code   120  uart_communicate.o(i.Usart_All_Init)
    __ARM_fpclassify                         0x08004b25   Thumb Code    48  fpclassify.o(i.__ARM_fpclassify)
    __hardfp_acos                            0x08004b91   Thumb Code   738  acos.o(i.__hardfp_acos)
    __hardfp_atan                            0x08004ee1   Thumb Code   632  atan.o(i.__hardfp_atan)
    __hardfp_atan2                           0x080051c1   Thumb Code   426  atan2.o(i.__hardfp_atan2)
    __hardfp_pow                             0x080053b1   Thumb Code  3048  pow.o(i.__hardfp_pow)
    __hardfp_sqrt                            0x08005fe9   Thumb Code   122  sqrt.o(i.__hardfp_sqrt)
    __kernel_poly                            0x08006063   Thumb Code   248  poly.o(i.__kernel_poly)
    __mathlib_dbl_underflow                  0x08006161   Thumb Code    24  dunder.o(i.__mathlib_dbl_underflow)
    __scatterload_copy                       0x08006181   Thumb Code    14  handlers.o(i.__scatterload_copy)
    __scatterload_null                       0x0800618f   Thumb Code     2  handlers.o(i.__scatterload_null)
    __scatterload_zeroinit                   0x08006191   Thumb Code    14  handlers.o(i.__scatterload_zeroinit)
    __set_errno                              0x080061a1   Thumb Code     6  errno.o(i.__set_errno)
    atan                                     0x080061ad   Thumb Code    16  atan.o(i.atan)
    fabs                                     0x080061bd   Thumb Code    24  fabs.o(i.fabs)
    main                                     0x080061d5   Thumb Code    82  main.o(i.main)
    malloc                                   0x08006241   Thumb Code    92  malloc.o(i.malloc)
    sqrt                                     0x080062ad   Thumb Code   110  sqrt.o(i.sqrt)
    uart_sendData_DMA                        0x0800631d   Thumb Code    38  uart_communicate.o(i.uart_sendData_DMA)
    AHBPrescTable                            0x08006358   Data          16  system_stm32f4xx.o(.constdata)
    APBPrescTable                            0x08006368   Data           8  system_stm32f4xx.o(.constdata)
    __mathlib_zero                           0x080064e0   Data           8  qnan.o(.constdata)
    Region$$Table$$Base                      0x080064e8   Number         0  anon$$obj.o(Region$$Table)
    Region$$Table$$Limit                     0x08006508   Number         0  anon$$obj.o(Region$$Table)
    SYSCLOCK                                 0x20000004   Data           4  main.o(.data)
    CMD                                      0x2000000c   Data           2  stm32f4xx_it.o(.data)
    ID                                       0x20000010   Data           2  odrive_can.o(.data)
    State                                    0x20000014   Data           4  odrive_can.o(.data)
    Mode                                     0x20000018   Data           4  odrive_can.o(.data)
    Data123                                  0x2000001c   Data           8  odrive_can.o(.data)
    uwTick                                   0x20000024   Data           4  stm32f4xx_hal.o(.data)
    uwTickPrio                               0x20000028   Data           4  stm32f4xx_hal.o(.data)
    uwTickFreq                               0x2000002c   Data           1  stm32f4xx_hal.o(.data)
    SystemCoreClock                          0x20000030   Data           4  system_stm32f4xx.o(.data)
    __microlib_freelist                      0x20000034   Data           4  mvars.o(.data)
    __microlib_freelist_initialised          0x20000038   Data           4  mvars.o(.data)
    Robo_Base                                0x20000040   Data         876  robo_base.o(.bss)
    hcan1                                    0x200003ac   Data          40  can.o(.bss)
    hcan2                                    0x200003d4   Data          40  can.o(.bss)
    htim3                                    0x200003fc   Data          64  tim.o(.bss)
    Rx_buffer                                0x2000043c   Data          20  usart.o(.bss)
    huart1                                   0x20000450   Data          64  usart.o(.bss)
    huart2                                   0x20000490   Data          64  usart.o(.bss)
    hdma_usart1_rx                           0x200004d0   Data          96  usart.o(.bss)
    hdma_usart2_rx                           0x20000530   Data          96  usart.o(.bss)
    hdma_usart2_tx                           0x20000590   Data          96  usart.o(.bss)
    RxMeg1                                   0x200005f0   Data          28  stm32f4xx_it.o(.bss)
    RxMeg2                                   0x2000060c   Data          28  stm32f4xx_it.o(.bss)
    Uart2_Rx                                 0x20000628   Data          12  uart_communicate.o(.bss)
    Uart2_Tx                                 0x20000634   Data          50  uart_communicate.o(.bss)
    Uart1_Rx                                 0x20000668   Data          12  uart_communicate.o(.bss)
    ODrive0                                  0x20000674   Data         144  odrive_can.o(.bss)
    ODrive1                                  0x20000704   Data         144  odrive_can.o(.bss)
    __heap_base                              0x20000798   Data           0  startup_stm32f405xx.o(HEAP)
    __heap_limit                             0x20000998   Data           0  startup_stm32f405xx.o(HEAP)
    __initial_sp                             0x20000d98   Data           0  startup_stm32f405xx.o(STACK)



==============================================================================

Memory Map of the image

  Image Entry point : 0x08000189

  Load Region LR_IROM1 (Base: 0x08000000, Size: 0x00006548, Max: 0x00100000, ABSOLUTE)

    Execution Region ER_IROM1 (Base: 0x08000000, Size: 0x00006508, Max: 0x00100000, ABSOLUTE)

    Base Addr    Size         Type   Attr      Idx    E Section Name        Object

    0x08000000   0x00000188   Data   RO            3    RESET               startup_stm32f405xx.o
    0x08000188   0x00000000   Code   RO         3629  * .ARM.Collect$$$$00000000  mc_w.l(entry.o)
    0x08000188   0x00000004   Code   RO         3705    .ARM.Collect$$$$00000001  mc_w.l(entry2.o)
    0x0800018c   0x00000004   Code   RO         3708    .ARM.Collect$$$$00000004  mc_w.l(entry5.o)
    0x08000190   0x00000000   Code   RO         3710    .ARM.Collect$$$$00000008  mc_w.l(entry7b.o)
    0x08000190   0x00000000   Code   RO         3712    .ARM.Collect$$$$0000000A  mc_w.l(entry8b.o)
    0x08000190   0x00000008   Code   RO         3713    .ARM.Collect$$$$0000000B  mc_w.l(entry9a.o)
    0x08000198   0x00000000   Code   RO         3715    .ARM.Collect$$$$0000000D  mc_w.l(entry10a.o)
    0x08000198   0x00000000   Code   RO         3717    .ARM.Collect$$$$0000000F  mc_w.l(entry11a.o)
    0x08000198   0x00000004   Code   RO         3706    .ARM.Collect$$$$00002712  mc_w.l(entry2.o)
    0x0800019c   0x00000024   Code   RO            4    .text               startup_stm32f405xx.o
    0x080001c0   0x00000062   Code   RO         3632    .text               mc_w.l(uldiv.o)
    0x08000222   0x00000024   Code   RO         3634    .text               mc_w.l(memcpya.o)
    0x08000246   0x00000024   Code   RO         3636    .text               mc_w.l(memseta.o)
    0x0800026a   0x0000014e   Code   RO         3668    .text               mf_w.l(dadd.o)
    0x080003b8   0x000000e4   Code   RO         3670    .text               mf_w.l(dmul.o)
    0x0800049c   0x000000de   Code   RO         3672    .text               mf_w.l(ddiv.o)
    0x0800057a   0x00000022   Code   RO         3674    .text               mf_w.l(dflti.o)
    0x0800059c   0x00000038   Code   RO         3676    .text               mf_w.l(d2f.o)
    0x080005d4   0x0000001e   Code   RO         3719    .text               mc_w.l(llshl.o)
    0x080005f2   0x00000020   Code   RO         3721    .text               mc_w.l(llushr.o)
    0x08000612   0x00000024   Code   RO         3723    .text               mc_w.l(llsshr.o)
    0x08000636   0x00000000   Code   RO         3734    .text               mc_w.l(iusefp.o)
    0x08000636   0x0000006e   Code   RO         3735    .text               mf_w.l(fepilogue.o)
    0x080006a4   0x000000b6   Code   RO         3737    .text               mf_w.l(depilogue.o)
    0x0800075a   0x0000002e   Code   RO         3741    .text               mf_w.l(dscalb.o)
    0x08000788   0x000000a2   Code   RO         3743    .text               mf_w.l(dsqrt.o)
    0x0800082a   0x00000002   PAD
    0x0800082c   0x00000028   Code   RO         3747    .text               mf_w.l(cdrcmple.o)
    0x08000854   0x00000024   Code   RO         3749    .text               mc_w.l(init.o)
    0x08000878   0x000002a0   Code   RO          167    i.BASE_Init         robo_base.o
    0x08000b18   0x000000ca   Code   RO          168    i.Base_WatchDog     robo_base.o
    0x08000be2   0x00000004   Code   RO          561    i.BusFault_Handler  stm32f4xx_it.o
    0x08000be6   0x00000002   PAD
    0x08000be8   0x00000030   Code   RO          562    i.CAN1_RX0_IRQHandler  stm32f4xx_it.o
    0x08000c18   0x00000030   Code   RO          563    i.CAN2_RX0_IRQHandler  stm32f4xx_it.o
    0x08000c48   0x00000050   Code   RO          392    i.CAN_Start_IT      can.o
    0x08000c98   0x00000020   Code   RO          169    i.Counting_Time     robo_base.o
    0x08000cb8   0x00000010   Code   RO          564    i.DMA1_Stream5_IRQHandler  stm32f4xx_it.o
    0x08000cc8   0x00000010   Code   RO          565    i.DMA1_Stream6_IRQHandler  stm32f4xx_it.o
    0x08000cd8   0x00000010   Code   RO          566    i.DMA2_Stream2_IRQHandler  stm32f4xx_it.o
    0x08000ce8   0x00000034   Code   RO         1595    i.DMA_CalcBaseAndBitshift  stm32f4xx_hal_dma.o
    0x08000d1c   0x000000aa   Code   RO         1596    i.DMA_CheckFifoParam  stm32f4xx_hal_dma.o
    0x08000dc6   0x0000002c   Code   RO         1597    i.DMA_SetConfig     stm32f4xx_hal_dma.o
    0x08000df2   0x00000002   Code   RO          567    i.DebugMon_Handler  stm32f4xx_it.o
    0x08000df4   0x00000002   Code   RO          315    i.Error_Handler     main.o
    0x08000df6   0x00000006   Code   RO          237    i.Feed_WatchDog     motor_system.o
    0x08000dfc   0x0000002a   Code   RO          858    i.HAL_CAN_ActivateNotification  stm32f4xx_hal_can.o
    0x08000e26   0x00000156   Code   RO          859    i.HAL_CAN_AddTxMessage  stm32f4xx_hal_can.o
    0x08000f7c   0x00000124   Code   RO          860    i.HAL_CAN_ConfigFilter  stm32f4xx_hal_can.o
    0x080010a0   0x00000002   Code   RO          863    i.HAL_CAN_ErrorCallback  stm32f4xx_hal_can.o
    0x080010a2   0x0000017a   Code   RO          866    i.HAL_CAN_GetRxMessage  stm32f4xx_hal_can.o
    0x0800121c   0x0000024e   Code   RO          870    i.HAL_CAN_IRQHandler  stm32f4xx_hal_can.o
    0x0800146a   0x00000174   Code   RO          871    i.HAL_CAN_Init      stm32f4xx_hal_can.o
    0x080015de   0x00000002   PAD
    0x080015e0   0x00000164   Code   RO          394    i.HAL_CAN_MspInit   can.o
    0x08001744   0x00000002   Code   RO          878    i.HAL_CAN_RxFifo0FullCallback  stm32f4xx_hal_can.o
    0x08001746   0x00000002   Code   RO          879    i.HAL_CAN_RxFifo0MsgPendingCallback  stm32f4xx_hal_can.o
    0x08001748   0x00000002   Code   RO          880    i.HAL_CAN_RxFifo1FullCallback  stm32f4xx_hal_can.o
    0x0800174a   0x00000002   Code   RO          881    i.HAL_CAN_RxFifo1MsgPendingCallback  stm32f4xx_hal_can.o
    0x0800174c   0x00000002   Code   RO          882    i.HAL_CAN_SleepCallback  stm32f4xx_hal_can.o
    0x0800174e   0x0000005e   Code   RO          883    i.HAL_CAN_Start     stm32f4xx_hal_can.o
    0x080017ac   0x00000002   Code   RO          885    i.HAL_CAN_TxMailbox0AbortCallback  stm32f4xx_hal_can.o
    0x080017ae   0x00000002   Code   RO          886    i.HAL_CAN_TxMailbox0CompleteCallback  stm32f4xx_hal_can.o
    0x080017b0   0x00000002   Code   RO          887    i.HAL_CAN_TxMailbox1AbortCallback  stm32f4xx_hal_can.o
    0x080017b2   0x00000002   Code   RO          888    i.HAL_CAN_TxMailbox1CompleteCallback  stm32f4xx_hal_can.o
    0x080017b4   0x00000002   Code   RO          889    i.HAL_CAN_TxMailbox2AbortCallback  stm32f4xx_hal_can.o
    0x080017b6   0x00000002   Code   RO          890    i.HAL_CAN_TxMailbox2CompleteCallback  stm32f4xx_hal_can.o
    0x080017b8   0x00000002   Code   RO          892    i.HAL_CAN_WakeUpFromRxMsgCallback  stm32f4xx_hal_can.o
    0x080017ba   0x00000028   Code   RO         1599    i.HAL_DMA_Abort_IT  stm32f4xx_hal_dma.o
    0x080017e2   0x00000002   PAD
    0x080017e4   0x00000240   Code   RO         1603    i.HAL_DMA_IRQHandler  stm32f4xx_hal_dma.o
    0x08001a24   0x000000ec   Code   RO         1604    i.HAL_DMA_Init      stm32f4xx_hal_dma.o
    0x08001b10   0x00000092   Code   RO         1608    i.HAL_DMA_Start_IT  stm32f4xx_hal_dma.o
    0x08001ba2   0x00000002   PAD
    0x08001ba4   0x00000200   Code   RO         1491    i.HAL_GPIO_Init     stm32f4xx_hal_gpio.o
    0x08001da4   0x00000012   Code   RO         1494    i.HAL_GPIO_TogglePin  stm32f4xx_hal_gpio.o
    0x08001db6   0x0000000c   Code   RO         1495    i.HAL_GPIO_WritePin  stm32f4xx_hal_gpio.o
    0x08001dc2   0x00000002   PAD
    0x08001dc4   0x0000000c   Code   RO         2028    i.HAL_GetTick       stm32f4xx_hal.o
    0x08001dd0   0x00000018   Code   RO         2034    i.HAL_IncTick       stm32f4xx_hal.o
    0x08001de8   0x0000003c   Code   RO         2035    i.HAL_Init          stm32f4xx_hal.o
    0x08001e24   0x0000004c   Code   RO         2036    i.HAL_InitTick      stm32f4xx_hal.o
    0x08001e70   0x00000048   Code   RO          695    i.HAL_MspInit       stm32f4xx_hal_msp.o
    0x08001eb8   0x00000020   Code   RO         1880    i.HAL_NVIC_EnableIRQ  stm32f4xx_hal_cortex.o
    0x08001ed8   0x0000007c   Code   RO         1886    i.HAL_NVIC_SetPriority  stm32f4xx_hal_cortex.o
    0x08001f54   0x00000028   Code   RO         1887    i.HAL_NVIC_SetPriorityGrouping  stm32f4xx_hal_cortex.o
    0x08001f7c   0x00000184   Code   RO         1092    i.HAL_RCC_ClockConfig  stm32f4xx_hal_rcc.o
    0x08002100   0x0000000c   Code   RO         1097    i.HAL_RCC_GetHCLKFreq  stm32f4xx_hal_rcc.o
    0x0800210c   0x00000020   Code   RO         1099    i.HAL_RCC_GetPCLK1Freq  stm32f4xx_hal_rcc.o
    0x0800212c   0x00000020   Code   RO         1100    i.HAL_RCC_GetPCLK2Freq  stm32f4xx_hal_rcc.o
    0x0800214c   0x000000b0   Code   RO         1101    i.HAL_RCC_GetSysClockFreq  stm32f4xx_hal_rcc.o
    0x080021fc   0x00000488   Code   RO         1104    i.HAL_RCC_OscConfig  stm32f4xx_hal_rcc.o
    0x08002684   0x00000034   Code   RO         1891    i.HAL_SYSTICK_Config  stm32f4xx_hal_cortex.o
    0x080026b8   0x00000002   Code   RO         2961    i.HAL_TIMEx_BreakCallback  stm32f4xx_hal_tim_ex.o
    0x080026ba   0x00000002   Code   RO         2962    i.HAL_TIMEx_CommutCallback  stm32f4xx_hal_tim_ex.o
    0x080026bc   0x000000b4   Code   RO         2979    i.HAL_TIMEx_MasterConfigSynchronization  stm32f4xx_hal_tim_ex.o
    0x08002770   0x00000034   Code   RO         2275    i.HAL_TIM_Base_Init  stm32f4xx_hal_tim.o
    0x080027a4   0x00000048   Code   RO          472    i.HAL_TIM_Base_MspInit  tim.o
    0x080027ec   0x0000002a   Code   RO         2280    i.HAL_TIM_Base_Start_IT  stm32f4xx_hal_tim.o
    0x08002816   0x00000108   Code   RO         2284    i.HAL_TIM_ConfigClockSource  stm32f4xx_hal_tim.o
    0x0800291e   0x00000002   Code   RO         2304    i.HAL_TIM_IC_CaptureCallback  stm32f4xx_hal_tim.o
    0x08002920   0x00000196   Code   RO         2318    i.HAL_TIM_IRQHandler  stm32f4xx_hal_tim.o
    0x08002ab6   0x00000002   Code   RO         2321    i.HAL_TIM_OC_DelayElapsedCallback  stm32f4xx_hal_tim.o
    0x08002ab8   0x00000002   Code   RO         2348    i.HAL_TIM_PWM_PulseFinishedCallback  stm32f4xx_hal_tim.o
    0x08002aba   0x00000002   Code   RO         2356    i.HAL_TIM_PeriodElapsedCallback  stm32f4xx_hal_tim.o
    0x08002abc   0x00000002   Code   RO         2361    i.HAL_TIM_TriggerCallback  stm32f4xx_hal_tim.o
    0x08002abe   0x00000002   Code   RO         3233    i.HAL_UART_ErrorCallback  stm32f4xx_hal_uart.o
    0x08002ac0   0x00000154   Code   RO         3236    i.HAL_UART_IRQHandler  stm32f4xx_hal_uart.o
    0x08002c14   0x00000072   Code   RO         3237    i.HAL_UART_Init     stm32f4xx_hal_uart.o
    0x08002c86   0x00000002   PAD
    0x08002c88   0x000001e0   Code   RO          514    i.HAL_UART_MspInit  usart.o
    0x08002e68   0x000000c4   Code   RO         3241    i.HAL_UART_Receive_DMA  stm32f4xx_hal_uart.o
    0x08002f2c   0x00000024   Code   RO          568    i.HAL_UART_RxCpltCallback  stm32f4xx_it.o
    0x08002f50   0x00000002   Code   RO         3244    i.HAL_UART_RxHalfCpltCallback  stm32f4xx_hal_uart.o
    0x08002f52   0x00000002   PAD
    0x08002f54   0x0000009c   Code   RO         3246    i.HAL_UART_Transmit_DMA  stm32f4xx_hal_uart.o
    0x08002ff0   0x00000002   Code   RO         3248    i.HAL_UART_TxCpltCallback  stm32f4xx_hal_uart.o
    0x08002ff2   0x00000002   Code   RO         3249    i.HAL_UART_TxHalfCpltCallback  stm32f4xx_hal_uart.o
    0x08002ff4   0x00000004   Code   RO          569    i.HardFault_Handler  stm32f4xx_it.o
    0x08002ff8   0x00000080   Code   RO          170    i.LED_WARNING       robo_base.o
    0x08003078   0x00000048   Code   RO          395    i.MX_CAN1_Init      can.o
    0x080030c0   0x00000048   Code   RO          396    i.MX_CAN2_Init      can.o
    0x08003108   0x00000078   Code   RO          447    i.MX_DMA_Init       dma.o
    0x08003180   0x000000b4   Code   RO          368    i.MX_GPIO_Init      gpio.o
    0x08003234   0x00000070   Code   RO          473    i.MX_TIM3_Init      tim.o
    0x080032a4   0x00000040   Code   RO          515    i.MX_USART1_UART_Init  usart.o
    0x080032e4   0x00000038   Code   RO          516    i.MX_USART2_UART_Init  usart.o
    0x0800331c   0x00000004   Code   RO          570    i.MemManage_Handler  stm32f4xx_it.o
    0x08003320   0x00000108   Code   RO           13    i.MotorGroup_Tar_Analysis  move.o
    0x08003428   0x00000054   Code   RO          171    i.Motor_Pos_Analysis  robo_base.o
    0x0800347c   0x000001e8   Code   RO           14    i.Move_Analysis     move.o
    0x08003664   0x00000002   Code   RO          571    i.NMI_Handler       stm32f4xx_it.o
    0x08003666   0x00000002   PAD
    0x08003668   0x00000014   Code   RO          774    i.ODrive_Init       odrive_can.o
    0x0800367c   0x000000b8   Code   RO          775    i.ODrive_Recevice   odrive_can.o
    0x08003734   0x000000ac   Code   RO          776    i.ODrive_Send       odrive_can.o
    0x080037e0   0x0000004c   Code   RO          239    i.PID_Init          motor_system.o
    0x0800382c   0x00000318   Code   RO          240    i.PID_Pos_Cal       motor_system.o
    0x08003b44   0x00000094   Code   RO          173    i.PID_Send          robo_base.o
    0x08003bd8   0x000001a8   Code   RO          241    i.PID_Speed_Cal     motor_system.o
    0x08003d80   0x00000002   Code   RO          572    i.PendSV_Handler    stm32f4xx_it.o
    0x08003d82   0x00000002   PAD
    0x08003d84   0x00000114   Code   RO          242    i.Pos_Info_Analysis  motor_system.o
    0x08003e98   0x0000001c   Code   RO          777    i.Reboot_ODrive     odrive_can.o
    0x08003eb4   0x00000002   Code   RO          573    i.SVC_Handler       stm32f4xx_it.o
    0x08003eb6   0x00000034   Code   RO          243    i.Send_To_Motor     motor_system.o
    0x08003eea   0x0000003a   Code   RO          778    i.Send_To_ODrive    odrive_can.o
    0x08003f24   0x0000003c   Code   RO          779    i.Set_Axis_Node_ID  odrive_can.o
    0x08003f60   0x0000003c   Code   RO          780    i.Set_Axis_Requested_State  odrive_can.o
    0x08003f9c   0x00000048   Code   RO          781    i.Set_Controller_Modes  odrive_can.o
    0x08003fe4   0x00000058   Code   RO          782    i.Set_Input_Pos     odrive_can.o
    0x0800403c   0x00000070   Code   RO          783    i.Set_Input_Vel     odrive_can.o
    0x080040ac   0x00000008   Code   RO          574    i.SysTick_Handler   stm32f4xx_it.o
    0x080040b4   0x000000b4   Code   RO          316    i.SystemClock_Config  main.o
    0x08004168   0x0000001c   Code   RO         3544    i.SystemInit        system_stm32f4xx.o
    0x08004184   0x00000004   Code   RO          245    i.SystemState_Set   motor_system.o
    0x08004188   0x0000002e   Code   RO          246    i.System_Check      motor_system.o
    0x080041b6   0x00000002   PAD
    0x080041b8   0x00000060   Code   RO          575    i.TIM3_IRQHandler   stm32f4xx_it.o
    0x08004218   0x000000d8   Code   RO         2363    i.TIM_Base_SetConfig  stm32f4xx_hal_tim.o
    0x080042f0   0x00000016   Code   RO         2374    i.TIM_ETR_SetConfig  stm32f4xx_hal_tim.o
    0x08004306   0x00000012   Code   RO         2375    i.TIM_ITRx_SetConfig  stm32f4xx_hal_tim.o
    0x08004318   0x00000026   Code   RO         2381    i.TIM_TI1_ConfigInputStage  stm32f4xx_hal_tim.o
    0x0800433e   0x00000028   Code   RO         2383    i.TIM_TI2_ConfigInputStage  stm32f4xx_hal_tim.o
    0x08004366   0x00000014   Code   RO         3250    i.UART_DMAAbortOnError  stm32f4xx_hal_uart.o
    0x0800437a   0x00000050   Code   RO         3251    i.UART_DMAError     stm32f4xx_hal_uart.o
    0x080043ca   0x00000046   Code   RO         3252    i.UART_DMAReceiveCplt  stm32f4xx_hal_uart.o
    0x08004410   0x0000000e   Code   RO         3254    i.UART_DMARxHalfCplt  stm32f4xx_hal_uart.o
    0x0800441e   0x00000036   Code   RO         3256    i.UART_DMATransmitCplt  stm32f4xx_hal_uart.o
    0x08004454   0x0000000e   Code   RO         3258    i.UART_DMATxHalfCplt  stm32f4xx_hal_uart.o
    0x08004462   0x00000020   Code   RO         3260    i.UART_EndRxTransfer  stm32f4xx_hal_uart.o
    0x08004482   0x00000020   Code   RO         3261    i.UART_EndTransmit_IT  stm32f4xx_hal_uart.o
    0x080044a2   0x00000014   Code   RO         3262    i.UART_EndTxTransfer  stm32f4xx_hal_uart.o
    0x080044b6   0x000000a6   Code   RO         3263    i.UART_Receive_IT   stm32f4xx_hal_uart.o
    0x0800455c   0x000003e8   Code   RO         3264    i.UART_SetConfig    stm32f4xx_hal_uart.o
    0x08004944   0x00000068   Code   RO         3265    i.UART_Transmit_IT  stm32f4xx_hal_uart.o
    0x080049ac   0x00000024   Code   RO          576    i.USART1_IRQHandler  stm32f4xx_it.o
    0x080049d0   0x00000040   Code   RO          577    i.USART2_IRQHandler  stm32f4xx_it.o
    0x08004a10   0x00000088   Code   RO          719    i.Uart_DMA_Process  uart_communicate.o
    0x08004a98   0x00000004   Code   RO          578    i.UsageFault_Handler  stm32f4xx_it.o
    0x08004a9c   0x00000088   Code   RO          720    i.Usart_All_Init    uart_communicate.o
    0x08004b24   0x00000030   Code   RO         3700    i.__ARM_fpclassify  m_wm.l(fpclassify.o)
    0x08004b54   0x00000010   Code   RO         1893    i.__NVIC_GetPriorityGrouping  stm32f4xx_hal_cortex.o
    0x08004b64   0x00000028   Code   RO         1894    i.__NVIC_SetPriority  stm32f4xx_hal_cortex.o
    0x08004b8c   0x00000004   PAD
    0x08004b90   0x00000350   Code   RO         3577    i.__hardfp_acos     m_wm.l(acos.o)
    0x08004ee0   0x000002e0   Code   RO         3678    i.__hardfp_atan     m_wm.l(atan.o)
    0x080051c0   0x000001f0   Code   RO         3591    i.__hardfp_atan2    m_wm.l(atan2.o)
    0x080053b0   0x00000c38   Code   RO         3603    i.__hardfp_pow      m_wm.l(pow.o)
    0x08005fe8   0x0000007a   Code   RO         3617    i.__hardfp_sqrt     m_wm.l(sqrt.o)
    0x08006062   0x000000f8   Code   RO         3702    i.__kernel_poly     m_wm.l(poly.o)
    0x0800615a   0x00000006   PAD
    0x08006160   0x00000020   Code   RO         3692    i.__mathlib_dbl_underflow  m_wm.l(dunder.o)
    0x08006180   0x0000000e   Code   RO         3753    i.__scatterload_copy  mc_w.l(handlers.o)
    0x0800618e   0x00000002   Code   RO         3754    i.__scatterload_null  mc_w.l(handlers.o)
    0x08006190   0x0000000e   Code   RO         3755    i.__scatterload_zeroinit  mc_w.l(handlers.o)
    0x0800619e   0x00000002   PAD
    0x080061a0   0x0000000c   Code   RO         3729    i.__set_errno       mc_w.l(errno.o)
    0x080061ac   0x00000010   Code   RO         3680    i.atan              m_wm.l(atan.o)
    0x080061bc   0x00000018   Code   RO         3696    i.fabs              m_wm.l(fabs.o)
    0x080061d4   0x0000006c   Code   RO          317    i.main              main.o
    0x08006240   0x0000006c   Code   RO         3641    i.malloc            mc_w.l(malloc.o)
    0x080062ac   0x0000006e   Code   RO         3619    i.sqrt              m_wm.l(sqrt.o)
    0x0800631a   0x00000002   PAD
    0x0800631c   0x00000034   Code   RO          722    i.uart_sendData_DMA  uart_communicate.o
    0x08006350   0x00000008   Data   RO         1610    .constdata          stm32f4xx_hal_dma.o
    0x08006358   0x00000018   Data   RO         3545    .constdata          system_stm32f4xx.o
    0x08006370   0x00000050   Data   RO         3580    .constdata          m_wm.l(acos.o)
    0x080063c0   0x00000088   Data   RO         3606    .constdata          m_wm.l(pow.o)
    0x08006448   0x00000098   Data   RO         3681    .constdata          m_wm.l(atan.o)
    0x080064e0   0x00000008   Data   RO         3704    .constdata          m_wm.l(qnan.o)
    0x080064e8   0x00000020   Data   RO         3751    Region$$Table       anon$$obj.o


    Execution Region RW_IRAM2 (Base: 0x10000000, Size: 0x00000000, Max: 0x00010000, ABSOLUTE)

    **** No section assigned to this execution region ****


    Execution Region RW_IRAM1 (Base: 0x20000000, Size: 0x00000d98, Max: 0x00020000, ABSOLUTE)

    Base Addr    Size         Type   Attr      Idx    E Section Name        Object

    0x20000000   0x00000002   Data   RW          176    .data               robo_base.o
    0x20000002   0x00000002   PAD
    0x20000004   0x00000004   Data   RW          318    .data               main.o
    0x20000008   0x00000004   Data   RW          398    .data               can.o
    0x2000000c   0x00000002   Data   RW          580    .data               stm32f4xx_it.o
    0x2000000e   0x00000002   PAD
    0x20000010   0x00000014   Data   RW          785    .data               odrive_can.o
    0x20000024   0x00000009   Data   RW         2042    .data               stm32f4xx_hal.o
    0x2000002d   0x00000003   PAD
    0x20000030   0x00000004   Data   RW         3546    .data               system_stm32f4xx.o
    0x20000034   0x00000004   Data   RW         3725    .data               mc_w.l(mvars.o)
    0x20000038   0x00000004   Data   RW         3726    .data               mc_w.l(mvars.o)
    0x2000003c   0x00000004   Data   RW         3730    .data               mc_w.l(errno.o)
    0x20000040   0x0000036c   Zero   RW          175    .bss                robo_base.o
    0x200003ac   0x00000050   Zero   RW          397    .bss                can.o
    0x200003fc   0x00000040   Zero   RW          474    .bss                tim.o
    0x2000043c   0x000001b4   Zero   RW          517    .bss                usart.o
    0x200005f0   0x00000038   Zero   RW          579    .bss                stm32f4xx_it.o
    0x20000628   0x0000004c   Zero   RW          723    .bss                uart_communicate.o
    0x20000674   0x00000120   Zero   RW          784    .bss                odrive_can.o
    0x20000794   0x00000004   PAD
    0x20000798   0x00000200   Zero   RW            2    HEAP                startup_stm32f405xx.o
    0x20000998   0x00000400   Zero   RW            1    STACK               startup_stm32f405xx.o


==============================================================================

Image component sizes


      Code (inc. data)   RO Data    RW Data    ZI Data      Debug   Object Name

       580         50          0          4         80       3105   can.o
       120          6          0          0          0        842   dma.o
       180         10          0          0          0        987   gpio.o
       290         36          0          4          0       4133   main.o
      1676         34          0          0          0       5830   motor_system.o
       752         72          0          0          0     651426   move.o
       854         58          0         20        288       7320   odrive_can.o
      1266         40          0          2        876       4638   robo_base.o
        36          8        392          0       1536        848   startup_stm32f405xx.o
       172         32          0          9          0       8817   stm32f4xx_hal.o
      2136          6          0          0          0      15019   stm32f4xx_hal_can.o
       304         22          0          0          0      34459   stm32f4xx_hal_cortex.o
      1264         16          8          0          0       6174   stm32f4xx_hal_dma.o
       542         46          0          0          0       2953   stm32f4xx_hal_gpio.o
        72          4          0          0          0        878   stm32f4xx_hal_msp.o
      1800         84          0          0          0       5648   stm32f4xx_hal_rcc.o
      1108         46          0          0          0      10123   stm32f4xx_hal_tim.o
       184         30          0          0          0       2509   stm32f4xx_hal_tim_ex.o
      2420         40          0          0          0      13924   stm32f4xx_hal_uart.o
       408        100          0          2         56      10086   stm32f4xx_it.o
        28          4         24          4          0       1187   system_stm32f4xx.o
       184         20          0          0         64       1714   tim.o
       324         30          0          0         76       2817   uart_communicate.o
       600         58          0          0        436       2730   usart.o

    ----------------------------------------------------------------------
     17324        856        456         52       3416     798167   Object Totals
         0          0         32          0          0          0   (incl. Generated)
        24          4          0          7          4          0   (incl. Padding)

    ----------------------------------------------------------------------

      Code (inc. data)   RO Data    RW Data    ZI Data      Debug   Library Member Name

       848        110         80          0          0        188   acos.o
       752        104        152          0          0        344   atan.o
       496         70          0          0          0        156   atan2.o
        32          8          0          0          0        124   dunder.o
        24          0          0          0          0        124   fabs.o
        48          0          0          0          0        124   fpclassify.o
       248          0          0          0          0        152   poly.o
      3128        304        136          0          0        216   pow.o
         0          0          8          0          0          0   qnan.o
       232          0          0          0          0        296   sqrt.o
         0          0          0          0          0          0   entry.o
         0          0          0          0          0          0   entry10a.o
         0          0          0          0          0          0   entry11a.o
         8          4          0          0          0          0   entry2.o
         4          0          0          0          0          0   entry5.o
         0          0          0          0          0          0   entry7b.o
         0          0          0          0          0          0   entry8b.o
         8          4          0          0          0          0   entry9a.o
        12          6          0          4          0         68   errno.o
        30          0          0          0          0          0   handlers.o
        36          8          0          0          0         68   init.o
         0          0          0          0          0          0   iusefp.o
        30          0          0          0          0         68   llshl.o
        36          0          0          0          0         68   llsshr.o
        32          0          0          0          0         68   llushr.o
       108         16          0          0          0         84   malloc.o
        36          0          0          0          0         68   memcpya.o
        36          0          0          0          0        108   memseta.o
         0          0          0          8          0          0   mvars.o
        98          0          0          0          0         92   uldiv.o
        40          2          0          0          0         68   cdrcmple.o
        56          0          0          0          0         88   d2f.o
       334          0          0          0          0        148   dadd.o
       222          0          0          0          0        100   ddiv.o
       182          0          0          0          0        176   depilogue.o
        34          0          0          0          0         76   dflti.o
       228          0          0          0          0         96   dmul.o
        46          0          0          0          0         80   dscalb.o
       162          0          0          0          0        100   dsqrt.o
       110          0          0          0          0        168   fepilogue.o

    ----------------------------------------------------------------------
      7708        636        376         12          0       3516   Library Totals
        12          0          0          0          0          0   (incl. Padding)

    ----------------------------------------------------------------------

      Code (inc. data)   RO Data    RW Data    ZI Data      Debug   Library Name

      5808        596        376          0          0       1724   m_wm.l
       474         38          0         12          0        692   mc_w.l
      1414          2          0          0          0       1100   mf_w.l

    ----------------------------------------------------------------------
      7708        636        376         12          0       3516   Library Totals

    ----------------------------------------------------------------------

==============================================================================


      Code (inc. data)   RO Data    RW Data    ZI Data      Debug   

     25032       1492        832         64       3416     786403   Grand Totals
     25032       1492        832         64       3416     786403   ELF Image Totals
     25032       1492        832         64          0          0   ROM Totals

==============================================================================

    Total RO  Size (Code + RO Data)                25864 (  25.26kB)
    Total RW  Size (RW Data + ZI Data)              3480 (   3.40kB)
    Total ROM Size (Code + RO Data + RW Data)      25928 (  25.32kB)

==============================================================================

