<html>
<body>
<pre>
<h1>µVision Build Log</h1>
<h2>Project:</h2>
E:\Source_Code\Github\DR_Control\2021ROBOCON_DR\MDK-ARM\2021ROBOCON_DR_Test1.uvprojx
Project File Date:  12/01/2020

<h2>Output:</h2>
Build target '2021ROBOCON_DR_Test1'
compiling odrive_can.c...
linking...
Program Size: Code=25032 RO-data=832 RW-data=64 ZI-data=3416  
FromELF: creating hex file...
"2021ROBOCON_DR_Test1\2021ROBOCON_DR_Test1.axf" - 0 Error(s), 0 Warning(s).

<h2>Software Packages used:</h2>

Package Vendor: ARM
                http://www.keil.com/pack/ARM.CMSIS.4.1.1.pack
                ARM::CMSIS:CORE:3.30.0
                CMSIS (Cortex Microcontroller Software Interface Standard)
   * Component: CORE Version: 3.30.0

<h2>Collection of Component include folders:</h2>
  E:\Source_Code\Github\DR_Control\2021ROBOCON_DR\MDK-ARM\RTE
  C:\Keil_v5\ARM\PACK\ARM\CMSIS\4.1.1\CMSIS\Include

<h2>Collection of Component Files used:</h2>

   * Component: ARM::CMSIS:CORE:3.30.0
      Source file:   CMSIS\UserCodeTemplates\ARM\ITM_Retarget.c
Load "2021ROBOCON_DR_Test1\\2021ROBOCON_DR_Test1.axf" 
Erase Done.
Programming Done.
Verify OK.
Application running ...
</pre>
</body>
</html>
