<html>
<body>
<pre>
<h1>µVision Build Log</h1>
<h2>Project:</h2>
E:\Source_Code\Github\DR_Control\New_DR_Base\MDK-ARM\New_DR_Base.uvprojx
Project File Date:  04/13/2021

<h2>Output:</h2>
Build target 'New_DR_Base'
assembling startup_stm32f405xx.s...
compiling main.c...
compiling gpio.c...
compiling can.c...
compiling dma.c...
compiling tim.c...
compiling usart.c...
compiling stm32f4xx_it.c...
../Src/stm32f4xx_it.c(436): warning:  #68-D: integer conversion resulted in a change of sign
        static uint8_t flag=-1;
../Src/stm32f4xx_it.c: 1 warning, 0 errors
compiling stm32f4xx_hal_msp.c...
compiling motor_system.c...
compiling odrive_can.c...
compiling robo_base.c...
compiling uart_communicate.c...
compiling analysis.c...
compiling move.c...
..\Src\move.c(15): warning:  #550-D: variable "dA_Tar" was set but never used
    double dA_Tar=0;
..\Src\move.c(33): warning:  #223-D: function "abs" declared implicitly
    double Angle_Temp=abs(P_Pos->Position);
..\Src\move.c: 2 warnings, 0 errors
compiling stm32f4xx_hal_can.c...
compiling stm32f4xx_hal_rcc.c...
compiling stm32f4xx_hal_rcc_ex.c...
compiling stm32f4xx_hal_flash.c...
compiling stm32f4xx_hal_flash_ex.c...
compiling stm32f4xx_hal_flash_ramfunc.c...
compiling stm32f4xx_hal_gpio.c...
compiling stm32f4xx_hal_dma_ex.c...
compiling stm32f4xx_hal_dma.c...
compiling stm32f4xx_hal_pwr.c...
compiling stm32f4xx_hal_pwr_ex.c...
compiling stm32f4xx_hal_cortex.c...
compiling stm32f4xx_hal.c...
compiling stm32f4xx_hal_exti.c...
compiling stm32f4xx_hal_tim.c...
compiling stm32f4xx_hal_tim_ex.c...
compiling stm32f4xx_hal_uart.c...
compiling system_stm32f4xx.c...
linking...
Program Size: Code=16970 RO-data=702 RW-data=76 ZI-data=3900  
FromELF: creating hex file...
"New_DR_Base\New_DR_Base.axf" - 0 Error(s), 3 Warning(s).

<h2>Software Packages used:</h2>

Package Vendor: ARM
                http://www.keil.com/pack/ARM.CMSIS.4.1.1.pack
                ARM::CMSIS:CORE:3.30.0
                CMSIS (Cortex Microcontroller Software Interface Standard)
   * Component: CORE Version: 3.30.0

<h2>Collection of Component include folders:</h2>
  E:\Source_Code\Github\DR_Control\New_DR_Base\MDK-ARM\RTE
  C:\Keil_v5\ARM\PACK\ARM\CMSIS\4.1.1\CMSIS\Include

<h2>Collection of Component Files used:</h2>

   * Component: ARM::CMSIS:CORE:3.30.0
      Source file:   CMSIS\UserCodeTemplates\ARM\ITM_Retarget.c
</pre>
</body>
</html>
