Product: MDK-ARM Professional 5.10
Component: ARM Compiler 5.04 update 1 (build 49)
Tool: armlink [5040049]

==============================================================================

Section Cross References

    startup_stm32f405xx.o(RESET) refers to startup_stm32f405xx.o(STACK) for __initial_sp
    startup_stm32f405xx.o(RESET) refers to startup_stm32f405xx.o(.text) for Reset_Handler
    startup_stm32f405xx.o(RESET) refers to stm32f4xx_it.o(i.NMI_Handler) for NMI_Handler
    startup_stm32f405xx.o(RESET) refers to stm32f4xx_it.o(i.HardFault_Handler) for HardFault_Handler
    startup_stm32f405xx.o(RESET) refers to stm32f4xx_it.o(i.MemManage_Handler) for MemManage_Handler
    startup_stm32f405xx.o(RESET) refers to stm32f4xx_it.o(i.BusFault_Handler) for BusFault_Handler
    startup_stm32f405xx.o(RESET) refers to stm32f4xx_it.o(i.UsageFault_Handler) for UsageFault_Handler
    startup_stm32f405xx.o(RESET) refers to stm32f4xx_it.o(i.SVC_Handler) for SVC_Handler
    startup_stm32f405xx.o(RESET) refers to stm32f4xx_it.o(i.DebugMon_Handler) for DebugMon_Handler
    startup_stm32f405xx.o(RESET) refers to stm32f4xx_it.o(i.PendSV_Handler) for PendSV_Handler
    startup_stm32f405xx.o(RESET) refers to stm32f4xx_it.o(i.SysTick_Handler) for SysTick_Handler
    startup_stm32f405xx.o(RESET) refers to stm32f4xx_it.o(i.EXTI3_IRQHandler) for EXTI3_IRQHandler
    startup_stm32f405xx.o(RESET) refers to stm32f4xx_it.o(i.EXTI4_IRQHandler) for EXTI4_IRQHandler
    startup_stm32f405xx.o(RESET) refers to stm32f4xx_it.o(i.DMA1_Stream1_IRQHandler) for DMA1_Stream1_IRQHandler
    startup_stm32f405xx.o(RESET) refers to stm32f4xx_it.o(i.DMA1_Stream3_IRQHandler) for DMA1_Stream3_IRQHandler
    startup_stm32f405xx.o(RESET) refers to stm32f4xx_it.o(i.DMA1_Stream5_IRQHandler) for DMA1_Stream5_IRQHandler
    startup_stm32f405xx.o(RESET) refers to stm32f4xx_it.o(i.DMA1_Stream6_IRQHandler) for DMA1_Stream6_IRQHandler
    startup_stm32f405xx.o(RESET) refers to stm32f4xx_it.o(i.CAN1_RX0_IRQHandler) for CAN1_RX0_IRQHandler
    startup_stm32f405xx.o(RESET) refers to stm32f4xx_it.o(i.TIM2_IRQHandler) for TIM2_IRQHandler
    startup_stm32f405xx.o(RESET) refers to stm32f4xx_it.o(i.TIM3_IRQHandler) for TIM3_IRQHandler
    startup_stm32f405xx.o(RESET) refers to stm32f4xx_it.o(i.USART1_IRQHandler) for USART1_IRQHandler
    startup_stm32f405xx.o(RESET) refers to stm32f4xx_it.o(i.USART2_IRQHandler) for USART2_IRQHandler
    startup_stm32f405xx.o(RESET) refers to stm32f4xx_it.o(i.USART3_IRQHandler) for USART3_IRQHandler
    startup_stm32f405xx.o(RESET) refers to stm32f4xx_it.o(i.DMA2_Stream1_IRQHandler) for DMA2_Stream1_IRQHandler
    startup_stm32f405xx.o(RESET) refers to stm32f4xx_it.o(i.DMA2_Stream2_IRQHandler) for DMA2_Stream2_IRQHandler
    startup_stm32f405xx.o(RESET) refers to stm32f4xx_it.o(i.CAN2_RX0_IRQHandler) for CAN2_RX0_IRQHandler
    startup_stm32f405xx.o(RESET) refers to stm32f4xx_it.o(i.DMA2_Stream6_IRQHandler) for DMA2_Stream6_IRQHandler
    startup_stm32f405xx.o(RESET) refers to stm32f4xx_it.o(i.USART6_IRQHandler) for USART6_IRQHandler
    startup_stm32f405xx.o(.text) refers to system_stm32f4xx.o(i.SystemInit) for SystemInit
    startup_stm32f405xx.o(.text) refers to entry.o(.ARM.Collect$$$$00000000) for __main
    main.o(i.SystemClock_Config) refers to memseta.o(.text) for __aeabi_memclr4
    main.o(i.SystemClock_Config) refers to stm32f4xx_hal_rcc.o(i.HAL_RCC_OscConfig) for HAL_RCC_OscConfig
    main.o(i.SystemClock_Config) refers to main.o(i.Error_Handler) for Error_Handler
    main.o(i.SystemClock_Config) refers to stm32f4xx_hal_rcc.o(i.HAL_RCC_ClockConfig) for HAL_RCC_ClockConfig
    main.o(i.main) refers to stm32f4xx_hal.o(i.HAL_Init) for HAL_Init
    main.o(i.main) refers to main.o(i.SystemClock_Config) for SystemClock_Config
    main.o(i.main) refers to stm32f4xx_hal_rcc.o(i.HAL_RCC_GetSysClockFreq) for HAL_RCC_GetSysClockFreq
    main.o(i.main) refers to gpio.o(i.MX_GPIO_Init) for MX_GPIO_Init
    main.o(i.main) refers to dma.o(i.MX_DMA_Init) for MX_DMA_Init
    main.o(i.main) refers to can.o(i.MX_CAN1_Init) for MX_CAN1_Init
    main.o(i.main) refers to can.o(i.MX_CAN2_Init) for MX_CAN2_Init
    main.o(i.main) refers to tim.o(i.MX_TIM2_Init) for MX_TIM2_Init
    main.o(i.main) refers to usart.o(i.MX_USART1_UART_Init) for MX_USART1_UART_Init
    main.o(i.main) refers to usart.o(i.MX_USART2_UART_Init) for MX_USART2_UART_Init
    main.o(i.main) refers to usart.o(i.MX_USART3_UART_Init) for MX_USART3_UART_Init
    main.o(i.main) refers to usart.o(i.MX_USART6_UART_Init) for MX_USART6_UART_Init
    main.o(i.main) refers to tim.o(i.MX_TIM3_Init) for MX_TIM3_Init
    main.o(i.main) refers to can.o(i.CAN_Start_IT) for CAN_Start_IT
    main.o(i.main) refers to stm32f4xx_hal_tim.o(i.HAL_TIM_Base_Start_IT) for HAL_TIM_Base_Start_IT
    main.o(i.main) refers to uart_communicate.o(i.Usart_All_Init) for Usart_All_Init
    main.o(i.main) refers to robo_base.o(i.BASE_Init) for BASE_Init
    main.o(i.main) refers to main.o(.data) for sysclock
[...]
    ..\Src\move.c                            0x00000000   Number         0  move.o ABSOLUTE
    ..\Src\odrive_can.c                      0x00000000   Number         0  odrive_can.o ABSOLUTE
    ..\Src\robo_base.c                       0x00000000   Number         0  robo_base.o ABSOLUTE
    ..\Src\stm32f4xx_hal_msp.c               0x00000000   Number         0  stm32f4xx_hal_msp.o ABSOLUTE
    ..\Src\stm32f4xx_it.c                    0x00000000   Number         0  stm32f4xx_it.o ABSOLUTE
    ..\Src\system_stm32f4xx.c                0x00000000   Number         0  system_stm32f4xx.o ABSOLUTE
    ..\Src\tim.c                             0x00000000   Number         0  tim.o ABSOLUTE
    ..\Src\uart_communicate.c                0x00000000   Number         0  uart_communicate.o ABSOLUTE
    ..\Src\usart.c                           0x00000000   Number         0  usart.o ABSOLUTE
    ..\\Src\\analysis.c                      0x00000000   Number         0  analysis.o ABSOLUTE
    ..\\Src\\led.c                           0x00000000   Number         0  led.o ABSOLUTE
    ..\\Src\\motor_system.c                  0x00000000   Number         0  motor_system.o ABSOLUTE
    ..\\Src\\move.c                          0x00000000   Number         0  move.o ABSOLUTE
    ..\\Src\\odrive_can.c                    0x00000000   Number         0  odrive_can.o ABSOLUTE
    ..\\Src\\robo_base.c                     0x00000000   Number         0  robo_base.o ABSOLUTE
    ..\\Src\\uart_communicate.c              0x00000000   Number         0  uart_communicate.o ABSOLUTE
    cdcmple.s                                0x00000000   Number         0  cdcmple.o ABSOLUTE
    cdrcmple.s                               0x00000000   Number         0  cdrcmple.o ABSOLUTE
    dc.s                                     0x00000000   Number         0  dc.o ABSOLUTE
    handlers.s                               0x00000000   Number         0  handlers.o ABSOLUTE
    init.s                                   0x00000000   Number         0  init.o ABSOLUTE
    startup_stm32f405xx.s                    0x00000000   Number         0  startup_stm32f405xx.o ABSOLUTE
    RESET                                    0x08000000   Section      392  startup_stm32f405xx.o(RESET)
    .ARM.Collect$$$$00000000                 0x08000188   Section        0  entry.o(.ARM.Collect$$$$00000000)
    .ARM.Collect$$$$00000001                 0x08000188   Section        4  entry2.o(.ARM.Collect$$$$00000001)
    .ARM.Collect$$$$00000004                 0x0800018c   Section        4  entry5.o(.ARM.Collect$$$$00000004)
    .ARM.Collect$$$$00000008                 0x08000190   Section        0  entry7b.o(.ARM.Collect$$$$00000008)
    .ARM.Collect$$$$0000000A                 0x08000190   Section        0  entry8b.o(.ARM.Collect$$$$0000000A)
    .ARM.Collect$$$$0000000B                 0x08000190   Section        8  entry9a.o(.ARM.Collect$$$$0000000B)
    .ARM.Collect$$$$0000000D                 0x08000198   Section        0  entry10a.o(.ARM.Collect$$$$0000000D)
    .ARM.Collect$$$$0000000F                 0x08000198   Section        0  entry11a.o(.ARM.Collect$$$$0000000F)
    .ARM.Collect$$$$00002712                 0x08000198   Section        4  entry2.o(.ARM.Collect$$$$00002712)
    __lit__00000000                          0x08000198   Data           4  entry2.o(.ARM.Collect$$$$00002712)
    .text                                    0x0800019c   Section       36  startup_stm32f405xx.o(.text)
    $v0                                      0x0800019c   Number         0  startup_stm32f405xx.o(.text)
    .text                                    0x080001c0   Section        0  uldiv.o(.text)
    .text                                    0x08000222   Section        0  memseta.o(.text)
    .text                                    0x08000246   Section        0  dadd.o(.text)
    .text                                    0x08000394   Section        0  dmul.o(.text)
    .text                                    0x08000478   Section        0  ddiv.o(.text)
    .text                                    0x08000556   Section        0  dflti.o(.text)
    .text                                    0x08000578   Section        0  f2d.o(.text)
    .text                                    0x080005a0   Section       40  cdcmple.o(.text)
    .text                                    0x080005c8   Section       40  cdrcmple.o(.text)
    .text                                    0x080005f0   Section        0  d2f.o(.text)
    .text                                    0x08000628   Section        0  llshl.o(.text)
    .text                                    0x08000646   Section        0  llushr.o(.text)
    .text                                    0x08000666   Section        0  llsshr.o(.text)
    .text                                    0x0800068a   Section        0  fepilogue.o(.text)
    .text                                    0x0800068a   Section        0  iusefp.o(.text)
    .text                                    0x080006f8   Section        0  depilogue.o(.text)
    .text                                    0x080007ae   Section        0  dsqrt.o(.text)
    .text                                    0x08000850   Section       36  init.o(.text)
    i.Axis_Init                              0x08000874   Section        0  odrive_can.o(i.Axis_Init)
    i.BASE_Init                              0x080008a8   Section        0  robo_base.o(i.BASE_Init)
    i.BusFault_Handler                       0x08000ae0   Section        0  stm32f4xx_it.o(i.BusFault_Handler)
    i.CAN1_RX0_IRQHandler                    0x08000ae4   Section        0  stm32f4xx_it.o(i.CAN1_RX0_IRQHandler)
    i.CAN2_RX0_IRQHandler                    0x08000b14   Section        0  stm32f4xx_it.o(i.CAN2_RX0_IRQHandler)
    i.CAN_Start_IT                           0x08000b40   Section        0  can.o(i.CAN_Start_IT)
    i.Control_Task                           0x08000b90   Section        0  stm32f4xx_it.o(i.Control_Task)
    i.DMA1_Stream1_IRQHandler                0x08000c2c   Section        0  stm32f4xx_it.o(i.DMA1_Stream1_IRQHandler)
    i.DMA1_Stream3_IRQHandler                0x08000c3c   Section        0  stm32f4xx_it.o(i.DMA1_Stream3_IRQHandler)
    i.DMA1_Stream5_IRQHandler                0x08000c4c   Section        0  stm32f4xx_it.o(i.DMA1_Stream5_IRQHandler)
    i.DMA1_Stream6_IRQHandler                0x08000c5c   Section        0  stm32f4xx_it.o(i.DMA1_Stream6_IRQHandler)
    i.DMA2_Stream1_IRQHandler                0x08000c6c   Section        0  stm32f4xx_it.o(i.DMA2_Stream1_IRQHandler)
    i.DMA2_Stream2_IRQHandler                0x08000c7c   Section        0  stm32f4xx_it.o(i.DMA2_Stream2_IRQHandler)
    i.DMA2_Stream6_IRQHandler                0x08000c8c   Section        0  stm32f4xx_it.o(i.DMA2_Stream6_IRQHandler)
    i.DMA_CalcBaseAndBitshift                0x08000c9c   Section        0  stm32f4xx_hal_dma.o(i.DMA_CalcBaseAndBitshift)
    DMA_CalcBaseAndBitshift                  0x08000c9d   Thumb Code    46  stm32f4xx_hal_dma.o(i.DMA_CalcBaseAndBitshift)
    i.DMA_CheckFifoParam                     0x08000cd0   Section        0  stm32f4xx_hal_dma.o(i.DMA_CheckFifoParam)
    DMA_CheckFifoParam                       0x08000cd1   Thumb Code   170  stm32f4xx_hal_dma.o(i.DMA_CheckFifoParam)
    i.DMA_SetConfig                          0x08000d7a   Section        0  stm32f4xx_hal_dma.o(i.DMA_SetConfig)
    DMA_SetConfig                            0x08000d7b   Thumb Code    44  stm32f4xx_hal_dma.o(i.DMA_SetConfig)
    i.DebugMon_Handler                       0x08000da6   Section        0  stm32f4xx_it.o(i.DebugMon_Handler)
    i.EXTI3_IRQHandler                       0x08000da8   Section        0  stm32f4xx_it.o(i.EXTI3_IRQHandler)
    i.EXTI4_IRQHandler                       0x08000dc4   Section        0  stm32f4xx_it.o(i.EXTI4_IRQHandler)
    i.Error_Handler                          0x08000de0   Section        0  main.o(i.Error_Handler)
    i.Error_Task                             0x08000de2   Section        0  stm32f4xx_it.o(i.Error_Task)
    i.Feed_WatchDog                          0x08000de4   Section        0  motor_system.o(i.Feed_WatchDog)
    i.Get_Encoder_Count                      0x08000df8   Section        0  odrive_can.o(i.Get_Encoder_Count)
    i.Get_Encoder_Error                      0x08000e18   Section        0  odrive_can.o(i.Get_Encoder_Error)
    i.Get_Encoder_Estimates                  0x08000e38   Section        0  odrive_can.o(i.Get_Encoder_Estimates)
    i.Get_Motor_Error                        0x08000e54   Section        0  odrive_can.o(i.Get_Motor_Error)
    i.Green_Always                           0x08000e70   Section        0  led.o(i.Green_Always)
    i.Green_Quick                            0x08000e8c   Section        0  led.o(i.Green_Quick)
    i.HAL_CAN_ActivateNotification           0x08000ed4   Section        0  stm32f4xx_hal_can.o(i.HAL_CAN_ActivateNotification)
    i.HAL_CAN_AddTxMessage                   0x08000efe   Section        0  stm32f4xx_hal_can.o(i.HAL_CAN_AddTxMessage)
    i.HAL_CAN_ConfigFilter                   0x08001054   Section        0  stm32f4xx_hal_can.o(i.HAL_CAN_ConfigFilter)
    i.HAL_CAN_ErrorCallback                  0x08001178   Section        0  stm32f4xx_hal_can.o(i.HAL_CAN_ErrorCallback)
    i.HAL_CAN_GetRxMessage                   0x0800117a   Section        0  stm32f4xx_hal_can.o(i.HAL_CAN_GetRxMessage)
    i.HAL_CAN_IRQHandler                     0x080012f4   Section        0  stm32f4xx_hal_can.o(i.HAL_CAN_IRQHandler)
    i.HAL_CAN_Init                           0x08001542   Section        0  stm32f4xx_hal_can.o(i.HAL_CAN_Init)
    i.HAL_CAN_MspInit                        0x080016b8   Section        0  can.o(i.HAL_CAN_MspInit)
    i.HAL_CAN_RxFifo0FullCallback            0x0800181c   Section        0  stm32f4xx_hal_can.o(i.HAL_CAN_RxFifo0FullCallback)
    i.HAL_CAN_RxFifo0MsgPendingCallback      0x0800181e   Section        0  stm32f4xx_hal_can.o(i.HAL_CAN_RxFifo0MsgPendingCallback)
    i.HAL_CAN_RxFifo1FullCallback            0x08001820   Section        0  stm32f4xx_hal_can.o(i.HAL_CAN_RxFifo1FullCallback)
    i.HAL_CAN_RxFifo1MsgPendingCallback      0x08001822   Section        0  stm32f4xx_hal_can.o(i.HAL_CAN_RxFifo1MsgPendingCallback)
    i.HAL_CAN_SleepCallback                  0x08001824   Section        0  stm32f4xx_hal_can.o(i.HAL_CAN_SleepCallback)
    i.HAL_CAN_Start                          0x08001826   Section        0  stm32f4xx_hal_can.o(i.HAL_CAN_Start)
    i.HAL_CAN_TxMailbox0AbortCallback        0x08001884   Section        0  stm32f4xx_hal_can.o(i.HAL_CAN_TxMailbox0AbortCallback)
    i.HAL_CAN_TxMailbox0CompleteCallback     0x08001886   Section        0  stm32f4xx_hal_can.o(i.HAL_CAN_TxMailbox0CompleteCallback)
    i.HAL_CAN_TxMailbox1AbortCallback        0x08001888   Section        0  stm32f4xx_hal_can.o(i.HAL_CAN_TxMailbox1AbortCallback)
    i.HAL_CAN_TxMailbox1CompleteCallback     0x0800188a   Section        0  stm32f4xx_hal_can.o(i.HAL_CAN_TxMailbox1CompleteCallback)
    i.HAL_CAN_TxMailbox2AbortCallback        0x0800188c   Section        0  stm32f4xx_hal_can.o(i.HAL_CAN_TxMailbox2AbortCallback)
    i.HAL_CAN_TxMailbox2CompleteCallback     0x0800188e   Section        0  stm32f4xx_hal_can.o(i.HAL_CAN_TxMailbox2CompleteCallback)
    i.HAL_CAN_WakeUpFromRxMsgCallback        0x08001890   Section        0  stm32f4xx_hal_can.o(i.HAL_CAN_WakeUpFromRxMsgCallback)
    i.HAL_DMA_Abort_IT                       0x08001892   Section        0  stm32f4xx_hal_dma.o(i.HAL_DMA_Abort_IT)
    i.HAL_DMA_IRQHandler                     0x080018bc   Section        0  stm32f4xx_hal_dma.o(i.HAL_DMA_IRQHandler)
    i.HAL_DMA_Init                           0x08001afc   Section        0  stm32f4xx_hal_dma.o(i.HAL_DMA_Init)
    i.HAL_DMA_Start_IT                       0x08001be8   Section        0  stm32f4xx_hal_dma.o(i.HAL_DMA_Start_IT)
    i.HAL_GPIO_EXTI_Callback                 0x08001c7a   Section        0  stm32f4xx_hal_gpio.o(i.HAL_GPIO_EXTI_Callback)
    i.HAL_GPIO_EXTI_IRQHandler               0x08001c7c   Section        0  stm32f4xx_hal_gpio.o(i.HAL_GPIO_EXTI_IRQHandler)
    i.HAL_GPIO_Init                          0x08001c98   Section        0  stm32f4xx_hal_gpio.o(i.HAL_GPIO_Init)
    i.HAL_GPIO_WritePin                      0x08001e98   Section        0  stm32f4xx_hal_gpio.o(i.HAL_GPIO_WritePin)
    i.HAL_GetTick                            0x08001ea4   Section        0  stm32f4xx_hal.o(i.HAL_GetTick)
    i.HAL_IncTick                            0x08001eb0   Section        0  stm32f4xx_hal.o(i.HAL_IncTick)
    i.HAL_Init                               0x08001ec8   Section        0  stm32f4xx_hal.o(i.HAL_Init)
    i.HAL_InitTick                           0x08001f04   Section        0  stm32f4xx_hal.o(i.HAL_InitTick)
    i.HAL_MspInit                            0x08001f50   Section        0  stm32f4xx_hal_msp.o(i.HAL_MspInit)
    i.HAL_NVIC_EnableIRQ                     0x08001f98   Section        0  stm32f4xx_hal_cortex.o(i.HAL_NVIC_EnableIRQ)
    i.HAL_NVIC_SetPriority                   0x08001fb8   Section        0  stm32f4xx_hal_cortex.o(i.HAL_NVIC_SetPriority)
    i.HAL_NVIC_SetPriorityGrouping           0x08002034   Section        0  stm32f4xx_hal_cortex.o(i.HAL_NVIC_SetPriorityGrouping)
    i.HAL_RCC_ClockConfig                    0x0800205c   Section        0  stm32f4xx_hal_rcc.o(i.HAL_RCC_ClockConfig)
    i.HAL_RCC_GetHCLKFreq                    0x080021e0   Section        0  stm32f4xx_hal_rcc.o(i.HAL_RCC_GetHCLKFreq)
    i.HAL_RCC_GetPCLK1Freq                   0x080021ec   Section        0  stm32f4xx_hal_rcc.o(i.HAL_RCC_GetPCLK1Freq)
    i.HAL_RCC_GetPCLK2Freq                   0x0800220c   Section        0  stm32f4xx_hal_rcc.o(i.HAL_RCC_GetPCLK2Freq)
    i.HAL_RCC_GetSysClockFreq                0x0800222c   Section        0  stm32f4xx_hal_rcc.o(i.HAL_RCC_GetSysClockFreq)
    i.HAL_RCC_OscConfig                      0x080022dc   Section        0  stm32f4xx_hal_rcc.o(i.HAL_RCC_OscConfig)
    i.HAL_SYSTICK_Config                     0x08002764   Section        0  stm32f4xx_hal_cortex.o(i.HAL_SYSTICK_Config)
    i.HAL_TIMEx_BreakCallback                0x08002798   Section        0  stm32f4xx_hal_tim_ex.o(i.HAL_TIMEx_BreakCallback)
    i.HAL_TIMEx_CommutCallback               0x0800279a   Section        0  stm32f4xx_hal_tim_ex.o(i.HAL_TIMEx_CommutCallback)
    i.HAL_TIMEx_MasterConfigSynchronization  0x0800279c   Section        0  stm32f4xx_hal_tim_ex.o(i.HAL_TIMEx_MasterConfigSynchronization)
    i.HAL_TIM_Base_Init                      0x08002850   Section        0  stm32f4xx_hal_tim.o(i.HAL_TIM_Base_Init)
    i.HAL_TIM_Base_MspInit                   0x08002884   Section        0  tim.o(i.HAL_TIM_Base_MspInit)
    i.HAL_TIM_Base_Start_IT                  0x08002904   Section        0  stm32f4xx_hal_tim.o(i.HAL_TIM_Base_Start_IT)
    i.HAL_TIM_ConfigClockSource              0x0800292e   Section        0  stm32f4xx_hal_tim.o(i.HAL_TIM_ConfigClockSource)
    i.HAL_TIM_IC_CaptureCallback             0x08002a36   Section        0  stm32f4xx_hal_tim.o(i.HAL_TIM_IC_CaptureCallback)
    i.HAL_TIM_IRQHandler                     0x08002a38   Section        0  stm32f4xx_hal_tim.o(i.HAL_TIM_IRQHandler)
    i.HAL_TIM_OC_DelayElapsedCallback        0x08002bce   Section        0  stm32f4xx_hal_tim.o(i.HAL_TIM_OC_DelayElapsedCallback)
    i.HAL_TIM_PWM_PulseFinishedCallback      0x08002bd0   Section        0  stm32f4xx_hal_tim.o(i.HAL_TIM_PWM_PulseFinishedCallback)
    i.HAL_TIM_PeriodElapsedCallback          0x08002bd2   Section        0  stm32f4xx_hal_tim.o(i.HAL_TIM_PeriodElapsedCallback)
    i.HAL_TIM_TriggerCallback                0x08002bd4   Section        0  stm32f4xx_hal_tim.o(i.HAL_TIM_TriggerCallback)
    i.HAL_UART_ErrorCallback                 0x08002bd6   Section        0  stm32f4xx_hal_uart.o(i.HAL_UART_ErrorCallback)
    i.HAL_UART_IRQHandler                    0x08002bd8   Section        0  stm32f4xx_hal_uart.o(i.HAL_UART_IRQHandler)
    i.HAL_UART_Init                          0x08002d2c   Section        0  stm32f4xx_hal_uart.o(i.HAL_UART_Init)
    i.HAL_UART_MspInit                       0x08002da0   Section        0  usart.o(i.HAL_UART_MspInit)
    i.HAL_UART_Receive_DMA                   0x0800318c   Section        0  stm32f4xx_hal_uart.o(i.HAL_UART_Receive_DMA)
    i.HAL_UART_RxCpltCallback                0x08003250   Section        0  stm32f4xx_hal_uart.o(i.HAL_UART_RxCpltCallback)
    i.HAL_UART_RxHalfCpltCallback            0x08003252   Section        0  stm32f4xx_hal_uart.o(i.HAL_UART_RxHalfCpltCallback)
    i.HAL_UART_TxCpltCallback                0x08003254   Section        0  stm32f4xx_hal_uart.o(i.HAL_UART_TxCpltCallback)
    i.HardFault_Handler                      0x08003256   Section        0  stm32f4xx_it.o(i.HardFault_Handler)
    i.LED_Task                               0x0800325c   Section        0  stm32f4xx_it.o(i.LED_Task)
    i.LED_WARNING                            0x08003298   Section        0  led.o(i.LED_WARNING)
    i.MX_CAN1_Init                           0x08003388   Section        0  can.o(i.MX_CAN1_Init)
    i.MX_CAN2_Init                           0x080033cc   Section        0  can.o(i.MX_CAN2_Init)
    i.MX_DMA_Init                            0x08003410   Section        0  dma.o(i.MX_DMA_Init)
    i.MX_GPIO_Init                           0x080034c8   Section        0  gpio.o(i.MX_GPIO_Init)
    i.MX_TIM2_Init                           0x080035b4   Section        0  tim.o(i.MX_TIM2_Init)
    i.MX_TIM3_Init                           0x08003620   Section        0  tim.o(i.MX_TIM3_Init)
    i.MX_USART1_UART_Init                    0x08003690   Section        0  usart.o(i.MX_USART1_UART_Init)
    i.MX_USART2_UART_Init                    0x080036c8   Section        0  usart.o(i.MX_USART2_UART_Init)
    i.MX_USART3_UART_Init                    0x08003700   Section        0  usart.o(i.MX_USART3_UART_Init)
    i.MX_USART6_UART_Init                    0x0800373c   Section        0  usart.o(i.MX_USART6_UART_Init)
    i.MemManage_Handler                      0x08003778   Section        0  stm32f4xx_it.o(i.MemManage_Handler)
    i.Motor_Angle                            0x0800377c   Section        0  move.o(i.Motor_Angle)
    i.Motor_Init                             0x08003b48   Section        0  odrive_can.o(i.Motor_Init)
    i.Motor_Pos_Analysis                     0x08003bc0   Section        0  robo_base.o(i.Motor_Pos_Analysis)
    i.Move_Analysis                          0x08003c14   Section        0  move.o(i.Move_Analysis)
    i.NMI_Handler                            0x08003f24   Section        0  stm32f4xx_it.o(i.NMI_Handler)
    i.ODrive_Recevice                        0x08003f28   Section        0  odrive_can.o(i.ODrive_Recevice)
    i.ODrive_Transmit                        0x08003fe8   Section        0  odrive_can.o(i.ODrive_Transmit)
    i.PID_Init                               0x0800406c   Section        0  motor_system.o(i.PID_Init)
    i.PID_Pos_Cal                            0x080040b8   Section        0  motor_system.o(i.PID_Pos_Cal)
    i.PID_Send                               0x080043d0   Section        0  robo_base.o(i.PID_Send)
    i.PendSV_Handler                         0x0800443c   Section        0  stm32f4xx_it.o(i.PendSV_Handler)
    i.Pos_Info_Analysis                      0x0800443e   Section        0  motor_system.o(i.Pos_Info_Analysis)
    i.Reboot_ODrive                          0x080044b8   Section        0  odrive_can.o(i.Reboot_ODrive)
    i.RemoteData_analysis                    0x080044d8   Section        0  analysis.o(i.RemoteData_analysis)
    i.SVC_Handler                            0x08004580   Section        0  stm32f4xx_it.o(i.SVC_Handler)
    i.Send_To_Motor                          0x08004582   Section        0  motor_system.o(i.Send_To_Motor)
    i.Send_To_ODrive                         0x080045b6   Section        0  odrive_can.o(i.Send_To_ODrive)
    i.Set_Axis_Requested_State               0x080045f0   Section        0  odrive_can.o(i.Set_Axis_Requested_State)
    i.Set_Input_Vel                          0x08004618   Section        0  odrive_can.o(i.Set_Input_Vel)
    i.SysTick_Handler                        0x08004668   Section        0  stm32f4xx_it.o(i.SysTick_Handler)
    i.SystemClock_Config                     0x08004670   Section        0  main.o(i.SystemClock_Config)
    i.SystemInit                             0x08004724   Section        0  system_stm32f4xx.o(i.SystemInit)
    i.SystemState_Set                        0x08004740   Section        0  motor_system.o(i.SystemState_Set)
    i.TIM2_IRQHandler                        0x08004744   Section        0  stm32f4xx_it.o(i.TIM2_IRQHandler)
    i.TIM3_IRQHandler                        0x08004758   Section        0  stm32f4xx_it.o(i.TIM3_IRQHandler)
    i.TIM_Base_SetConfig                     0x08004768   Section        0  stm32f4xx_hal_tim.o(i.TIM_Base_SetConfig)
    i.TIM_ETR_SetConfig                      0x08004840   Section        0  stm32f4xx_hal_tim.o(i.TIM_ETR_SetConfig)
    i.TIM_ITRx_SetConfig                     0x08004856   Section        0  stm32f4xx_hal_tim.o(i.TIM_ITRx_SetConfig)
    TIM_ITRx_SetConfig                       0x08004857   Thumb Code    18  stm32f4xx_hal_tim.o(i.TIM_ITRx_SetConfig)
    i.TIM_TI1_ConfigInputStage               0x08004868   Section        0  stm32f4xx_hal_tim.o(i.TIM_TI1_ConfigInputStage)
    TIM_TI1_ConfigInputStage                 0x08004869   Thumb Code    38  stm32f4xx_hal_tim.o(i.TIM_TI1_ConfigInputStage)
    i.TIM_TI2_ConfigInputStage               0x0800488e   Section        0  stm32f4xx_hal_tim.o(i.TIM_TI2_ConfigInputStage)
    TIM_TI2_ConfigInputStage                 0x0800488f   Thumb Code    40  stm32f4xx_hal_tim.o(i.TIM_TI2_ConfigInputStage)
    i.UART_DMAAbortOnError                   0x080048b6   Section        0  stm32f4xx_hal_uart.o(i.UART_DMAAbortOnError)
    UART_DMAAbortOnError                     0x080048b7   Thumb Code    20  stm32f4xx_hal_uart.o(i.UART_DMAAbortOnError)
    i.UART_DMAError                          0x080048ca   Section        0  stm32f4xx_hal_uart.o(i.UART_DMAError)
    UART_DMAError                            0x080048cb   Thumb Code    80  stm32f4xx_hal_uart.o(i.UART_DMAError)
    i.UART_DMAReceiveCplt                    0x0800491a   Section        0  stm32f4xx_hal_uart.o(i.UART_DMAReceiveCplt)
    UART_DMAReceiveCplt                      0x0800491b   Thumb Code    70  stm32f4xx_hal_uart.o(i.UART_DMAReceiveCplt)
    i.UART_DMARxHalfCplt                     0x08004960   Section        0  stm32f4xx_hal_uart.o(i.UART_DMARxHalfCplt)
    UART_DMARxHalfCplt                       0x08004961   Thumb Code    14  stm32f4xx_hal_uart.o(i.UART_DMARxHalfCplt)
    i.UART_EndRxTransfer                     0x0800496e   Section        0  stm32f4xx_hal_uart.o(i.UART_EndRxTransfer)
    UART_EndRxTransfer                       0x0800496f   Thumb Code    32  stm32f4xx_hal_uart.o(i.UART_EndRxTransfer)
    i.UART_EndTransmit_IT                    0x0800498e   Section        0  stm32f4xx_hal_uart.o(i.UART_EndTransmit_IT)
    UART_EndTransmit_IT                      0x0800498f   Thumb Code    32  stm32f4xx_hal_uart.o(i.UART_EndTransmit_IT)
    i.UART_EndTxTransfer                     0x080049ae   Section        0  stm32f4xx_hal_uart.o(i.UART_EndTxTransfer)
    UART_EndTxTransfer                       0x080049af   Thumb Code    20  stm32f4xx_hal_uart.o(i.UART_EndTxTransfer)
    i.UART_Receive_IT                        0x080049c2   Section        0  stm32f4xx_hal_uart.o(i.UART_Receive_IT)
    UART_Receive_IT                          0x080049c3   Thumb Code   166  stm32f4xx_hal_uart.o(i.UART_Receive_IT)
    i.UART_SetConfig                         0x08004a68   Section        0  stm32f4xx_hal_uart.o(i.UART_SetConfig)
    UART_SetConfig                           0x08004a69   Thumb Code   992  stm32f4xx_hal_uart.o(i.UART_SetConfig)
    i.UART_Transmit_IT                       0x08004e50   Section        0  stm32f4xx_hal_uart.o(i.UART_Transmit_IT)
    UART_Transmit_IT                         0x08004e51   Thumb Code   104  stm32f4xx_hal_uart.o(i.UART_Transmit_IT)
    i.USART1_IRQHandler                      0x08004eb8   Section        0  stm32f4xx_it.o(i.USART1_IRQHandler)
    i.USART2_IRQHandler                      0x08004ee0   Section        0  stm32f4xx_it.o(i.USART2_IRQHandler)
    i.USART3_IRQHandler                      0x08004f04   Section        0  stm32f4xx_it.o(i.USART3_IRQHandler)
    i.USART6_IRQHandler                      0x08004f14   Section        0  stm32f4xx_it.o(i.USART6_IRQHandler)
    i.Uart_DMA_Process                       0x08004f38   Section        0  uart_communicate.o(i.Uart_DMA_Process)
    i.UsageFault_Handler                     0x08004fc0   Section        0  stm32f4xx_it.o(i.UsageFault_Handler)
    i.Usart_All_Init                         0x08004fc4   Section        0  uart_communicate.o(i.Usart_All_Init)
    i.__ARM_fpclassify                       0x080050d0   Section        0  fpclassify.o(i.__ARM_fpclassify)
    i.__NVIC_GetPriorityGrouping             0x08005100   Section        0  stm32f4xx_hal_cortex.o(i.__NVIC_GetPriorityGrouping)
    __NVIC_GetPriorityGrouping               0x08005101   Thumb Code    10  stm32f4xx_hal_cortex.o(i.__NVIC_GetPriorityGrouping)
    i.__NVIC_SetPriority                     0x08005110   Section        0  stm32f4xx_hal_cortex.o(i.__NVIC_SetPriority)
    __NVIC_SetPriority                       0x08005111   Thumb Code    32  stm32f4xx_hal_cortex.o(i.__NVIC_SetPriority)
    i.__hardfp_acos                          0x08005138   Section        0  acos.o(i.__hardfp_acos)
    i.__hardfp_atan                          0x08005488   Section        0  atan.o(i.__hardfp_atan)
    i.__hardfp_atan2                         0x08005768   Section        0  atan2.o(i.__hardfp_atan2)
    i.__hardfp_sqrt                          0x08005958   Section        0  sqrt.o(i.__hardfp_sqrt)
    i.__kernel_poly                          0x080059d2   Section        0  poly.o(i.__kernel_poly)
    i.__mathlib_dbl_underflow                0x08005ad0   Section        0  dunder.o(i.__mathlib_dbl_underflow)
    i.__scatterload_copy                     0x08005af0   Section       14  handlers.o(i.__scatterload_copy)
    i.__scatterload_null                     0x08005afe   Section        2  handlers.o(i.__scatterload_null)
    i.__scatterload_zeroinit                 0x08005b00   Section       14  handlers.o(i.__scatterload_zeroinit)
    i.__set_errno                            0x08005b10   Section        0  errno.o(i.__set_errno)
    i.atan                                   0x08005b1c   Section        0  atan.o(i.atan)
    i.fabs                                   0x08005b2c   Section        0  fabs.o(i.fabs)
    i.main                                   0x08005b44   Section        0  main.o(i.main)
    i.malloc                                 0x08005bac   Section        0  malloc.o(i.malloc)
    i.sqrt                                   0x08005c18   Section        0  sqrt.o(i.sqrt)
    .constdata                               0x08005c86   Section        8  stm32f4xx_hal_dma.o(.constdata)
    flagBitshiftOffset                       0x08005c86   Data           8  stm32f4xx_hal_dma.o(.constdata)
    .constdata                               0x08005c8e   Section       24  system_stm32f4xx.o(.constdata)
    .constdata                               0x08005ca8   Section       80  acos.o(.constdata)
    pS                                       0x08005ca8   Data          48  acos.o(.constdata)
    qS                                       0x08005cd8   Data          32  acos.o(.constdata)
    .constdata                               0x08005cf8   Section      152  atan.o(.constdata)
    atanhi                                   0x08005cf8   Data          32  atan.o(.constdata)
    atanlo                                   0x08005d18   Data          32  atan.o(.constdata)
    aTodd                                    0x08005d38   Data          40  atan.o(.constdata)
    aTeven                                   0x08005d60   Data          48  atan.o(.constdata)
    .constdata                               0x08005d90   Section        8  qnan.o(.constdata)
    .data                                    0x20000000   Section        4  main.o(.data)
    .data                                    0x20000004   Section        4  can.o(.data)
    HAL_RCC_CAN1_CLK_ENABLED                 0x20000004   Data           4  can.o(.data)
    .data                                    0x20000008   Section        2  stm32f4xx_it.o(.data)
    .data                                    0x2000000a   Section       20  analysis.o(.data)
    .data                                    0x20000020   Section       16  move.o(.data)
    Xbox_Angle                               0x20000028   Data           4  move.o(.data)
    Xbox_Speed                               0x2000002c   Data           4  move.o(.data)
    .data                                    0x20000030   Section       10  odrive_can.o(.data)
    num                                      0x20000036   Data           4  odrive_can.o(.data)
    .data                                    0x2000003c   Section        8  led.o(.data)
    P_Error                                  0x2000003c   Data           1  led.o(.data)
    P_Time                                   0x20000040   Data           4  led.o(.data)
    .data                                    0x20000044   Section        9  stm32f4xx_hal.o(.data)
    .data                                    0x20000050   Section        4  system_stm32f4xx.o(.data)
    .data                                    0x20000054   Section        4  mvars.o(.data)
    .data                                    0x20000058   Section        4  mvars.o(.data)
    .data                                    0x2000005c   Section        4  errno.o(.data)
    _errno                                   0x2000005c   Data           4  errno.o(.data)
    .bss                                     0x20000060   Section       80  can.o(.bss)
    .bss                                     0x200000b0   Section      128  tim.o(.bss)
    .bss                                     0x20000130   Section      928  usart.o(.bss)
    .bss                                     0x200004d0   Section       56  stm32f4xx_it.o(.bss)
    .bss                                     0x20000508   Section      192  odrive_can.o(.bss)
    .bss                                     0x200005c8   Section      596  robo_base.o(.bss)
    .bss                                     0x2000081c   Section      100  uart_communicate.o(.bss)
    HEAP                                     0x20000880   Section      512  startup_stm32f405xx.o(HEAP)
    STACK                                    0x20000a80   Section     1024  startup_stm32f405xx.o(STACK)

    Global Symbols

    Symbol Name                              Value     Ov Type        Size  Object(Section)

    BuildAttributes$$THM_ISAv4$E$P$D$K$B$S$7EM$VFPi3$EXTD16$VFPS$VFMA$PE$A:L22UL41UL21$X:L11$S22US41US21$IEEE1$IW$USESV6$~STKCKD$USESV7$~SHL$OTIME$ROPI$IEEEX$EBA8$MICROLIB$REQ8$PRES8$EABIv2 0x00000000   Number         0  anon$$obj.o ABSOLUTE
    __ARM_use_no_argv                        0x00000000   Number         0  main.o ABSOLUTE
    __cpp_initialize__aeabi_                  - Undefined Weak Reference
    __cxa_finalize                            - Undefined Weak Reference
    __decompress                              - Undefined Weak Reference
    _clock_init                               - Undefined Weak Reference
    _microlib_exit                            - Undefined Weak Reference
    __Vectors_Size                           0x00000188   Number         0  startup_stm32f405xx.o ABSOLUTE
    __Vectors                                0x08000000   Data           4  startup_stm32f405xx.o(RESET)
    __Vectors_End                            0x08000188   Data           0  startup_stm32f405xx.o(RESET)
    __main                                   0x08000189   Thumb Code     0  entry.o(.ARM.Collect$$$$00000000)
    _main_stk                                0x08000189   Thumb Code     0  entry2.o(.ARM.Collect$$$$00000001)
    _main_scatterload                        0x0800018d   Thumb Code     0  entry5.o(.ARM.Collect$$$$00000004)
    __main_after_scatterload                 0x08000191   Thumb Code     0  entry5.o(.ARM.Collect$$$$00000004)
    _main_clock                              0x08000191   Thumb Code     0  entry7b.o(.ARM.Collect$$$$00000008)
    _main_cpp_init                           0x08000191   Thumb Code     0  entry8b.o(.ARM.Collect$$$$0000000A)
    _main_init                               0x08000191   Thumb Code     0  entry9a.o(.ARM.Collect$$$$0000000B)
    __rt_final_cpp                           0x08000199   Thumb Code     0  entry10a.o(.ARM.Collect$$$$0000000D)
    __rt_final_exit                          0x08000199   Thumb Code     0  entry11a.o(.ARM.Collect$$$$0000000F)
    Reset_Handler                            0x0800019d   Thumb Code     8  startup_stm32f405xx.o(.text)
    ADC_IRQHandler                           0x080001b7   Thumb Code     0  startup_stm32f405xx.o(.text)
    CAN1_RX1_IRQHandler                      0x080001b7   Thumb Code     0  startup_stm32f405xx.o(.text)
    CAN1_SCE_IRQHandler                      0x080001b7   Thumb Code     0  startup_stm32f405xx.o(.text)
    CAN1_TX_IRQHandler                       0x080001b7   Thumb Code     0  startup_stm32f405xx.o(.text)
    CAN2_RX1_IRQHandler                      0x080001b7   Thumb Code     0  startup_stm32f405xx.o(.text)
    CAN2_SCE_IRQHandler                      0x080001b7   Thumb Code     0  startup_stm32f405xx.o(.text)
    CAN2_TX_IRQHandler                       0x080001b7   Thumb Code     0  startup_stm32f405xx.o(.text)
    DMA1_Stream0_IRQHandler                  0x080001b7   Thumb Code     0  startup_stm32f405xx.o(.text)
    DMA1_Stream2_IRQHandler                  0x080001b7   Thumb Code     0  startup_stm32f405xx.o(.text)
    DMA1_Stream4_IRQHandler                  0x080001b7   Thumb Code     0  startup_stm32f405xx.o(.text)
    DMA1_Stream7_IRQHandler                  0x080001b7   Thumb Code     0  startup_stm32f405xx.o(.text)
    DMA2_Stream0_IRQHandler                  0x080001b7   Thumb Code     0  startup_stm32f405xx.o(.text)
    DMA2_Stream3_IRQHandler                  0x080001b7   Thumb Code     0  startup_stm32f405xx.o(.text)
    DMA2_Stream4_IRQHandler                  0x080001b7   Thumb Code     0  startup_stm32f405xx.o(.text)
    DMA2_Stream5_IRQHandler                  0x080001b7   Thumb Code     0  startup_stm32f405xx.o(.text)
    DMA2_Stream7_IRQHandler                  0x080001b7   Thumb Code     0  startup_stm32f405xx.o(.text)
    EXTI0_IRQHandler                         0x080001b7   Thumb Code     0  startup_stm32f405xx.o(.text)
    EXTI15_10_IRQHandler                     0x080001b7   Thumb Code     0  startup_stm32f405xx.o(.text)
    EXTI1_IRQHandler                         0x080001b7   Thumb Code     0  startup_stm32f405xx.o(.text)
    EXTI2_IRQHandler                         0x080001b7   Thumb Code     0  startup_stm32f405xx.o(.text)
    EXTI9_5_IRQHandler                       0x080001b7   Thumb Code     0  startup_stm32f405xx.o(.text)
    FLASH_IRQHandler                         0x080001b7   Thumb Code     0  startup_stm32f405xx.o(.text)
    FMC_IRQHandler                           0x080001b7   Thumb Code     0  startup_stm32f405xx.o(.text)
    FPU_IRQHandler                           0x080001b7   Thumb Code     0  startup_stm32f405xx.o(.text)
    HASH_RNG_IRQHandler                      0x080001b7   Thumb Code     0  startup_stm32f405xx.o(.text)
    I2C1_ER_IRQHandler                       0x080001b7   Thumb Code     0  startup_stm32f405xx.o(.text)
    I2C1_EV_IRQHandler                       0x080001b7   Thumb Code     0  startup_stm32f405xx.o(.text)
    I2C2_ER_IRQHandler                       0x080001b7   Thumb Code     0  startup_stm32f405xx.o(.text)
    I2C2_EV_IRQHandler                       0x080001b7   Thumb Code     0  startup_stm32f405xx.o(.text)
    I2C3_ER_IRQHandler                       0x080001b7   Thumb Code     0  startup_stm32f405xx.o(.text)
    I2C3_EV_IRQHandler                       0x080001b7   Thumb Code     0  startup_stm32f405xx.o(.text)
    OTG_FS_IRQHandler                        0x080001b7   Thumb Code     0  startup_stm32f405xx.o(.text)
    OTG_FS_WKUP_IRQHandler                   0x080001b7   Thumb Code     0  startup_stm32f405xx.o(.text)
    OTG_HS_EP1_IN_IRQHandler                 0x080001b7   Thumb Code     0  startup_stm32f405xx.o(.text)
    OTG_HS_EP1_OUT_IRQHandler                0x080001b7   Thumb Code     0  startup_stm32f405xx.o(.text)
    OTG_HS_IRQHandler                        0x080001b7   Thumb Code     0  startup_stm32f405xx.o(.text)
    OTG_HS_WKUP_IRQHandler                   0x080001b7   Thumb Code     0  startup_stm32f405xx.o(.text)
    PVD_IRQHandler                           0x080001b7   Thumb Code     0  startup_stm32f405xx.o(.text)
    RCC_IRQHandler                           0x080001b7   Thumb Code     0  startup_stm32f405xx.o(.text)
    RTC_Alarm_IRQHandler                     0x080001b7   Thumb Code     0  startup_stm32f405xx.o(.text)
    RTC_WKUP_IRQHandler                      0x080001b7   Thumb Code     0  startup_stm32f405xx.o(.text)
    SDIO_IRQHandler                          0x080001b7   Thumb Code     0  startup_stm32f405xx.o(.text)
    SPI1_IRQHandler                          0x080001b7   Thumb Code     0  startup_stm32f405xx.o(.text)
    SPI2_IRQHandler                          0x080001b7   Thumb Code     0  startup_stm32f405xx.o(.text)
    SPI3_IRQHandler                          0x080001b7   Thumb Code     0  startup_stm32f405xx.o(.text)
    TAMP_STAMP_IRQHandler                    0x080001b7   Thumb Code     0  startup_stm32f405xx.o(.text)
    TIM1_BRK_TIM9_IRQHandler                 0x080001b7   Thumb Code     0  startup_stm32f405xx.o(.text)
    TIM1_CC_IRQHandler                       0x080001b7   Thumb Code     0  startup_stm32f405xx.o(.text)
    TIM1_TRG_COM_TIM11_IRQHandler            0x080001b7   Thumb Code     0  startup_stm32f405xx.o(.text)
    TIM1_UP_TIM10_IRQHandler                 0x080001b7   Thumb Code     0  startup_stm32f405xx.o(.text)
    TIM4_IRQHandler                          0x080001b7   Thumb Code     0  startup_stm32f405xx.o(.text)
    TIM5_IRQHandler                          0x080001b7   Thumb Code     0  startup_stm32f405xx.o(.text)
    TIM6_DAC_IRQHandler                      0x080001b7   Thumb Code     0  startup_stm32f405xx.o(.text)
    TIM7_IRQHandler                          0x080001b7   Thumb Code     0  startup_stm32f405xx.o(.text)
    TIM8_BRK_TIM12_IRQHandler                0x080001b7   Thumb Code     0  startup_stm32f405xx.o(.text)
    TIM8_CC_IRQHandler                       0x080001b7   Thumb Code     0  startup_stm32f405xx.o(.text)
    TIM8_TRG_COM_TIM14_IRQHandler            0x080001b7   Thumb Code     0  startup_stm32f405xx.o(.text)
    TIM8_UP_TIM13_IRQHandler                 0x080001b7   Thumb Code     0  startup_stm32f405xx.o(.text)
    UART4_IRQHandler                         0x080001b7   Thumb Code     0  startup_stm32f405xx.o(.text)
    UART5_IRQHandler                         0x080001b7   Thumb Code     0  startup_stm32f405xx.o(.text)
    WWDG_IRQHandler                          0x080001b7   Thumb Code     0  startup_stm32f405xx.o(.text)
    __aeabi_uldivmod                         0x080001c1   Thumb Code    98  uldiv.o(.text)
    __aeabi_memset                           0x08000223   Thumb Code    14  memseta.o(.text)
    __aeabi_memset4                          0x08000223   Thumb Code     0  memseta.o(.text)
    __aeabi_memset8                          0x08000223   Thumb Code     0  memseta.o(.text)
    __aeabi_memclr                           0x08000231   Thumb Code     4  memseta.o(.text)
    __aeabi_memclr4                          0x08000231   Thumb Code     0  memseta.o(.text)
    __aeabi_memclr8                          0x08000231   Thumb Code     0  memseta.o(.text)
    _memset$wrapper                          0x08000235   Thumb Code    18  memseta.o(.text)
    __aeabi_dadd                             0x08000247   Thumb Code   322  dadd.o(.text)
    __aeabi_dsub                             0x08000389   Thumb Code     6  dadd.o(.text)
    __aeabi_drsub                            0x0800038f   Thumb Code     6  dadd.o(.text)
    __aeabi_dmul                             0x08000395   Thumb Code   228  dmul.o(.text)
    __aeabi_ddiv                             0x08000479   Thumb Code   222  ddiv.o(.text)
    __aeabi_i2d                              0x08000557   Thumb Code    34  dflti.o(.text)
    __aeabi_f2d                              0x08000579   Thumb Code    38  f2d.o(.text)
    __aeabi_cdcmpeq                          0x080005a1   Thumb Code     0  cdcmple.o(.text)
    __aeabi_cdcmple                          0x080005a1   Thumb Code    38  cdcmple.o(.text)
    __aeabi_cdrcmple                         0x080005c9   Thumb Code    38  cdrcmple.o(.text)
    __aeabi_d2f                              0x080005f1   Thumb Code    56  d2f.o(.text)
    __aeabi_llsl                             0x08000629   Thumb Code    30  llshl.o(.text)
    _ll_shift_l                              0x08000629   Thumb Code     0  llshl.o(.text)
    __aeabi_llsr                             0x08000647   Thumb Code    32  llushr.o(.text)
    _ll_ushift_r                             0x08000647   Thumb Code     0  llushr.o(.text)
    __aeabi_lasr                             0x08000667   Thumb Code    36  llsshr.o(.text)
    _ll_sshift_r                             0x08000667   Thumb Code     0  llsshr.o(.text)
    __I$use$fp                               0x0800068b   Thumb Code     0  iusefp.o(.text)
    _float_round                             0x0800068b   Thumb Code    18  fepilogue.o(.text)
    _float_epilogue                          0x0800069d   Thumb Code    92  fepilogue.o(.text)
    _double_round                            0x080006f9   Thumb Code    26  depilogue.o(.text)
    _double_epilogue                         0x08000713   Thumb Code   156  depilogue.o(.text)
    _dsqrt                                   0x080007af   Thumb Code   162  dsqrt.o(.text)
    __scatterload                            0x08000851   Thumb Code    28  init.o(.text)
    __scatterload_rt2                        0x08000851   Thumb Code     0  init.o(.text)
    Axis_Init                                0x08000875   Thumb Code    48  odrive_can.o(i.Axis_Init)
    BASE_Init                                0x080008a9   Thumb Code   540  robo_base.o(i.BASE_Init)
    BusFault_Handler                         0x08000ae1   Thumb Code     4  stm32f4xx_it.o(i.BusFault_Handler)
    CAN1_RX0_IRQHandler                      0x08000ae5   Thumb Code    34  stm32f4xx_it.o(i.CAN1_RX0_IRQHandler)
    CAN2_RX0_IRQHandler                      0x08000b15   Thumb Code    32  stm32f4xx_it.o(i.CAN2_RX0_IRQHandler)
    CAN_Start_IT                             0x08000b41   Thumb Code    76  can.o(i.CAN_Start_IT)
    Control_Task                             0x08000b91   Thumb Code   142  stm32f4xx_it.o(i.Control_Task)
    DMA1_Stream1_IRQHandler                  0x08000c2d   Thumb Code    10  stm32f4xx_it.o(i.DMA1_Stream1_IRQHandler)
    DMA1_Stream3_IRQHandler                  0x08000c3d   Thumb Code    10  stm32f4xx_it.o(i.DMA1_Stream3_IRQHandler)
    DMA1_Stream5_IRQHandler                  0x08000c4d   Thumb Code    10  stm32f4xx_it.o(i.DMA1_Stream5_IRQHandler)
    DMA1_Stream6_IRQHandler                  0x08000c5d   Thumb Code    10  stm32f4xx_it.o(i.DMA1_Stream6_IRQHandler)
    DMA2_Stream1_IRQHandler                  0x08000c6d   Thumb Code    10  stm32f4xx_it.o(i.DMA2_Stream1_IRQHandler)
    DMA2_Stream2_IRQHandler                  0x08000c7d   Thumb Code    10  stm32f4xx_it.o(i.DMA2_Stream2_IRQHandler)
    DMA2_Stream6_IRQHandler                  0x08000c8d   Thumb Code    10  stm32f4xx_it.o(i.DMA2_Stream6_IRQHandler)
    DebugMon_Handler                         0x08000da7   Thumb Code     2  stm32f4xx_it.o(i.DebugMon_Handler)
    EXTI3_IRQHandler                         0x08000da9   Thumb Code    22  stm32f4xx_it.o(i.EXTI3_IRQHandler)
    EXTI4_IRQHandler                         0x08000dc5   Thumb Code    22  stm32f4xx_it.o(i.EXTI4_IRQHandler)
    Error_Handler                            0x08000de1   Thumb Code     2  main.o(i.Error_Handler)
    Error_Task                               0x08000de3   Thumb Code     2  stm32f4xx_it.o(i.Error_Task)
    Feed_WatchDog                            0x08000de5   Thumb Code    18  motor_system.o(i.Feed_WatchDog)
    Get_Encoder_Count                        0x08000df9   Thumb Code    22  odrive_can.o(i.Get_Encoder_Count)
    Get_Encoder_Error                        0x08000e19   Thumb Code    22  odrive_can.o(i.Get_Encoder_Error)
    Get_Encoder_Estimates                    0x08000e39   Thumb Code    22  odrive_can.o(i.Get_Encoder_Estimates)
    Get_Motor_Error                          0x08000e55   Thumb Code    22  odrive_can.o(i.Get_Motor_Error)
    Green_Always                             0x08000e71   Thumb Code    24  led.o(i.Green_Always)
    Green_Quick                              0x08000e8d   Thumb Code    66  led.o(i.Green_Quick)
    HAL_CAN_ActivateNotification             0x08000ed5   Thumb Code    42  stm32f4xx_hal_can.o(i.HAL_CAN_ActivateNotification)
    HAL_CAN_AddTxMessage                     0x08000eff   Thumb Code   342  stm32f4xx_hal_can.o(i.HAL_CAN_AddTxMessage)
    HAL_CAN_ConfigFilter                     0x08001055   Thumb Code   286  stm32f4xx_hal_can.o(i.HAL_CAN_ConfigFilter)
    HAL_CAN_ErrorCallback                    0x08001179   Thumb Code     2  stm32f4xx_hal_can.o(i.HAL_CAN_ErrorCallback)
    HAL_CAN_GetRxMessage                     0x0800117b   Thumb Code   378  stm32f4xx_hal_can.o(i.HAL_CAN_GetRxMessage)
    HAL_CAN_IRQHandler                       0x080012f5   Thumb Code   590  stm32f4xx_hal_can.o(i.HAL_CAN_IRQHandler)
    HAL_CAN_Init                             0x08001543   Thumb Code   372  stm32f4xx_hal_can.o(i.HAL_CAN_Init)
    HAL_CAN_MspInit                          0x080016b9   Thumb Code   330  can.o(i.HAL_CAN_MspInit)
    HAL_CAN_RxFifo0FullCallback              0x0800181d   Thumb Code     2  stm32f4xx_hal_can.o(i.HAL_CAN_RxFifo0FullCallback)
    HAL_CAN_RxFifo0MsgPendingCallback        0x0800181f   Thumb Code     2  stm32f4xx_hal_can.o(i.HAL_CAN_RxFifo0MsgPendingCallback)
    HAL_CAN_RxFifo1FullCallback              0x08001821   Thumb Code     2  stm32f4xx_hal_can.o(i.HAL_CAN_RxFifo1FullCallback)
    HAL_CAN_RxFifo1MsgPendingCallback        0x08001823   Thumb Code     2  stm32f4xx_hal_can.o(i.HAL_CAN_RxFifo1MsgPendingCallback)
    HAL_CAN_SleepCallback                    0x08001825   Thumb Code     2  stm32f4xx_hal_can.o(i.HAL_CAN_SleepCallback)
    HAL_CAN_Start                            0x08001827   Thumb Code    94  stm32f4xx_hal_can.o(i.HAL_CAN_Start)
    HAL_CAN_TxMailbox0AbortCallback          0x08001885   Thumb Code     2  stm32f4xx_hal_can.o(i.HAL_CAN_TxMailbox0AbortCallback)
    HAL_CAN_TxMailbox0CompleteCallback       0x08001887   Thumb Code     2  stm32f4xx_hal_can.o(i.HAL_CAN_TxMailbox0CompleteCallback)
    HAL_CAN_TxMailbox1AbortCallback          0x08001889   Thumb Code     2  stm32f4xx_hal_can.o(i.HAL_CAN_TxMailbox1AbortCallback)
    HAL_CAN_TxMailbox1CompleteCallback       0x0800188b   Thumb Code     2  stm32f4xx_hal_can.o(i.HAL_CAN_TxMailbox1CompleteCallback)
    HAL_CAN_TxMailbox2AbortCallback          0x0800188d   Thumb Code     2  stm32f4xx_hal_can.o(i.HAL_CAN_TxMailbox2AbortCallback)
    HAL_CAN_TxMailbox2CompleteCallback       0x0800188f   Thumb Code     2  stm32f4xx_hal_can.o(i.HAL_CAN_TxMailbox2CompleteCallback)
    HAL_CAN_WakeUpFromRxMsgCallback          0x08001891   Thumb Code     2  stm32f4xx_hal_can.o(i.HAL_CAN_WakeUpFromRxMsgCallback)
    HAL_DMA_Abort_IT                         0x08001893   Thumb Code    40  stm32f4xx_hal_dma.o(i.HAL_DMA_Abort_IT)
    HAL_DMA_IRQHandler                       0x080018bd   Thumb Code   570  stm32f4xx_hal_dma.o(i.HAL_DMA_IRQHandler)
    HAL_DMA_Init                             0x08001afd   Thumb Code   232  stm32f4xx_hal_dma.o(i.HAL_DMA_Init)
    HAL_DMA_Start_IT                         0x08001be9   Thumb Code   146  stm32f4xx_hal_dma.o(i.HAL_DMA_Start_IT)
    HAL_GPIO_EXTI_Callback                   0x08001c7b   Thumb Code     2  stm32f4xx_hal_gpio.o(i.HAL_GPIO_EXTI_Callback)
    HAL_GPIO_EXTI_IRQHandler                 0x08001c7d   Thumb Code    24  stm32f4xx_hal_gpio.o(i.HAL_GPIO_EXTI_IRQHandler)
    HAL_GPIO_Init                            0x08001c99   Thumb Code   466  stm32f4xx_hal_gpio.o(i.HAL_GPIO_Init)
    HAL_GPIO_WritePin                        0x08001e99   Thumb Code    12  stm32f4xx_hal_gpio.o(i.HAL_GPIO_WritePin)
    HAL_GetTick                              0x08001ea5   Thumb Code     6  stm32f4xx_hal.o(i.HAL_GetTick)
    HAL_IncTick                              0x08001eb1   Thumb Code    16  stm32f4xx_hal.o(i.HAL_IncTick)
    HAL_Init                                 0x08001ec9   Thumb Code    54  stm32f4xx_hal.o(i.HAL_Init)
    HAL_InitTick                             0x08001f05   Thumb Code    64  stm32f4xx_hal.o(i.HAL_InitTick)
    HAL_MspInit                              0x08001f51   Thumb Code    68  stm32f4xx_hal_msp.o(i.HAL_MspInit)
    HAL_NVIC_EnableIRQ                       0x08001f99   Thumb Code    32  stm32f4xx_hal_cortex.o(i.HAL_NVIC_EnableIRQ)
    HAL_NVIC_SetPriority                     0x08001fb9   Thumb Code   124  stm32f4xx_hal_cortex.o(i.HAL_NVIC_SetPriority)
    HAL_NVIC_SetPriorityGrouping             0x08002035   Thumb Code    32  stm32f4xx_hal_cortex.o(i.HAL_NVIC_SetPriorityGrouping)
    HAL_RCC_ClockConfig                      0x0800205d   Thumb Code   368  stm32f4xx_hal_rcc.o(i.HAL_RCC_ClockConfig)
    HAL_RCC_GetHCLKFreq                      0x080021e1   Thumb Code     6  stm32f4xx_hal_rcc.o(i.HAL_RCC_GetHCLKFreq)
    HAL_RCC_GetPCLK1Freq                     0x080021ed   Thumb Code    22  stm32f4xx_hal_rcc.o(i.HAL_RCC_GetPCLK1Freq)
    HAL_RCC_GetPCLK2Freq                     0x0800220d   Thumb Code    22  stm32f4xx_hal_rcc.o(i.HAL_RCC_GetPCLK2Freq)
    HAL_RCC_GetSysClockFreq                  0x0800222d   Thumb Code   162  stm32f4xx_hal_rcc.o(i.HAL_RCC_GetSysClockFreq)
    HAL_RCC_OscConfig                        0x080022dd   Thumb Code  1152  stm32f4xx_hal_rcc.o(i.HAL_RCC_OscConfig)
    HAL_SYSTICK_Config                       0x08002765   Thumb Code    52  stm32f4xx_hal_cortex.o(i.HAL_SYSTICK_Config)
    HAL_TIMEx_BreakCallback                  0x08002799   Thumb Code     2  stm32f4xx_hal_tim_ex.o(i.HAL_TIMEx_BreakCallback)
    HAL_TIMEx_CommutCallback                 0x0800279b   Thumb Code     2  stm32f4xx_hal_tim_ex.o(i.HAL_TIMEx_CommutCallback)
    HAL_TIMEx_MasterConfigSynchronization    0x0800279d   Thumb Code   150  stm32f4xx_hal_tim_ex.o(i.HAL_TIMEx_MasterConfigSynchronization)
    HAL_TIM_Base_Init                        0x08002851   Thumb Code    52  stm32f4xx_hal_tim.o(i.HAL_TIM_Base_Init)
    HAL_TIM_Base_MspInit                     0x08002885   Thumb Code   120  tim.o(i.HAL_TIM_Base_MspInit)
    HAL_TIM_Base_Start_IT                    0x08002905   Thumb Code    42  stm32f4xx_hal_tim.o(i.HAL_TIM_Base_Start_IT)
    HAL_TIM_ConfigClockSource                0x0800292f   Thumb Code   264  stm32f4xx_hal_tim.o(i.HAL_TIM_ConfigClockSource)
    HAL_TIM_IC_CaptureCallback               0x08002a37   Thumb Code     2  stm32f4xx_hal_tim.o(i.HAL_TIM_IC_CaptureCallback)
    HAL_TIM_IRQHandler                       0x08002a39   Thumb Code   406  stm32f4xx_hal_tim.o(i.HAL_TIM_IRQHandler)
    HAL_TIM_OC_DelayElapsedCallback          0x08002bcf   Thumb Code     2  stm32f4xx_hal_tim.o(i.HAL_TIM_OC_DelayElapsedCallback)
    HAL_TIM_PWM_PulseFinishedCallback        0x08002bd1   Thumb Code     2  stm32f4xx_hal_tim.o(i.HAL_TIM_PWM_PulseFinishedCallback)
    HAL_TIM_PeriodElapsedCallback            0x08002bd3   Thumb Code     2  stm32f4xx_hal_tim.o(i.HAL_TIM_PeriodElapsedCallback)
    HAL_TIM_TriggerCallback                  0x08002bd5   Thumb Code     2  stm32f4xx_hal_tim.o(i.HAL_TIM_TriggerCallback)
    HAL_UART_ErrorCallback                   0x08002bd7   Thumb Code     2  stm32f4xx_hal_uart.o(i.HAL_UART_ErrorCallback)
    HAL_UART_IRQHandler                      0x08002bd9   Thumb Code   336  stm32f4xx_hal_uart.o(i.HAL_UART_IRQHandler)
    HAL_UART_Init                            0x08002d2d   Thumb Code   114  stm32f4xx_hal_uart.o(i.HAL_UART_Init)
    HAL_UART_MspInit                         0x08002da1   Thumb Code   940  usart.o(i.HAL_UART_MspInit)
    HAL_UART_Receive_DMA                     0x0800318d   Thumb Code   182  stm32f4xx_hal_uart.o(i.HAL_UART_Receive_DMA)
    HAL_UART_RxCpltCallback                  0x08003251   Thumb Code     2  stm32f4xx_hal_uart.o(i.HAL_UART_RxCpltCallback)
    HAL_UART_RxHalfCpltCallback              0x08003253   Thumb Code     2  stm32f4xx_hal_uart.o(i.HAL_UART_RxHalfCpltCallback)
    HAL_UART_TxCpltCallback                  0x08003255   Thumb Code     2  stm32f4xx_hal_uart.o(i.HAL_UART_TxCpltCallback)
    HardFault_Handler                        0x08003257   Thumb Code     4  stm32f4xx_it.o(i.HardFault_Handler)
    LED_Task                                 0x0800325d   Thumb Code    50  stm32f4xx_it.o(i.LED_Task)
    LED_WARNING                              0x08003299   Thumb Code   226  led.o(i.LED_WARNING)
    MX_CAN1_Init                             0x08003389   Thumb Code    58  can.o(i.MX_CAN1_Init)
    MX_CAN2_Init                             0x080033cd   Thumb Code    58  can.o(i.MX_CAN2_Init)
    MX_DMA_Init                              0x08003411   Thumb Code   178  dma.o(i.MX_DMA_Init)
    MX_GPIO_Init                             0x080034c9   Thumb Code   222  gpio.o(i.MX_GPIO_Init)
    MX_TIM2_Init                             0x080035b5   Thumb Code   104  tim.o(i.MX_TIM2_Init)
    MX_TIM3_Init                             0x08003621   Thumb Code   102  tim.o(i.MX_TIM3_Init)
    MX_USART1_UART_Init                      0x08003691   Thumb Code    46  usart.o(i.MX_USART1_UART_Init)
    MX_USART2_UART_Init                      0x080036c9   Thumb Code    46  usart.o(i.MX_USART2_UART_Init)
    MX_USART3_UART_Init                      0x08003701   Thumb Code    50  usart.o(i.MX_USART3_UART_Init)
    MX_USART6_UART_Init                      0x0800373d   Thumb Code    50  usart.o(i.MX_USART6_UART_Init)
    MemManage_Handler                        0x08003779   Thumb Code     4  stm32f4xx_it.o(i.MemManage_Handler)
    Motor_Angle                              0x0800377d   Thumb Code   956  move.o(i.Motor_Angle)
    Motor_Init                               0x08003b49   Thumb Code   114  odrive_can.o(i.Motor_Init)
    Motor_Pos_Analysis                       0x08003bc1   Thumb Code    76  robo_base.o(i.Motor_Pos_Analysis)
    Move_Analysis                            0x08003c15   Thumb Code   704  move.o(i.Move_Analysis)
    NMI_Handler                              0x08003f25   Thumb Code     2  stm32f4xx_it.o(i.NMI_Handler)
    ODrive_Recevice                          0x08003f29   Thumb Code   184  odrive_can.o(i.ODrive_Recevice)
    ODrive_Transmit                          0x08003fe9   Thumb Code   130  odrive_can.o(i.ODrive_Transmit)
    PID_Init                                 0x0800406d   Thumb Code    70  motor_system.o(i.PID_Init)
    PID_Pos_Cal                              0x080040b9   Thumb Code   788  motor_system.o(i.PID_Pos_Cal)
    PID_Send                                 0x080043d1   Thumb Code    98  robo_base.o(i.PID_Send)
    PendSV_Handler                           0x0800443d   Thumb Code     2  stm32f4xx_it.o(i.PendSV_Handler)
    Pos_Info_Analysis                        0x0800443f   Thumb Code   122  motor_system.o(i.Pos_Info_Analysis)
    Reboot_ODrive                            0x080044b9   Thumb Code    22  odrive_can.o(i.Reboot_ODrive)
    RemoteData_analysis                      0x080044d9   Thumb Code   162  analysis.o(i.RemoteData_analysis)
    SVC_Handler                              0x08004581   Thumb Code     2  stm32f4xx_it.o(i.SVC_Handler)
    Send_To_Motor                            0x08004583   Thumb Code    52  motor_system.o(i.Send_To_Motor)
    Send_To_ODrive                           0x080045b7   Thumb Code    58  odrive_can.o(i.Send_To_ODrive)
    Set_Axis_Requested_State                 0x080045f1   Thumb Code    32  odrive_can.o(i.Set_Axis_Requested_State)
    Set_Input_Vel                            0x08004619   Thumb Code    76  odrive_can.o(i.Set_Input_Vel)
    SysTick_Handler                          0x08004669   Thumb Code     8  stm32f4xx_it.o(i.SysTick_Handler)
    SystemClock_Config                       0x08004671   Thumb Code   170  main.o(i.SystemClock_Config)
    SystemInit                               0x08004725   Thumb Code    24  system_stm32f4xx.o(i.SystemInit)
    SystemState_Set                          0x08004741   Thumb Code     4  motor_system.o(i.SystemState_Set)
    TIM2_IRQHandler                          0x08004745   Thumb Code    14  stm32f4xx_it.o(i.TIM2_IRQHandler)
    TIM3_IRQHandler                          0x08004759   Thumb Code    10  stm32f4xx_it.o(i.TIM3_IRQHandler)
    TIM_Base_SetConfig                       0x08004769   Thumb Code   170  stm32f4xx_hal_tim.o(i.TIM_Base_SetConfig)
    TIM_ETR_SetConfig                        0x08004841   Thumb Code    22  stm32f4xx_hal_tim.o(i.TIM_ETR_SetConfig)
    USART1_IRQHandler                        0x08004eb9   Thumb Code    22  stm32f4xx_it.o(i.USART1_IRQHandler)
    USART2_IRQHandler                        0x08004ee1   Thumb Code    22  stm32f4xx_it.o(i.USART2_IRQHandler)
    USART3_IRQHandler                        0x08004f05   Thumb Code    10  stm32f4xx_it.o(i.USART3_IRQHandler)
    USART6_IRQHandler                        0x08004f15   Thumb Code    22  stm32f4xx_it.o(i.USART6_IRQHandler)
    Uart_DMA_Process                         0x08004f39   Thumb Code   136  uart_communicate.o(i.Uart_DMA_Process)
    UsageFault_Handler                       0x08004fc1   Thumb Code     4  stm32f4xx_it.o(i.UsageFault_Handler)
    Usart_All_Init                           0x08004fc5   Thumb Code   236  uart_communicate.o(i.Usart_All_Init)
    __ARM_fpclassify                         0x080050d1   Thumb Code    48  fpclassify.o(i.__ARM_fpclassify)
    __hardfp_acos                            0x08005139   Thumb Code   738  acos.o(i.__hardfp_acos)
    __hardfp_atan                            0x08005489   Thumb Code   632  atan.o(i.__hardfp_atan)
    __hardfp_atan2                           0x08005769   Thumb Code   426  atan2.o(i.__hardfp_atan2)
    __hardfp_sqrt                            0x08005959   Thumb Code   122  sqrt.o(i.__hardfp_sqrt)
    __kernel_poly                            0x080059d3   Thumb Code   248  poly.o(i.__kernel_poly)
    __mathlib_dbl_underflow                  0x08005ad1   Thumb Code    24  dunder.o(i.__mathlib_dbl_underflow)
    __scatterload_copy                       0x08005af1   Thumb Code    14  handlers.o(i.__scatterload_copy)
    __scatterload_null                       0x08005aff   Thumb Code     2  handlers.o(i.__scatterload_null)
    __scatterload_zeroinit                   0x08005b01   Thumb Code    14  handlers.o(i.__scatterload_zeroinit)
    __set_errno                              0x08005b11   Thumb Code     6  errno.o(i.__set_errno)
    atan                                     0x08005b1d   Thumb Code    16  atan.o(i.atan)
    fabs                                     0x08005b2d   Thumb Code    24  fabs.o(i.fabs)
    main                                     0x08005b45   Thumb Code    86  main.o(i.main)
    malloc                                   0x08005bad   Thumb Code    92  malloc.o(i.malloc)
    sqrt                                     0x08005c19   Thumb Code   110  sqrt.o(i.sqrt)
    AHBPrescTable                            0x08005c8e   Data          16  system_stm32f4xx.o(.constdata)
    APBPrescTable                            0x08005c9e   Data           8  system_stm32f4xx.o(.constdata)
    __mathlib_zero                           0x08005d90   Data           8  qnan.o(.constdata)
    Region$$Table$$Base                      0x08005d98   Number         0  anon$$obj.o(Region$$Table)
    Region$$Table$$Limit                     0x08005db8   Number         0  anon$$obj.o(Region$$Table)
    sysclock                                 0x20000000   Data           4  main.o(.data)
    Control_State                            0x20000008   Data           1  stm32f4xx_it.o(.data)
    ODrive_num                               0x20000009   Data           1  stm32f4xx_it.o(.data)
    RC_Ctl                                   0x2000000a   Data          20  analysis.o(.data)
    dA_Tar                                   0x20000020   Data           8  move.o(.data)
    data                                     0x20000030   Data           4  odrive_can.o(.data)
    test_data                                0x20000034   Data           1  odrive_can.o(.data)
    flag                                     0x20000035   Data           1  odrive_can.o(.data)
    uwTick                                   0x20000044   Data           4  stm32f4xx_hal.o(.data)
    uwTickPrio                               0x20000048   Data           4  stm32f4xx_hal.o(.data)
    uwTickFreq                               0x2000004c   Data           1  stm32f4xx_hal.o(.data)
    SystemCoreClock                          0x20000050   Data           4  system_stm32f4xx.o(.data)
    __microlib_freelist                      0x20000054   Data           4  mvars.o(.data)
    __microlib_freelist_initialised          0x20000058   Data           4  mvars.o(.data)
    hcan1                                    0x20000060   Data          40  can.o(.bss)
    hcan2                                    0x20000088   Data          40  can.o(.bss)
    htim2                                    0x200000b0   Data          64  tim.o(.bss)
    htim3                                    0x200000f0   Data          64  tim.o(.bss)
    huart1                                   0x20000130   Data          64  usart.o(.bss)
    huart2                                   0x20000170   Data          64  usart.o(.bss)
    huart3                                   0x200001b0   Data          64  usart.o(.bss)
    huart6                                   0x200001f0   Data          64  usart.o(.bss)
    hdma_usart1_rx                           0x20000230   Data          96  usart.o(.bss)
    hdma_usart2_rx                           0x20000290   Data          96  usart.o(.bss)
    hdma_usart2_tx                           0x200002f0   Data          96  usart.o(.bss)
    hdma_usart3_rx                           0x20000350   Data          96  usart.o(.bss)
    hdma_usart3_tx                           0x200003b0   Data          96  usart.o(.bss)
    hdma_usart6_rx                           0x20000410   Data          96  usart.o(.bss)
    hdma_usart6_tx                           0x20000470   Data          96  usart.o(.bss)
    RxMeg1                                   0x200004d0   Data          28  stm32f4xx_it.o(.bss)
    RxMeg2                                   0x200004ec   Data          28  stm32f4xx_it.o(.bss)
    ODrive0                                  0x20000508   Data          96  odrive_can.o(.bss)
    ODrive1                                  0x20000568   Data          96  odrive_can.o(.bss)
    Robo_Base                                0x200005c8   Data         596  robo_base.o(.bss)
    Uart2_Rx                                 0x2000081c   Data          12  uart_communicate.o(.bss)
    Uart2_Tx                                 0x20000828   Data          50  uart_communicate.o(.bss)
    Uart1_Rx                                 0x2000085c   Data          12  uart_communicate.o(.bss)
    Uart3_Rx                                 0x20000868   Data          12  uart_communicate.o(.bss)
    Uart6_Rx                                 0x20000874   Data          12  uart_communicate.o(.bss)
    __heap_base                              0x20000880   Data           0  startup_stm32f405xx.o(HEAP)
    __heap_limit                             0x20000a80   Data           0  startup_stm32f405xx.o(HEAP)
    __initial_sp                             0x20000e80   Data           0  startup_stm32f405xx.o(STACK)



==============================================================================

Memory Map of the image

  Image Entry point : 0x08000189

  Load Region LR_IROM1 (Base: 0x08000000, Size: 0x00005e18, Max: 0x00100000, ABSOLUTE)

    Execution Region ER_IROM1 (Base: 0x08000000, Size: 0x00005db8, Max: 0x00100000, ABSOLUTE)

    Base Addr    Size         Type   Attr      Idx    E Section Name        Object

    0x08000000   0x00000188   Data   RO            3    RESET               startup_stm32f405xx.o
    0x08000188   0x00000000   Code   RO         3797  * .ARM.Collect$$$$00000000  mc_w.l(entry.o)
    0x08000188   0x00000004   Code   RO         3875    .ARM.Collect$$$$00000001  mc_w.l(entry2.o)
    0x0800018c   0x00000004   Code   RO         3878    .ARM.Collect$$$$00000004  mc_w.l(entry5.o)
    0x08000190   0x00000000   Code   RO         3880    .ARM.Collect$$$$00000008  mc_w.l(entry7b.o)
    0x08000190   0x00000000   Code   RO         3882    .ARM.Collect$$$$0000000A  mc_w.l(entry8b.o)
    0x08000190   0x00000008   Code   RO         3883    .ARM.Collect$$$$0000000B  mc_w.l(entry9a.o)
    0x08000198   0x00000000   Code   RO         3885    .ARM.Collect$$$$0000000D  mc_w.l(entry10a.o)
    0x08000198   0x00000000   Code   RO         3887    .ARM.Collect$$$$0000000F  mc_w.l(entry11a.o)
    0x08000198   0x00000004   Code   RO         3876    .ARM.Collect$$$$00002712  mc_w.l(entry2.o)
    0x0800019c   0x00000024   Code   RO            4    .text               startup_stm32f405xx.o
    0x080001c0   0x00000062   Code   RO         3800    .text               mc_w.l(uldiv.o)
    0x08000222   0x00000024   Code   RO         3804    .text               mc_w.l(memseta.o)
    0x08000246   0x0000014e   Code   RO         3836    .text               mf_w.l(dadd.o)
    0x08000394   0x000000e4   Code   RO         3838    .text               mf_w.l(dmul.o)
    0x08000478   0x000000de   Code   RO         3840    .text               mf_w.l(ddiv.o)
    0x08000556   0x00000022   Code   RO         3842    .text               mf_w.l(dflti.o)
    0x08000578   0x00000026   Code   RO         3844    .text               mf_w.l(f2d.o)
    0x0800059e   0x00000002   PAD
    0x080005a0   0x00000028   Code   RO         3846    .text               mf_w.l(cdcmple.o)
    0x080005c8   0x00000028   Code   RO         3848    .text               mf_w.l(cdrcmple.o)
    0x080005f0   0x00000038   Code   RO         3850    .text               mf_w.l(d2f.o)
    0x08000628   0x0000001e   Code   RO         3889    .text               mc_w.l(llshl.o)
    0x08000646   0x00000020   Code   RO         3891    .text               mc_w.l(llushr.o)
    0x08000666   0x00000024   Code   RO         3893    .text               mc_w.l(llsshr.o)
    0x0800068a   0x00000000   Code   RO         3904    .text               mc_w.l(iusefp.o)
    0x0800068a   0x0000006e   Code   RO         3905    .text               mf_w.l(fepilogue.o)
    0x080006f8   0x000000b6   Code   RO         3907    .text               mf_w.l(depilogue.o)
    0x080007ae   0x000000a2   Code   RO         3911    .text               mf_w.l(dsqrt.o)
    0x08000850   0x00000024   Code   RO         3917    .text               mc_w.l(init.o)
    0x08000874   0x00000034   Code   RO          789    i.Axis_Init         odrive_can.o
    0x080008a8   0x00000238   Code   RO          889    i.BASE_Init         robo_base.o
    0x08000ae0   0x00000004   Code   RO          400    i.BusFault_Handler  stm32f4xx_it.o
    0x08000ae4   0x00000030   Code   RO          401    i.CAN1_RX0_IRQHandler  stm32f4xx_it.o
    0x08000b14   0x0000002c   Code   RO          402    i.CAN2_RX0_IRQHandler  stm32f4xx_it.o
    0x08000b40   0x00000050   Code   RO          213    i.CAN_Start_IT      can.o
    0x08000b90   0x0000009c   Code   RO          404    i.Control_Task      stm32f4xx_it.o
    0x08000c2c   0x00000010   Code   RO          405    i.DMA1_Stream1_IRQHandler  stm32f4xx_it.o
    0x08000c3c   0x00000010   Code   RO          406    i.DMA1_Stream3_IRQHandler  stm32f4xx_it.o
    0x08000c4c   0x00000010   Code   RO          407    i.DMA1_Stream5_IRQHandler  stm32f4xx_it.o
    0x08000c5c   0x00000010   Code   RO          408    i.DMA1_Stream6_IRQHandler  stm32f4xx_it.o
    0x08000c6c   0x00000010   Code   RO          409    i.DMA2_Stream1_IRQHandler  stm32f4xx_it.o
    0x08000c7c   0x00000010   Code   RO          410    i.DMA2_Stream2_IRQHandler  stm32f4xx_it.o
    0x08000c8c   0x00000010   Code   RO          411    i.DMA2_Stream6_IRQHandler  stm32f4xx_it.o
    0x08000c9c   0x00000034   Code   RO         1777    i.DMA_CalcBaseAndBitshift  stm32f4xx_hal_dma.o
    0x08000cd0   0x000000aa   Code   RO         1778    i.DMA_CheckFifoParam  stm32f4xx_hal_dma.o
    0x08000d7a   0x0000002c   Code   RO         1779    i.DMA_SetConfig     stm32f4xx_hal_dma.o
    0x08000da6   0x00000002   Code   RO          412    i.DebugMon_Handler  stm32f4xx_it.o
    0x08000da8   0x0000001c   Code   RO          413    i.EXTI3_IRQHandler  stm32f4xx_it.o
    0x08000dc4   0x0000001c   Code   RO          414    i.EXTI4_IRQHandler  stm32f4xx_it.o
    0x08000de0   0x00000002   Code   RO           13    i.Error_Handler     main.o
    0x08000de2   0x00000002   Code   RO          415    i.Error_Task        stm32f4xx_it.o
    0x08000de4   0x00000012   Code   RO          677    i.Feed_WatchDog     motor_system.o
    0x08000df6   0x00000002   PAD
    0x08000df8   0x00000020   Code   RO          790    i.Get_Encoder_Count  odrive_can.o
    0x08000e18   0x00000020   Code   RO          791    i.Get_Encoder_Error  odrive_can.o
    0x08000e38   0x0000001c   Code   RO          792    i.Get_Encoder_Estimates  odrive_can.o
    0x08000e54   0x0000001c   Code   RO          793    i.Get_Motor_Error   odrive_can.o
    0x08000e70   0x0000001c   Code   RO         1002    i.Green_Always      led.o
    0x08000e8c   0x00000048   Code   RO         1003    i.Green_Quick       led.o
    0x08000ed4   0x0000002a   Code   RO         1040    i.HAL_CAN_ActivateNotification  stm32f4xx_hal_can.o
    0x08000efe   0x00000156   Code   RO         1041    i.HAL_CAN_AddTxMessage  stm32f4xx_hal_can.o
    0x08001054   0x00000124   Code   RO         1042    i.HAL_CAN_ConfigFilter  stm32f4xx_hal_can.o
    0x08001178   0x00000002   Code   RO         1045    i.HAL_CAN_ErrorCallback  stm32f4xx_hal_can.o
    0x0800117a   0x0000017a   Code   RO         1048    i.HAL_CAN_GetRxMessage  stm32f4xx_hal_can.o
    0x080012f4   0x0000024e   Code   RO         1052    i.HAL_CAN_IRQHandler  stm32f4xx_hal_can.o
    0x08001542   0x00000174   Code   RO         1053    i.HAL_CAN_Init      stm32f4xx_hal_can.o
    0x080016b6   0x00000002   PAD
    0x080016b8   0x00000164   Code   RO          215    i.HAL_CAN_MspInit   can.o
    0x0800181c   0x00000002   Code   RO         1060    i.HAL_CAN_RxFifo0FullCallback  stm32f4xx_hal_can.o
    0x0800181e   0x00000002   Code   RO         1061    i.HAL_CAN_RxFifo0MsgPendingCallback  stm32f4xx_hal_can.o
    0x08001820   0x00000002   Code   RO         1062    i.HAL_CAN_RxFifo1FullCallback  stm32f4xx_hal_can.o
    0x08001822   0x00000002   Code   RO         1063    i.HAL_CAN_RxFifo1MsgPendingCallback  stm32f4xx_hal_can.o
    0x08001824   0x00000002   Code   RO         1064    i.HAL_CAN_SleepCallback  stm32f4xx_hal_can.o
    0x08001826   0x0000005e   Code   RO         1065    i.HAL_CAN_Start     stm32f4xx_hal_can.o
    0x08001884   0x00000002   Code   RO         1067    i.HAL_CAN_TxMailbox0AbortCallback  stm32f4xx_hal_can.o
    0x08001886   0x00000002   Code   RO         1068    i.HAL_CAN_TxMailbox0CompleteCallback  stm32f4xx_hal_can.o
    0x08001888   0x00000002   Code   RO         1069    i.HAL_CAN_TxMailbox1AbortCallback  stm32f4xx_hal_can.o
    0x0800188a   0x00000002   Code   RO         1070    i.HAL_CAN_TxMailbox1CompleteCallback  stm32f4xx_hal_can.o
    0x0800188c   0x00000002   Code   RO         1071    i.HAL_CAN_TxMailbox2AbortCallback  stm32f4xx_hal_can.o
    0x0800188e   0x00000002   Code   RO         1072    i.HAL_CAN_TxMailbox2CompleteCallback  stm32f4xx_hal_can.o
    0x08001890   0x00000002   Code   RO         1074    i.HAL_CAN_WakeUpFromRxMsgCallback  stm32f4xx_hal_can.o
    0x08001892   0x00000028   Code   RO         1781    i.HAL_DMA_Abort_IT  stm32f4xx_hal_dma.o
    0x080018ba   0x00000002   PAD
    0x080018bc   0x00000240   Code   RO         1785    i.HAL_DMA_IRQHandler  stm32f4xx_hal_dma.o
    0x08001afc   0x000000ec   Code   RO         1786    i.HAL_DMA_Init      stm32f4xx_hal_dma.o
    0x08001be8   0x00000092   Code   RO         1790    i.HAL_DMA_Start_IT  stm32f4xx_hal_dma.o
    0x08001c7a   0x00000002   Code   RO         1671    i.HAL_GPIO_EXTI_Callback  stm32f4xx_hal_gpio.o
    0x08001c7c   0x0000001c   Code   RO         1672    i.HAL_GPIO_EXTI_IRQHandler  stm32f4xx_hal_gpio.o
    0x08001c98   0x00000200   Code   RO         1673    i.HAL_GPIO_Init     stm32f4xx_hal_gpio.o
    0x08001e98   0x0000000c   Code   RO         1677    i.HAL_GPIO_WritePin  stm32f4xx_hal_gpio.o
    0x08001ea4   0x0000000c   Code   RO         2210    i.HAL_GetTick       stm32f4xx_hal.o
    0x08001eb0   0x00000018   Code   RO         2216    i.HAL_IncTick       stm32f4xx_hal.o
    0x08001ec8   0x0000003c   Code   RO         2217    i.HAL_Init          stm32f4xx_hal.o
    0x08001f04   0x0000004c   Code   RO         2218    i.HAL_InitTick      stm32f4xx_hal.o
    0x08001f50   0x00000048   Code   RO          612    i.HAL_MspInit       stm32f4xx_hal_msp.o
    0x08001f98   0x00000020   Code   RO         2062    i.HAL_NVIC_EnableIRQ  stm32f4xx_hal_cortex.o
    0x08001fb8   0x0000007c   Code   RO         2068    i.HAL_NVIC_SetPriority  stm32f4xx_hal_cortex.o
    0x08002034   0x00000028   Code   RO         2069    i.HAL_NVIC_SetPriorityGrouping  stm32f4xx_hal_cortex.o
    0x0800205c   0x00000184   Code   RO         1274    i.HAL_RCC_ClockConfig  stm32f4xx_hal_rcc.o
    0x080021e0   0x0000000c   Code   RO         1279    i.HAL_RCC_GetHCLKFreq  stm32f4xx_hal_rcc.o
    0x080021ec   0x00000020   Code   RO         1281    i.HAL_RCC_GetPCLK1Freq  stm32f4xx_hal_rcc.o
    0x0800220c   0x00000020   Code   RO         1282    i.HAL_RCC_GetPCLK2Freq  stm32f4xx_hal_rcc.o
    0x0800222c   0x000000b0   Code   RO         1283    i.HAL_RCC_GetSysClockFreq  stm32f4xx_hal_rcc.o
    0x080022dc   0x00000488   Code   RO         1286    i.HAL_RCC_OscConfig  stm32f4xx_hal_rcc.o
    0x08002764   0x00000034   Code   RO         2073    i.HAL_SYSTICK_Config  stm32f4xx_hal_cortex.o
    0x08002798   0x00000002   Code   RO         3143    i.HAL_TIMEx_BreakCallback  stm32f4xx_hal_tim_ex.o
    0x0800279a   0x00000002   Code   RO         3144    i.HAL_TIMEx_CommutCallback  stm32f4xx_hal_tim_ex.o
    0x0800279c   0x000000b4   Code   RO         3161    i.HAL_TIMEx_MasterConfigSynchronization  stm32f4xx_hal_tim_ex.o
    0x08002850   0x00000034   Code   RO         2457    i.HAL_TIM_Base_Init  stm32f4xx_hal_tim.o
    0x08002884   0x00000080   Code   RO          293    i.HAL_TIM_Base_MspInit  tim.o
    0x08002904   0x0000002a   Code   RO         2462    i.HAL_TIM_Base_Start_IT  stm32f4xx_hal_tim.o
    0x0800292e   0x00000108   Code   RO         2466    i.HAL_TIM_ConfigClockSource  stm32f4xx_hal_tim.o
    0x08002a36   0x00000002   Code   RO         2486    i.HAL_TIM_IC_CaptureCallback  stm32f4xx_hal_tim.o
    0x08002a38   0x00000196   Code   RO         2500    i.HAL_TIM_IRQHandler  stm32f4xx_hal_tim.o
    0x08002bce   0x00000002   Code   RO         2503    i.HAL_TIM_OC_DelayElapsedCallback  stm32f4xx_hal_tim.o
    0x08002bd0   0x00000002   Code   RO         2530    i.HAL_TIM_PWM_PulseFinishedCallback  stm32f4xx_hal_tim.o
    0x08002bd2   0x00000002   Code   RO         2538    i.HAL_TIM_PeriodElapsedCallback  stm32f4xx_hal_tim.o
    0x08002bd4   0x00000002   Code   RO         2543    i.HAL_TIM_TriggerCallback  stm32f4xx_hal_tim.o
    0x08002bd6   0x00000002   Code   RO         3415    i.HAL_UART_ErrorCallback  stm32f4xx_hal_uart.o
    0x08002bd8   0x00000154   Code   RO         3418    i.HAL_UART_IRQHandler  stm32f4xx_hal_uart.o
    0x08002d2c   0x00000072   Code   RO         3419    i.HAL_UART_Init     stm32f4xx_hal_uart.o
    0x08002d9e   0x00000002   PAD
    0x08002da0   0x000003ec   Code   RO          341    i.HAL_UART_MspInit  usart.o
    0x0800318c   0x000000c4   Code   RO         3423    i.HAL_UART_Receive_DMA  stm32f4xx_hal_uart.o
    0x08003250   0x00000002   Code   RO         3425    i.HAL_UART_RxCpltCallback  stm32f4xx_hal_uart.o
    0x08003252   0x00000002   Code   RO         3426    i.HAL_UART_RxHalfCpltCallback  stm32f4xx_hal_uart.o
    0x08003254   0x00000002   Code   RO         3430    i.HAL_UART_TxCpltCallback  stm32f4xx_hal_uart.o
    0x08003256   0x00000004   Code   RO          416    i.HardFault_Handler  stm32f4xx_it.o
    0x0800325a   0x00000002   PAD
    0x0800325c   0x0000003c   Code   RO          417    i.LED_Task          stm32f4xx_it.o
    0x08003298   0x000000f0   Code   RO         1004    i.LED_WARNING       led.o
    0x08003388   0x00000044   Code   RO          216    i.MX_CAN1_Init      can.o
    0x080033cc   0x00000044   Code   RO          217    i.MX_CAN2_Init      can.o
    0x08003410   0x000000b8   Code   RO          268    i.MX_DMA_Init       dma.o
    0x080034c8   0x000000ec   Code   RO          189    i.MX_GPIO_Init      gpio.o
    0x080035b4   0x0000006c   Code   RO          294    i.MX_TIM2_Init      tim.o
    0x08003620   0x00000070   Code   RO          295    i.MX_TIM3_Init      tim.o
    0x08003690   0x00000038   Code   RO          342    i.MX_USART1_UART_Init  usart.o
    0x080036c8   0x00000038   Code   RO          343    i.MX_USART2_UART_Init  usart.o
    0x08003700   0x0000003c   Code   RO          344    i.MX_USART3_UART_Init  usart.o
    0x0800373c   0x0000003c   Code   RO          345    i.MX_USART6_UART_Init  usart.o
    0x08003778   0x00000004   Code   RO          418    i.MemManage_Handler  stm32f4xx_it.o
    0x0800377c   0x000003cc   Code   RO          755    i.Motor_Angle       move.o
    0x08003b48   0x00000078   Code   RO          794    i.Motor_Init        odrive_can.o
    0x08003bc0   0x00000054   Code   RO          892    i.Motor_Pos_Analysis  robo_base.o
    0x08003c14   0x00000310   Code   RO          756    i.Move_Analysis     move.o
    0x08003f24   0x00000002   Code   RO          419    i.NMI_Handler       stm32f4xx_it.o
    0x08003f26   0x00000002   PAD
    0x08003f28   0x000000c0   Code   RO          796    i.ODrive_Recevice   odrive_can.o
    0x08003fe8   0x00000082   Code   RO          797    i.ODrive_Transmit   odrive_can.o
    0x0800406a   0x00000002   PAD
    0x0800406c   0x0000004c   Code   RO          679    i.PID_Init          motor_system.o
    0x080040b8   0x00000318   Code   RO          680    i.PID_Pos_Cal       motor_system.o
    0x080043d0   0x0000006c   Code   RO          894    i.PID_Send          robo_base.o
    0x0800443c   0x00000002   Code   RO          420    i.PendSV_Handler    stm32f4xx_it.o
    0x0800443e   0x0000007a   Code   RO          682    i.Pos_Info_Analysis  motor_system.o
    0x080044b8   0x00000020   Code   RO          798    i.Reboot_ODrive     odrive_can.o
    0x080044d8   0x000000a8   Code   RO          637    i.RemoteData_analysis  analysis.o
    0x08004580   0x00000002   Code   RO          421    i.SVC_Handler       stm32f4xx_it.o
    0x08004582   0x00000034   Code   RO          683    i.Send_To_Motor     motor_system.o
    0x080045b6   0x0000003a   Code   RO          799    i.Send_To_ODrive    odrive_can.o
    0x080045f0   0x00000028   Code   RO          800    i.Set_Axis_Requested_State  odrive_can.o
    0x08004618   0x00000050   Code   RO          801    i.Set_Input_Vel     odrive_can.o
    0x08004668   0x00000008   Code   RO          422    i.SysTick_Handler   stm32f4xx_it.o
    0x08004670   0x000000b4   Code   RO           14    i.SystemClock_Config  main.o
    0x08004724   0x0000001c   Code   RO         3726    i.SystemInit        system_stm32f4xx.o
    0x08004740   0x00000004   Code   RO          685    i.SystemState_Set   motor_system.o
    0x08004744   0x00000014   Code   RO          423    i.TIM2_IRQHandler   stm32f4xx_it.o
    0x08004758   0x00000010   Code   RO          424    i.TIM3_IRQHandler   stm32f4xx_it.o
    0x08004768   0x000000d8   Code   RO         2545    i.TIM_Base_SetConfig  stm32f4xx_hal_tim.o
    0x08004840   0x00000016   Code   RO         2556    i.TIM_ETR_SetConfig  stm32f4xx_hal_tim.o
    0x08004856   0x00000012   Code   RO         2557    i.TIM_ITRx_SetConfig  stm32f4xx_hal_tim.o
    0x08004868   0x00000026   Code   RO         2563    i.TIM_TI1_ConfigInputStage  stm32f4xx_hal_tim.o
    0x0800488e   0x00000028   Code   RO         2565    i.TIM_TI2_ConfigInputStage  stm32f4xx_hal_tim.o
    0x080048b6   0x00000014   Code   RO         3432    i.UART_DMAAbortOnError  stm32f4xx_hal_uart.o
    0x080048ca   0x00000050   Code   RO         3433    i.UART_DMAError     stm32f4xx_hal_uart.o
    0x0800491a   0x00000046   Code   RO         3434    i.UART_DMAReceiveCplt  stm32f4xx_hal_uart.o
    0x08004960   0x0000000e   Code   RO         3436    i.UART_DMARxHalfCplt  stm32f4xx_hal_uart.o
    0x0800496e   0x00000020   Code   RO         3442    i.UART_EndRxTransfer  stm32f4xx_hal_uart.o
    0x0800498e   0x00000020   Code   RO         3443    i.UART_EndTransmit_IT  stm32f4xx_hal_uart.o
    0x080049ae   0x00000014   Code   RO         3444    i.UART_EndTxTransfer  stm32f4xx_hal_uart.o
    0x080049c2   0x000000a6   Code   RO         3445    i.UART_Receive_IT   stm32f4xx_hal_uart.o
    0x08004a68   0x000003e8   Code   RO         3446    i.UART_SetConfig    stm32f4xx_hal_uart.o
    0x08004e50   0x00000068   Code   RO         3447    i.UART_Transmit_IT  stm32f4xx_hal_uart.o
    0x08004eb8   0x00000028   Code   RO          425    i.USART1_IRQHandler  stm32f4xx_it.o
    0x08004ee0   0x00000024   Code   RO          426    i.USART2_IRQHandler  stm32f4xx_it.o
    0x08004f04   0x00000010   Code   RO          427    i.USART3_IRQHandler  stm32f4xx_it.o
    0x08004f14   0x00000024   Code   RO          428    i.USART6_IRQHandler  stm32f4xx_it.o
    0x08004f38   0x00000088   Code   RO          947    i.Uart_DMA_Process  uart_communicate.o
    0x08004fc0   0x00000004   Code   RO          429    i.UsageFault_Handler  stm32f4xx_it.o
    0x08004fc4   0x0000010c   Code   RO          948    i.Usart_All_Init    uart_communicate.o
    0x080050d0   0x00000030   Code   RO         3915    i.__ARM_fpclassify  m_wm.l(fpclassify.o)
    0x08005100   0x00000010   Code   RO         2075    i.__NVIC_GetPriorityGrouping  stm32f4xx_hal_cortex.o
    0x08005110   0x00000028   Code   RO         2076    i.__NVIC_SetPriority  stm32f4xx_hal_cortex.o
    0x08005138   0x00000350   Code   RO         3759    i.__hardfp_acos     m_wm.l(acos.o)
    0x08005488   0x000002e0   Code   RO         3852    i.__hardfp_atan     m_wm.l(atan.o)
    0x08005768   0x000001f0   Code   RO         3773    i.__hardfp_atan2    m_wm.l(atan2.o)
    0x08005958   0x0000007a   Code   RO         3785    i.__hardfp_sqrt     m_wm.l(sqrt.o)
    0x080059d2   0x000000f8   Code   RO         3872    i.__kernel_poly     m_wm.l(poly.o)
    0x08005aca   0x00000006   PAD
    0x08005ad0   0x00000020   Code   RO         3913    i.__mathlib_dbl_underflow  m_wm.l(dunder.o)
    0x08005af0   0x0000000e   Code   RO         3921    i.__scatterload_copy  mc_w.l(handlers.o)
    0x08005afe   0x00000002   Code   RO         3922    i.__scatterload_null  mc_w.l(handlers.o)
    0x08005b00   0x0000000e   Code   RO         3923    i.__scatterload_zeroinit  mc_w.l(handlers.o)
    0x08005b0e   0x00000002   PAD
    0x08005b10   0x0000000c   Code   RO         3899    i.__set_errno       mc_w.l(errno.o)
    0x08005b1c   0x00000010   Code   RO         3854    i.atan              m_wm.l(atan.o)
    0x08005b2c   0x00000018   Code   RO         3868    i.fabs              m_wm.l(fabs.o)
    0x08005b44   0x00000068   Code   RO           15    i.main              main.o
    0x08005bac   0x0000006c   Code   RO         3809    i.malloc            mc_w.l(malloc.o)
    0x08005c18   0x0000006e   Code   RO         3787    i.sqrt              m_wm.l(sqrt.o)
    0x08005c86   0x00000008   Data   RO         1792    .constdata          stm32f4xx_hal_dma.o
    0x08005c8e   0x00000018   Data   RO         3727    .constdata          system_stm32f4xx.o
    0x08005ca6   0x00000002   PAD
    0x08005ca8   0x00000050   Data   RO         3762    .constdata          m_wm.l(acos.o)
    0x08005cf8   0x00000098   Data   RO         3855    .constdata          m_wm.l(atan.o)
    0x08005d90   0x00000008   Data   RO         3874    .constdata          m_wm.l(qnan.o)
    0x08005d98   0x00000020   Data   RO         3919    Region$$Table       anon$$obj.o


    Execution Region RW_IRAM2 (Base: 0x10000000, Size: 0x00000000, Max: 0x00010000, ABSOLUTE)

    **** No section assigned to this execution region ****


    Execution Region RW_IRAM1 (Base: 0x20000000, Size: 0x00000e80, Max: 0x00020000, ABSOLUTE)

    Base Addr    Size         Type   Attr      Idx    E Section Name        Object

    0x20000000   0x00000004   Data   RW           16    .data               main.o
    0x20000004   0x00000004   Data   RW          219    .data               can.o
    0x20000008   0x00000002   Data   RW          431    .data               stm32f4xx_it.o
    0x2000000a   0x00000014   Data   RW          640    .data               analysis.o
    0x2000001e   0x00000002   PAD
    0x20000020   0x00000010   Data   RW          757    .data               move.o
    0x20000030   0x0000000a   Data   RW          803    .data               odrive_can.o
    0x2000003a   0x00000002   PAD
    0x2000003c   0x00000008   Data   RW         1005    .data               led.o
    0x20000044   0x00000009   Data   RW         2224    .data               stm32f4xx_hal.o
    0x2000004d   0x00000003   PAD
    0x20000050   0x00000004   Data   RW         3728    .data               system_stm32f4xx.o
    0x20000054   0x00000004   Data   RW         3895    .data               mc_w.l(mvars.o)
    0x20000058   0x00000004   Data   RW         3896    .data               mc_w.l(mvars.o)
    0x2000005c   0x00000004   Data   RW         3900    .data               mc_w.l(errno.o)
    0x20000060   0x00000050   Zero   RW          218    .bss                can.o
    0x200000b0   0x00000080   Zero   RW          296    .bss                tim.o
    0x20000130   0x000003a0   Zero   RW          346    .bss                usart.o
    0x200004d0   0x00000038   Zero   RW          430    .bss                stm32f4xx_it.o
    0x20000508   0x000000c0   Zero   RW          802    .bss                odrive_can.o
    0x200005c8   0x00000254   Zero   RW          895    .bss                robo_base.o
    0x2000081c   0x00000064   Zero   RW          951    .bss                uart_communicate.o
    0x20000880   0x00000200   Zero   RW            2    HEAP                startup_stm32f405xx.o
    0x20000a80   0x00000400   Zero   RW            1    STACK               startup_stm32f405xx.o


==============================================================================

Image component sizes


      Code (inc. data)   RO Data    RW Data    ZI Data      Debug   Object Name

       168          6          0         20          0       1147   analysis.o
       572         50          0          4         80       3013   can.o
       184          6          0          0          0        846   dma.o
       236         14          0          0          0        987   gpio.o
       340         24          0          8          0       1887   led.o
       286         28          0          4          0     653563   main.o
      1064         10          0          0          0       4367   motor_system.o
      1756         96          0         16          0       2298   move.o
       824         72          0         10        192       7957   odrive_can.o
       760         46          0          0        596       2606   robo_base.o
        36          8        392          0       1536        844   startup_stm32f405xx.o
       172         32          0          9          0       8789   stm32f4xx_hal.o
      2136          6          0          0          0      14951   stm32f4xx_hal_can.o
       304         22          0          0          0      34443   stm32f4xx_hal_cortex.o
      1264         16          8          0          0       6158   stm32f4xx_hal_dma.o
       554         50          0          0          0       3524   stm32f4xx_hal_gpio.o
        72          4          0          0          0        846   stm32f4xx_hal_msp.o
      1800         84          0          0          0       5632   stm32f4xx_hal_rcc.o
      1108         46          0          0          0      10071   stm32f4xx_hal_tim.o
       184         30          0          0          0       2501   stm32f4xx_hal_tim_ex.o
      2196         26          0          0          0      11824   stm32f4xx_hal_uart.o
       674        168          0          2         56      14566   stm32f4xx_it.o
        28          4         24          4          0       1155   system_stm32f4xx.o
       348         22          0          0        128       2375   tim.o
       404         32          0          0        100       2243   uart_communicate.o
      1236        104          0          0        928       4314   usart.o

    ----------------------------------------------------------------------
     18720       1006        458         84       3616     802907   Object Totals
         0          0         32          0          0          0   (incl. Generated)
        14          0          2          7          0          0   (incl. Padding)

    ----------------------------------------------------------------------

      Code (inc. data)   RO Data    RW Data    ZI Data      Debug   Library Member Name

       848        110         80          0          0        188   acos.o
       752        104        152          0          0        344   atan.o
       496         70          0          0          0        156   atan2.o
        32          8          0          0          0        124   dunder.o
        24          0          0          0          0        124   fabs.o
        48          0          0          0          0        124   fpclassify.o
       248          0          0          0          0        152   poly.o
         0          0          8          0          0          0   qnan.o
       232          0          0          0          0        296   sqrt.o
         0          0          0          0          0          0   entry.o
         0          0          0          0          0          0   entry10a.o
         0          0          0          0          0          0   entry11a.o
         8          4          0          0          0          0   entry2.o
         4          0          0          0          0          0   entry5.o
         0          0          0          0          0          0   entry7b.o
         0          0          0          0          0          0   entry8b.o
         8          4          0          0          0          0   entry9a.o
        12          6          0          4          0         68   errno.o
        30          0          0          0          0          0   handlers.o
        36          8          0          0          0         68   init.o
         0          0          0          0          0          0   iusefp.o
        30          0          0          0          0         68   llshl.o
        36          0          0          0          0         68   llsshr.o
        32          0          0          0          0         68   llushr.o
       108         16          0          0          0         84   malloc.o
        36          0          0          0          0        108   memseta.o
         0          0          0          8          0          0   mvars.o
        98          0          0          0          0         92   uldiv.o
        40          2          0          0          0         68   cdcmple.o
        40          2          0          0          0         68   cdrcmple.o
        56          0          0          0          0         88   d2f.o
       334          0          0          0          0        148   dadd.o
       222          0          0          0          0        100   ddiv.o
       182          0          0          0          0        176   depilogue.o
        34          0          0          0          0         76   dflti.o
       228          0          0          0          0         96   dmul.o
       162          0          0          0          0        100   dsqrt.o
        38          0          0          0          0         68   f2d.o
       110          0          0          0          0        168   fepilogue.o

    ----------------------------------------------------------------------
      4574        334        240         12          0       3288   Library Totals
        10          0          0          0          0          0   (incl. Padding)

    ----------------------------------------------------------------------

      Code (inc. data)   RO Data    RW Data    ZI Data      Debug   Library Name

      2680        292        240          0          0       1508   m_wm.l
       438         38          0         12          0        624   mc_w.l
      1446          4          0          0          0       1156   mf_w.l

    ----------------------------------------------------------------------
      4574        334        240         12          0       3288   Library Totals

    ----------------------------------------------------------------------

==============================================================================


      Code (inc. data)   RO Data    RW Data    ZI Data      Debug   

     23294       1340        698         96       3616     789767   Grand Totals
     23294       1340        698         96       3616     789767   ELF Image Totals
     23294       1340        698         96          0          0   ROM Totals

==============================================================================

    Total RO  Size (Code + RO Data)                23992 (  23.43kB)
    Total RW  Size (RW Data + ZI Data)              3712 (   3.63kB)
    Total ROM Size (Code + RO Data + RW Data)      24088 (  23.52kB)

==============================================================================

