Component: ARM Compiler 5.06 update 6 (build 750) Tool: armlink [4d35ed]

==============================================================================

Section Cross References

    startup_stm32f405xx.o(RESET) refers to startup_stm32f405xx.o(STACK) for __initial_sp
    startup_stm32f405xx.o(RESET) refers to startup_stm32f405xx.o(.text) for Reset_Handler
    startup_stm32f405xx.o(RESET) refers to stm32f4xx_it.o(i.NMI_Handler) for NMI_Handler
    startup_stm32f405xx.o(RESET) refers to stm32f4xx_it.o(i.HardFault_Handler) for HardFault_Handler
    startup_stm32f405xx.o(RESET) refers to stm32f4xx_it.o(i.MemManage_Handler) for MemManage_Handler
    startup_stm32f405xx.o(RESET) refers to stm32f4xx_it.o(i.BusFault_Handler) for BusFault_Handler
    startup_stm32f405xx.o(RESET) refers to stm32f4xx_it.o(i.UsageFault_Handler) for UsageFault_Handler
    startup_stm32f405xx.o(RESET) refers to port.o(.emb_text) for SVC_Handler
    startup_stm32f405xx.o(RESET) refers to stm32f4xx_it.o(i.DebugMon_Handler) for DebugMon_Handler
    startup_stm32f405xx.o(RESET) refers to port.o(i.SysTick_Handler) for SysTick_Handler
    startup_stm32f405xx.o(RESET) refers to stm32f4xx_it.o(i.DMA1_Stream1_IRQHandler) for DMA1_Stream1_IRQHandler
    startup_stm32f405xx.o(RESET) refers to stm32f4xx_it.o(i.DMA1_Stream3_IRQHandler) for DMA1_Stream3_IRQHandler
    startup_stm32f405xx.o(RESET) refers to stm32f4xx_it.o(i.DMA1_Stream5_IRQHandler) for DMA1_Stream5_IRQHandler
    startup_stm32f405xx.o(RESET) refers to stm32f4xx_it.o(i.DMA1_Stream6_IRQHandler) for DMA1_Stream6_IRQHandler
    startup_stm32f405xx.o(RESET) refers to stm32f4xx_it.o(i.CAN1_RX0_IRQHandler) for CAN1_RX0_IRQHandler
    startup_stm32f405xx.o(RESET) refers to stm32f4xx_it.o(i.TIM1_UP_TIM10_IRQHandler) for TIM1_UP_TIM10_IRQHandler
    startup_stm32f405xx.o(RESET) refers to stm32f4xx_it.o(i.TIM2_IRQHandler) for TIM2_IRQHandler
    startup_stm32f405xx.o(RESET) refers to stm32f4xx_it.o(i.TIM3_IRQHandler) for TIM3_IRQHandler
    startup_stm32f405xx.o(RESET) refers to stm32f4xx_it.o(i.USART1_IRQHandler) for USART1_IRQHandler
    startup_stm32f405xx.o(RESET) refers to stm32f4xx_it.o(i.USART2_IRQHandler) for USART2_IRQHandler
    startup_stm32f405xx.o(RESET) refers to stm32f4xx_it.o(i.USART3_IRQHandler) for USART3_IRQHandler
    startup_stm32f405xx.o(RESET) refers to stm32f4xx_it.o(i.DMA2_Stream1_IRQHandler) for DMA2_Stream1_IRQHandler
    startup_stm32f405xx.o(RESET) refers to stm32f4xx_it.o(i.DMA2_Stream2_IRQHandler) for DMA2_Stream2_IRQHandler
    startup_stm32f405xx.o(RESET) refers to stm32f4xx_it.o(i.CAN2_RX0_IRQHandler) for CAN2_RX0_IRQHandler
    startup_stm32f405xx.o(RESET) refers to stm32f4xx_it.o(i.DMA2_Stream6_IRQHandler) for DMA2_Stream6_IRQHandler
    startup_stm32f405xx.o(RESET) refers to stm32f4xx_it.o(i.USART6_IRQHandler) for USART6_IRQHandler
    startup_stm32f405xx.o(.text) refers to system_stm32f4xx.o(i.SystemInit) for SystemInit
    startup_stm32f405xx.o(.text) refers to entry.o(.ARM.Collect$$$$00000000) for __main
    main.o(i.HAL_TIM_PeriodElapsedCallback) refers to stm32f4xx_hal.o(i.HAL_IncTick) for HAL_IncTick
    main.o(i.SystemClock_Config) refers to memseta.o(.text) for __aeabi_memclr4
    main.o(i.SystemClock_Config) refers to stm32f4xx_hal_rcc.o(i.HAL_RCC_OscConfig) for HAL_RCC_OscConfig
    main.o(i.SystemClock_Config) refers to stm32f4xx_hal_rcc.o(i.HAL_RCC_ClockConfig) for HAL_RCC_ClockConfig
    main.o(i.main) refers to stm32f4xx_hal.o(i.HAL_Init) for HAL_Init
    main.o(i.main) refers to main.o(i.SystemClock_Config) for SystemClock_Config
    main.o(i.main) refers to stm32f4xx_hal_rcc.o(i.HAL_RCC_GetSysClockFreq) for HAL_RCC_GetSysClockFreq
    main.o(i.main) refers to gpio.o(i.MX_GPIO_Init) for MX_GPIO_Init
    main.o(i.main) refers to dma.o(i.MX_DMA_Init) for MX_DMA_Init
    main.o(i.main) refers to can.o(i.MX_CAN1_Init) for MX_CAN1_Init
    main.o(i.main) refers to can.o(i.MX_CAN2_Init) for MX_CAN2_Init
    main.o(i.main) refers to tim.o(i.MX_TIM2_Init) for MX_TIM2_Init
    main.o(i.main) refers to usart.o(i.MX_USART1_UART_Init) for MX_USART1_UART_Init
    main.o(i.main) refers to usart.o(i.MX_USART2_UART_Init) for MX_USART2_UART_Init
    main.o(i.main) refers to usart.o(i.MX_USART3_UART_Init) for MX_USART3_UART_Init
    main.o(i.main) refers to usart.o(i.MX_USART6_UART_Init) for MX_USART6_UART_Init
    main.o(i.main) refers to tim.o(i.MX_TIM3_Init) for MX_TIM3_Init
    main.o(i.main) refers to iwdg.o(i.MX_IWDG_Init) for MX_IWDG_Init
    main.o(i.main) refers to can.o(i.CAN_Start_IT) for CAN_Start_IT
    main.o(i.main) refers to stm32f4xx_hal_tim.o(i.HAL_TIM_Base_Start_IT) for HAL_TIM_Base_Start_IT
    main.o(i.main) refers to uart_communicate.o(i.Usart_All_Init) for Usart_All_Init
    main.o(i.main) refers to robo_base.o(i.BASE_Init) for BASE_Init
    main.o(i.main) refers to freertos.o(i.MX_FREERTOS_Init) for MX_FREERTOS_Init
    main.o(i.main) refers to cmsis_os.o(i.osKernelStart) for osKernelStart
[...]
    i.__mathlib_dbl_infnan                   0x0800510a   Section        0  dunder.o(i.__mathlib_dbl_infnan)
    i.__mathlib_dbl_infnan2                  0x0800511e   Section        0  dunder.o(i.__mathlib_dbl_infnan2)
    i.__mathlib_dbl_invalid                  0x08005138   Section        0  dunder.o(i.__mathlib_dbl_invalid)
    i.__mathlib_dbl_underflow                0x08005158   Section        0  dunder.o(i.__mathlib_dbl_underflow)
    i.__scatterload_copy                     0x08005178   Section       14  handlers.o(i.__scatterload_copy)
    i.__scatterload_null                     0x08005186   Section        2  handlers.o(i.__scatterload_null)
    i.__scatterload_zeroinit                 0x08005188   Section       14  handlers.o(i.__scatterload_zeroinit)
    i.__set_errno                            0x08005198   Section        0  errno.o(i.__set_errno)
    i.atan                                   0x080051a4   Section        0  atan.o(i.atan)
    i.fabs                                   0x080051b4   Section        0  fabs.o(i.fabs)
    i.main                                   0x080051cc   Section        0  main.o(i.main)
    i.makeFreeRtosPriority                   0x08005234   Section        0  cmsis_os.o(i.makeFreeRtosPriority)
    makeFreeRtosPriority                     0x08005235   Thumb Code    12  cmsis_os.o(i.makeFreeRtosPriority)
    i.malloc                                 0x08005240   Section        0  malloc.o(i.malloc)
    i.osDelay                                0x080052ac   Section        0  cmsis_os.o(i.osDelay)
    i.osKernelStart                          0x080052ba   Section        0  cmsis_os.o(i.osKernelStart)
    i.osThreadCreate                         0x080052c4   Section        0  cmsis_os.o(i.osThreadCreate)
    i.prvAddCurrentTaskToDelayedList         0x08005318   Section        0  tasks.o(i.prvAddCurrentTaskToDelayedList)
    prvAddCurrentTaskToDelayedList           0x08005319   Thumb Code   102  tasks.o(i.prvAddCurrentTaskToDelayedList)
    i.prvAddNewTaskToReadyList               0x08005388   Section        0  tasks.o(i.prvAddNewTaskToReadyList)
    prvAddNewTaskToReadyList                 0x08005389   Thumb Code   194  tasks.o(i.prvAddNewTaskToReadyList)
    i.prvDeleteTCB                           0x08005458   Section        0  tasks.o(i.prvDeleteTCB)
    prvDeleteTCB                             0x08005459   Thumb Code    52  tasks.o(i.prvDeleteTCB)
    i.prvHeapInit                            0x0800548c   Section        0  heap_4.o(i.prvHeapInit)
    prvHeapInit                              0x0800548d   Thumb Code    66  heap_4.o(i.prvHeapInit)
    i.prvIdleTask                            0x080054d8   Section        0  tasks.o(i.prvIdleTask)
    prvIdleTask                              0x080054d9   Thumb Code    80  tasks.o(i.prvIdleTask)
    i.prvInitialiseNewTask                   0x08005534   Section        0  tasks.o(i.prvInitialiseNewTask)
    prvInitialiseNewTask                     0x08005535   Thumb Code   152  tasks.o(i.prvInitialiseNewTask)
    i.prvInsertBlockIntoFreeList             0x080055cc   Section        0  heap_4.o(i.prvInsertBlockIntoFreeList)
    prvInsertBlockIntoFreeList               0x080055cd   Thumb Code    72  heap_4.o(i.prvInsertBlockIntoFreeList)
    i.prvResetNextTaskUnblockTime            0x08005618   Section        0  tasks.o(i.prvResetNextTaskUnblockTime)
    prvResetNextTaskUnblockTime              0x08005619   Thumb Code    26  tasks.o(i.prvResetNextTaskUnblockTime)
    i.prvTaskExitError                       0x08005638   Section        0  port.o(i.prvTaskExitError)
    prvTaskExitError                         0x08005639   Thumb Code    36  port.o(i.prvTaskExitError)
    i.prvTaskIsTaskSuspended                 0x08005660   Section        0  tasks.o(i.prvTaskIsTaskSuspended)
    prvTaskIsTaskSuspended                   0x08005661   Thumb Code    48  tasks.o(i.prvTaskIsTaskSuspended)
    i.pvPortMalloc                           0x08005694   Section        0  heap_4.o(i.pvPortMalloc)
    i.pxPortInitialiseStack                  0x0800576c   Section        0  port.o(i.pxPortInitialiseStack)
    i.sqrt                                   0x08005798   Section        0  sqrt.o(i.sqrt)
    i.uxListRemove                           0x08005806   Section        0  list.o(i.uxListRemove)
    i.vApplicationGetIdleTaskMemory          0x0800582c   Section        0  freertos.o(i.vApplicationGetIdleTaskMemory)
    i.vListInitialise                        0x08005840   Section        0  list.o(i.vListInitialise)
    i.vListInitialiseItem                    0x08005856   Section        0  list.o(i.vListInitialiseItem)
    i.vListInsert                            0x0800585c   Section        0  list.o(i.vListInsert)
    i.vListInsertEnd                         0x0800588c   Section        0  list.o(i.vListInsertEnd)
    i.vPortEnterCritical                     0x080058a4   Section        0  port.o(i.vPortEnterCritical)
    i.vPortExitCritical                      0x080058e4   Section        0  port.o(i.vPortExitCritical)
    i.vPortFree                              0x0800590c   Section        0  heap_4.o(i.vPortFree)
    i.vPortSetupTimerInterrupt               0x08005968   Section        0  port.o(i.vPortSetupTimerInterrupt)
    i.vTaskDelay                             0x0800598c   Section        0  tasks.o(i.vTaskDelay)
    i.vTaskResume                            0x080059d8   Section        0  tasks.o(i.vTaskResume)
    i.vTaskStartScheduler                    0x08005a54   Section        0  tasks.o(i.vTaskStartScheduler)
    i.vTaskSuspend                           0x08005ac0   Section        0  tasks.o(i.vTaskSuspend)
    i.vTaskSuspendAll                        0x08005b7c   Section        0  tasks.o(i.vTaskSuspendAll)
    i.vTaskSwitchContext                     0x08005b8c   Section        0  tasks.o(i.vTaskSwitchContext)
    i.xPortStartScheduler                    0x08005be8   Section        0  port.o(i.xPortStartScheduler)
    i.xTaskCreate                            0x08005cdc   Section        0  tasks.o(i.xTaskCreate)
    i.xTaskCreateStatic                      0x08005d36   Section        0  tasks.o(i.xTaskCreateStatic)
    i.xTaskIncrementTick                     0x08005d90   Section        0  tasks.o(i.xTaskIncrementTick)
    i.xTaskResumeAll                         0x08005e58   Section        0  tasks.o(i.xTaskResumeAll)
    .constdata                               0x08005f1c   Section      112  freertos.o(.constdata)
    .constdata                               0x08005f8c   Section        8  stm32f4xx_hal_dma.o(.constdata)
    flagBitshiftOffset                       0x08005f8c   Data           8  stm32f4xx_hal_dma.o(.constdata)
    .constdata                               0x08005f94   Section       16  system_stm32f4xx.o(.constdata)
    .constdata                               0x08005fa4   Section        8  system_stm32f4xx.o(.constdata)
    .constdata                               0x08005fb0   Section       80  acos.o(.constdata)
    pS                                       0x08005fb0   Data          48  acos.o(.constdata)
    qS                                       0x08005fe0   Data          32  acos.o(.constdata)
    .constdata                               0x08006000   Section      152  atan.o(.constdata)
    atanhi                                   0x08006000   Data          32  atan.o(.constdata)
    atanlo                                   0x08006020   Data          32  atan.o(.constdata)
    aTodd                                    0x08006040   Data          40  atan.o(.constdata)
    aTeven                                   0x08006068   Data          48  atan.o(.constdata)
    .constdata                               0x08006098   Section        8  qnan.o(.constdata)
    .conststring                             0x080060a0   Section       48  freertos.o(.conststring)
    .data                                    0x20000000   Section        4  main.o(.data)
    .data                                    0x20000004   Section        4  can.o(.data)
    HAL_RCC_CAN1_CLK_ENABLED                 0x20000004   Data           4  can.o(.data)
    .data                                    0x20000008   Section      380  freertos.o(.data)
    Suspend_Flag                             0x20000008   Data           1  freertos.o(.data)
    .data                                    0x20000184   Section       12  stm32f4xx_it.o(.data)
    Reboot_ODrive0Flag                       0x20000184   Data           1  stm32f4xx_it.o(.data)
    Reboot_ODrive1Flag                       0x20000185   Data           1  stm32f4xx_it.o(.data)
    Reboot_ODrive0Time                       0x20000188   Data           4  stm32f4xx_it.o(.data)
    Reboot_ODrive1Time                       0x2000018c   Data           4  stm32f4xx_it.o(.data)
    .data                                    0x20000190   Section        8  led.o(.data)
    P_Error                                  0x20000190   Data           1  led.o(.data)
    P_Time                                   0x20000194   Data           4  led.o(.data)
    .data                                    0x20000198   Section       20  analysis.o(.data)
    .data                                    0x200001b0   Section       16  move.o(.data)
    .data                                    0x200001c0   Section        9  odrive_can.o(.data)
    num                                      0x200001c5   Data           4  odrive_can.o(.data)
    .data                                    0x200001c9   Section        4  robo_base.o(.data)
    num                                      0x200001c9   Data           4  robo_base.o(.data)
    .data                                    0x200001d0   Section       12  stm32f4xx_hal.o(.data)
    .data                                    0x200001dc   Section        4  system_stm32f4xx.o(.data)
    .data                                    0x200001e0   Section       60  tasks.o(.data)
    pxDelayedTaskList                        0x200001e4   Data           4  tasks.o(.data)
    pxOverflowDelayedTaskList                0x200001e8   Data           4  tasks.o(.data)
    uxDeletedTasksWaitingCleanUp             0x200001ec   Data           4  tasks.o(.data)
    uxCurrentNumberOfTasks                   0x200001f0   Data           4  tasks.o(.data)
    xTickCount                               0x200001f4   Data           4  tasks.o(.data)
    uxTopReadyPriority                       0x200001f8   Data           4  tasks.o(.data)
    xSchedulerRunning                        0x200001fc   Data           4  tasks.o(.data)
    uxPendedTicks                            0x20000200   Data           4  tasks.o(.data)
    xYieldPending                            0x20000204   Data           4  tasks.o(.data)
    xNumOfOverflows                          0x20000208   Data           4  tasks.o(.data)
    uxTaskNumber                             0x2000020c   Data           4  tasks.o(.data)
    xNextTaskUnblockTime                     0x20000210   Data           4  tasks.o(.data)
    xIdleTaskHandle                          0x20000214   Data           4  tasks.o(.data)
    uxSchedulerSuspended                     0x20000218   Data           4  tasks.o(.data)
    .data                                    0x2000021c   Section       24  heap_4.o(.data)
    pxEnd                                    0x2000021c   Data           4  heap_4.o(.data)
    xFreeBytesRemaining                      0x20000220   Data           4  heap_4.o(.data)
    xMinimumEverFreeBytesRemaining           0x20000224   Data           4  heap_4.o(.data)
    xBlockAllocatedBit                       0x20000228   Data           4  heap_4.o(.data)
    xStart                                   0x2000022c   Data           8  heap_4.o(.data)
    .data                                    0x20000234   Section       12  port.o(.data)
    ucMaxSysCallPriority                     0x20000234   Data           1  port.o(.data)
    uxCriticalNesting                        0x20000238   Data           4  port.o(.data)
    ulMaxPRIGROUPValue                       0x2000023c   Data           4  port.o(.data)
    .data                                    0x20000240   Section        4  mvars.o(.data)
    .data                                    0x20000244   Section        4  mvars.o(.data)
    .data                                    0x20000248   Section        4  errno.o(.data)
    _errno                                   0x20000248   Data           4  errno.o(.data)
    .bss                                     0x2000024c   Section       80  can.o(.bss)
    .bss                                     0x2000029c   Section      596  freertos.o(.bss)
    xIdleTaskTCBBuffer                       0x2000029c   Data          84  freertos.o(.bss)
    xIdleStack                               0x200002f0   Data         512  freertos.o(.bss)
    .bss                                     0x200004f0   Section      128  tim.o(.bss)
    .bss                                     0x20000570   Section      928  usart.o(.bss)
    .bss                                     0x20000910   Section       64  stm32f4xx_hal_timebase_tim.o(.bss)
    .bss                                     0x20000950   Section      224  odrive_can.o(.bss)
    .bss                                     0x20000a30   Section      616  robo_base.o(.bss)
    .bss                                     0x20000c98   Section       88  uart_communicate.o(.bss)
    .bss                                     0x20000cf0   Section       12  iwdg.o(.bss)
    .bss                                     0x20000cfc   Section      240  tasks.o(.bss)
    pxReadyTasksLists                        0x20000cfc   Data         140  tasks.o(.bss)
    xDelayedTaskList1                        0x20000d88   Data          20  tasks.o(.bss)
    xDelayedTaskList2                        0x20000d9c   Data          20  tasks.o(.bss)
    xPendingReadyList                        0x20000db0   Data          20  tasks.o(.bss)
    xTasksWaitingTermination                 0x20000dc4   Data          20  tasks.o(.bss)
    xSuspendedTaskList                       0x20000dd8   Data          20  tasks.o(.bss)
    .bss                                     0x20000dec   Section    15360  heap_4.o(.bss)
    ucHeap                                   0x20000dec   Data       15360  heap_4.o(.bss)
    HEAP                                     0x200049f0   Section      512  startup_stm32f405xx.o(HEAP)
    STACK                                    0x20004bf0   Section     1024  startup_stm32f405xx.o(STACK)

    Global Symbols

    Symbol Name                              Value     Ov Type        Size  Object(Section)

    BuildAttributes$$THM_ISAv4$E$P$D$K$B$S$7EM$VFPi3$EXTD16$VFPS$VFMA$PE$A:L22UL41UL21$X:L11$S22US41US21$IEEE1$IW$USESV6$~STKCKD$USESV7$~SHL$OTIME$ROPI$IEEEX$EBA8$MICROLIB$REQ8$PRES8$EABIv2 0x00000000   Number         0  anon$$obj.o ABSOLUTE
    __ARM_use_no_argv                        0x00000000   Number         0  main.o ABSOLUTE
    __cpp_initialize__aeabi_                  - Undefined Weak Reference
    __cxa_finalize                            - Undefined Weak Reference
    _clock_init                               - Undefined Weak Reference
    _microlib_exit                            - Undefined Weak Reference
    __Vectors_Size                           0x00000188   Number         0  startup_stm32f405xx.o ABSOLUTE
    __Vectors                                0x08000000   Data           4  startup_stm32f405xx.o(RESET)
    __Vectors_End                            0x08000188   Data           0  startup_stm32f405xx.o(RESET)
    __main                                   0x08000189   Thumb Code     0  entry.o(.ARM.Collect$$$$00000000)
    _main_stk                                0x08000189   Thumb Code     0  entry2.o(.ARM.Collect$$$$00000001)
    _main_scatterload                        0x0800018d   Thumb Code     0  entry5.o(.ARM.Collect$$$$00000004)
    __main_after_scatterload                 0x08000191   Thumb Code     0  entry5.o(.ARM.Collect$$$$00000004)
    _main_clock                              0x08000191   Thumb Code     0  entry7b.o(.ARM.Collect$$$$00000008)
    _main_cpp_init                           0x08000191   Thumb Code     0  entry8b.o(.ARM.Collect$$$$0000000A)
    _main_init                               0x08000191   Thumb Code     0  entry9a.o(.ARM.Collect$$$$0000000B)
    __rt_final_cpp                           0x08000199   Thumb Code     0  entry10a.o(.ARM.Collect$$$$0000000D)
    __rt_final_exit                          0x08000199   Thumb Code     0  entry11a.o(.ARM.Collect$$$$0000000F)
    SVC_Handler                              0x0800019d   Thumb Code    28  port.o(.emb_text)
    __asm___6_port_c_39a90d8d__prvStartFirstTask 0x080001bd   Thumb Code    36  port.o(.emb_text)
    __asm___6_port_c_39a90d8d__prvEnableVFP  0x080001e5   Thumb Code    16  port.o(.emb_text)
    PendSV_Handler                           0x080001f9   Thumb Code    88  port.o(.emb_text)
    vPortGetIPSR                             0x08000255   Thumb Code     6  port.o(.emb_text)
    Reset_Handler                            0x0800025d   Thumb Code     8  startup_stm32f405xx.o(.text)
    ADC_IRQHandler                           0x08000277   Thumb Code     0  startup_stm32f405xx.o(.text)
    CAN1_RX1_IRQHandler                      0x08000277   Thumb Code     0  startup_stm32f405xx.o(.text)
    CAN1_SCE_IRQHandler                      0x08000277   Thumb Code     0  startup_stm32f405xx.o(.text)
    CAN1_TX_IRQHandler                       0x08000277   Thumb Code     0  startup_stm32f405xx.o(.text)
    CAN2_RX1_IRQHandler                      0x08000277   Thumb Code     0  startup_stm32f405xx.o(.text)
    CAN2_SCE_IRQHandler                      0x08000277   Thumb Code     0  startup_stm32f405xx.o(.text)
    CAN2_TX_IRQHandler                       0x08000277   Thumb Code     0  startup_stm32f405xx.o(.text)
    DMA1_Stream0_IRQHandler                  0x08000277   Thumb Code     0  startup_stm32f405xx.o(.text)
    DMA1_Stream2_IRQHandler                  0x08000277   Thumb Code     0  startup_stm32f405xx.o(.text)
    DMA1_Stream4_IRQHandler                  0x08000277   Thumb Code     0  startup_stm32f405xx.o(.text)
    DMA1_Stream7_IRQHandler                  0x08000277   Thumb Code     0  startup_stm32f405xx.o(.text)
    DMA2_Stream0_IRQHandler                  0x08000277   Thumb Code     0  startup_stm32f405xx.o(.text)
    DMA2_Stream3_IRQHandler                  0x08000277   Thumb Code     0  startup_stm32f405xx.o(.text)
    DMA2_Stream4_IRQHandler                  0x08000277   Thumb Code     0  startup_stm32f405xx.o(.text)
    DMA2_Stream5_IRQHandler                  0x08000277   Thumb Code     0  startup_stm32f405xx.o(.text)
    DMA2_Stream7_IRQHandler                  0x08000277   Thumb Code     0  startup_stm32f405xx.o(.text)
    EXTI0_IRQHandler                         0x08000277   Thumb Code     0  startup_stm32f405xx.o(.text)
    EXTI15_10_IRQHandler                     0x08000277   Thumb Code     0  startup_stm32f405xx.o(.text)
    EXTI1_IRQHandler                         0x08000277   Thumb Code     0  startup_stm32f405xx.o(.text)
    EXTI2_IRQHandler                         0x08000277   Thumb Code     0  startup_stm32f405xx.o(.text)
    EXTI3_IRQHandler                         0x08000277   Thumb Code     0  startup_stm32f405xx.o(.text)
    EXTI4_IRQHandler                         0x08000277   Thumb Code     0  startup_stm32f405xx.o(.text)
    EXTI9_5_IRQHandler                       0x08000277   Thumb Code     0  startup_stm32f405xx.o(.text)
    FLASH_IRQHandler                         0x08000277   Thumb Code     0  startup_stm32f405xx.o(.text)
    FMC_IRQHandler                           0x08000277   Thumb Code     0  startup_stm32f405xx.o(.text)
    FPU_IRQHandler                           0x08000277   Thumb Code     0  startup_stm32f405xx.o(.text)
    HASH_RNG_IRQHandler                      0x08000277   Thumb Code     0  startup_stm32f405xx.o(.text)
    I2C1_ER_IRQHandler                       0x08000277   Thumb Code     0  startup_stm32f405xx.o(.text)
    I2C1_EV_IRQHandler                       0x08000277   Thumb Code     0  startup_stm32f405xx.o(.text)
    I2C2_ER_IRQHandler                       0x08000277   Thumb Code     0  startup_stm32f405xx.o(.text)
    I2C2_EV_IRQHandler                       0x08000277   Thumb Code     0  startup_stm32f405xx.o(.text)
    I2C3_ER_IRQHandler                       0x08000277   Thumb Code     0  startup_stm32f405xx.o(.text)
    I2C3_EV_IRQHandler                       0x08000277   Thumb Code     0  startup_stm32f405xx.o(.text)
    OTG_FS_IRQHandler                        0x08000277   Thumb Code     0  startup_stm32f405xx.o(.text)
    OTG_FS_WKUP_IRQHandler                   0x08000277   Thumb Code     0  startup_stm32f405xx.o(.text)
    OTG_HS_EP1_IN_IRQHandler                 0x08000277   Thumb Code     0  startup_stm32f405xx.o(.text)
    OTG_HS_EP1_OUT_IRQHandler                0x08000277   Thumb Code     0  startup_stm32f405xx.o(.text)
    OTG_HS_IRQHandler                        0x08000277   Thumb Code     0  startup_stm32f405xx.o(.text)
    OTG_HS_WKUP_IRQHandler                   0x08000277   Thumb Code     0  startup_stm32f405xx.o(.text)
    PVD_IRQHandler                           0x08000277   Thumb Code     0  startup_stm32f405xx.o(.text)
    RCC_IRQHandler                           0x08000277   Thumb Code     0  startup_stm32f405xx.o(.text)
    RTC_Alarm_IRQHandler                     0x08000277   Thumb Code     0  startup_stm32f405xx.o(.text)
    RTC_WKUP_IRQHandler                      0x08000277   Thumb Code     0  startup_stm32f405xx.o(.text)
    SDIO_IRQHandler                          0x08000277   Thumb Code     0  startup_stm32f405xx.o(.text)
    SPI1_IRQHandler                          0x08000277   Thumb Code     0  startup_stm32f405xx.o(.text)
    SPI2_IRQHandler                          0x08000277   Thumb Code     0  startup_stm32f405xx.o(.text)
    SPI3_IRQHandler                          0x08000277   Thumb Code     0  startup_stm32f405xx.o(.text)
    TAMP_STAMP_IRQHandler                    0x08000277   Thumb Code     0  startup_stm32f405xx.o(.text)
    TIM1_BRK_TIM9_IRQHandler                 0x08000277   Thumb Code     0  startup_stm32f405xx.o(.text)
    TIM1_CC_IRQHandler                       0x08000277   Thumb Code     0  startup_stm32f405xx.o(.text)
    TIM1_TRG_COM_TIM11_IRQHandler            0x08000277   Thumb Code     0  startup_stm32f405xx.o(.text)
    TIM4_IRQHandler                          0x08000277   Thumb Code     0  startup_stm32f405xx.o(.text)
    TIM5_IRQHandler                          0x08000277   Thumb Code     0  startup_stm32f405xx.o(.text)
    TIM6_DAC_IRQHandler                      0x08000277   Thumb Code     0  startup_stm32f405xx.o(.text)
    TIM7_IRQHandler                          0x08000277   Thumb Code     0  startup_stm32f405xx.o(.text)
    TIM8_BRK_TIM12_IRQHandler                0x08000277   Thumb Code     0  startup_stm32f405xx.o(.text)
    TIM8_CC_IRQHandler                       0x08000277   Thumb Code     0  startup_stm32f405xx.o(.text)
    TIM8_TRG_COM_TIM14_IRQHandler            0x08000277   Thumb Code     0  startup_stm32f405xx.o(.text)
    TIM8_UP_TIM13_IRQHandler                 0x08000277   Thumb Code     0  startup_stm32f405xx.o(.text)
    UART4_IRQHandler                         0x08000277   Thumb Code     0  startup_stm32f405xx.o(.text)
    UART5_IRQHandler                         0x08000277   Thumb Code     0  startup_stm32f405xx.o(.text)
    WWDG_IRQHandler                          0x08000277   Thumb Code     0  startup_stm32f405xx.o(.text)
    __aeabi_uldivmod                         0x08000281   Thumb Code    98  uldiv.o(.text)
    __aeabi_memcpy                           0x080002e3   Thumb Code    36  memcpya.o(.text)
    __aeabi_memcpy4                          0x080002e3   Thumb Code     0  memcpya.o(.text)
    __aeabi_memcpy8                          0x080002e3   Thumb Code     0  memcpya.o(.text)
    __aeabi_memset                           0x08000307   Thumb Code    14  memseta.o(.text)
    __aeabi_memset4                          0x08000307   Thumb Code     0  memseta.o(.text)
    __aeabi_memset8                          0x08000307   Thumb Code     0  memseta.o(.text)
    __aeabi_memclr                           0x08000315   Thumb Code     4  memseta.o(.text)
    __aeabi_memclr4                          0x08000315   Thumb Code     0  memseta.o(.text)
    __aeabi_memclr8                          0x08000315   Thumb Code     0  memseta.o(.text)
    memset                                   0x08000319   Thumb Code    18  memseta.o(.text)
    __aeabi_dadd                             0x0800032b   Thumb Code   322  dadd.o(.text)
    __aeabi_dsub                             0x0800046d   Thumb Code     6  dadd.o(.text)
    __aeabi_drsub                            0x08000473   Thumb Code     6  dadd.o(.text)
    __aeabi_dmul                             0x08000479   Thumb Code   228  dmul.o(.text)
    __aeabi_ddiv                             0x0800055d   Thumb Code   222  ddiv.o(.text)
    __aeabi_i2d                              0x0800063b   Thumb Code    34  dflti.o(.text)
    __aeabi_ui2d                             0x0800065d   Thumb Code    26  dfltui.o(.text)
    __aeabi_d2iz                             0x08000677   Thumb Code    62  dfixi.o(.text)
    __aeabi_f2d                              0x080006b5   Thumb Code    38  f2d.o(.text)
    __aeabi_cdcmpeq                          0x080006dd   Thumb Code     0  cdcmple.o(.text)
    __aeabi_cdcmple                          0x080006dd   Thumb Code    48  cdcmple.o(.text)
    __aeabi_cdrcmple                         0x0800070d   Thumb Code    48  cdrcmple.o(.text)
    __aeabi_d2f                              0x0800073d   Thumb Code    56  d2f.o(.text)
    __aeabi_llsl                             0x08000775   Thumb Code    30  llshl.o(.text)
    _ll_shift_l                              0x08000775   Thumb Code     0  llshl.o(.text)
    __aeabi_llsr                             0x08000793   Thumb Code    32  llushr.o(.text)
    _ll_ushift_r                             0x08000793   Thumb Code     0  llushr.o(.text)
    __aeabi_lasr                             0x080007b3   Thumb Code    36  llsshr.o(.text)
    _ll_sshift_r                             0x080007b3   Thumb Code     0  llsshr.o(.text)
    __I$use$fp                               0x080007d7   Thumb Code     0  iusefp.o(.text)
    _float_round                             0x080007d7   Thumb Code    18  fepilogue.o(.text)
    _float_epilogue                          0x080007e9   Thumb Code    92  fepilogue.o(.text)
    _double_round                            0x08000845   Thumb Code    30  depilogue.o(.text)
    _double_epilogue                         0x08000863   Thumb Code   156  depilogue.o(.text)
    _dsqrt                                   0x080008ff   Thumb Code   162  dsqrt.o(.text)
    __scatterload                            0x080009a1   Thumb Code    28  init.o(.text)
    __scatterload_rt2                        0x080009a1   Thumb Code     0  init.o(.text)
    __decompress                             0x080009c5   Thumb Code     0  __dczerorl2.o(.text)
    __decompress1                            0x080009c5   Thumb Code    86  __dczerorl2.o(.text)
    ALL_Always                               0x08000a1d   Thumb Code    28  led.o(i.ALL_Always)
    Axis_CloseLoop_Init                      0x08000a3d   Thumb Code   164  odrive_can.o(i.Axis_CloseLoop_Init)
    Axis_Init                                0x08000ae5   Thumb Code    68  odrive_can.o(i.Axis_Init)
    BASE_Init                                0x08000b31   Thumb Code   412  robo_base.o(i.BASE_Init)
    BusFault_Handler                         0x08000ced   Thumb Code     2  stm32f4xx_it.o(i.BusFault_Handler)
    CAN1_RX0_IRQHandler                      0x08000cf1   Thumb Code    66  stm32f4xx_it.o(i.CAN1_RX0_IRQHandler)
    CAN2_RX0_IRQHandler                      0x08000d3d   Thumb Code     6  stm32f4xx_it.o(i.CAN2_RX0_IRQHandler)
    CAN_Start_IT                             0x08000d49   Thumb Code    68  can.o(i.CAN_Start_IT)
    CanSendTask                              0x08000d91   Thumb Code    38  freertos.o(i.CanSendTask)
    Can_DataTypeSet                          0x08000dc1   Thumb Code    14  odrive_can.o(i.Can_DataTypeSet)
    Can_Send                                 0x08000dcf   Thumb Code    44  motor_system.o(i.Can_Send)
    Can_TxMessageCal                         0x08000dfd   Thumb Code    76  robo_base.o(i.Can_TxMessageCal)
    DMA1_Stream1_IRQHandler                  0x08000e51   Thumb Code     6  stm32f4xx_it.o(i.DMA1_Stream1_IRQHandler)
    DMA1_Stream3_IRQHandler                  0x08000e5d   Thumb Code     6  stm32f4xx_it.o(i.DMA1_Stream3_IRQHandler)
    DMA1_Stream5_IRQHandler                  0x08000e69   Thumb Code     6  stm32f4xx_it.o(i.DMA1_Stream5_IRQHandler)
    DMA1_Stream6_IRQHandler                  0x08000e75   Thumb Code     6  stm32f4xx_it.o(i.DMA1_Stream6_IRQHandler)
    DMA2_Stream1_IRQHandler                  0x08000e81   Thumb Code     6  stm32f4xx_it.o(i.DMA2_Stream1_IRQHandler)
    DMA2_Stream2_IRQHandler                  0x08000e8d   Thumb Code     6  stm32f4xx_it.o(i.DMA2_Stream2_IRQHandler)
    DMA2_Stream6_IRQHandler                  0x08000e99   Thumb Code     6  stm32f4xx_it.o(i.DMA2_Stream6_IRQHandler)
    DebugMon_Handler                         0x08000f49   Thumb Code     2  stm32f4xx_it.o(i.DebugMon_Handler)
    Error_Handler                            0x08000f4b   Thumb Code     2  main.o(i.Error_Handler)
    Feed_WatchDog                            0x08000f4d   Thumb Code     6  motor_system.o(i.Feed_WatchDog)
    Get_Encoder_Count                        0x08000f55   Thumb Code    20  odrive_can.o(i.Get_Encoder_Count)
    Get_Encoder_Error                        0x08000f6d   Thumb Code    20  odrive_can.o(i.Get_Encoder_Error)
    Get_Encoder_Estimates                    0x08000f85   Thumb Code    20  odrive_can.o(i.Get_Encoder_Estimates)
    Get_Motor_Error                          0x08000f99   Thumb Code    20  odrive_can.o(i.Get_Motor_Error)
    Green_Always                             0x08000fad   Thumb Code    28  led.o(i.Green_Always)
    Green_Quick                              0x08000fcd   Thumb Code    64  led.o(i.Green_Quick)
    HAL_CAN_ActivateNotification             0x08001015   Thumb Code    36  stm32f4xx_hal_can.o(i.HAL_CAN_ActivateNotification)
    HAL_CAN_AddTxMessage                     0x08001039   Thumb Code   200  stm32f4xx_hal_can.o(i.HAL_CAN_AddTxMessage)
    HAL_CAN_ConfigFilter                     0x08001101   Thumb Code   262  stm32f4xx_hal_can.o(i.HAL_CAN_ConfigFilter)
    HAL_CAN_ErrorCallback                    0x0800120d   Thumb Code     2  stm32f4xx_hal_can.o(i.HAL_CAN_ErrorCallback)
    HAL_CAN_GetRxMessage                     0x0800120f   Thumb Code   232  stm32f4xx_hal_can.o(i.HAL_CAN_GetRxMessage)
    HAL_CAN_GetTxMailboxesFreeLevel          0x080012f7   Thumb Code    44  stm32f4xx_hal_can.o(i.HAL_CAN_GetTxMailboxesFreeLevel)
    HAL_CAN_IRQHandler                       0x08001323   Thumb Code   508  stm32f4xx_hal_can.o(i.HAL_CAN_IRQHandler)
    HAL_CAN_Init                             0x0800151f   Thumb Code   282  stm32f4xx_hal_can.o(i.HAL_CAN_Init)
    HAL_CAN_MspInit                          0x08001639   Thumb Code   226  can.o(i.HAL_CAN_MspInit)
    HAL_CAN_RxFifo0FullCallback              0x08001735   Thumb Code     2  stm32f4xx_hal_can.o(i.HAL_CAN_RxFifo0FullCallback)
    HAL_CAN_RxFifo0MsgPendingCallback        0x08001737   Thumb Code     2  stm32f4xx_hal_can.o(i.HAL_CAN_RxFifo0MsgPendingCallback)
    HAL_CAN_RxFifo1FullCallback              0x08001739   Thumb Code     2  stm32f4xx_hal_can.o(i.HAL_CAN_RxFifo1FullCallback)
    HAL_CAN_RxFifo1MsgPendingCallback        0x0800173b   Thumb Code     2  stm32f4xx_hal_can.o(i.HAL_CAN_RxFifo1MsgPendingCallback)
    HAL_CAN_SleepCallback                    0x0800173d   Thumb Code     2  stm32f4xx_hal_can.o(i.HAL_CAN_SleepCallback)
    HAL_CAN_Start                            0x0800173f   Thumb Code    86  stm32f4xx_hal_can.o(i.HAL_CAN_Start)
    HAL_CAN_TxMailbox0AbortCallback          0x08001795   Thumb Code     2  stm32f4xx_hal_can.o(i.HAL_CAN_TxMailbox0AbortCallback)
    HAL_CAN_TxMailbox0CompleteCallback       0x08001797   Thumb Code     2  stm32f4xx_hal_can.o(i.HAL_CAN_TxMailbox0CompleteCallback)
    HAL_CAN_TxMailbox1AbortCallback          0x08001799   Thumb Code     2  stm32f4xx_hal_can.o(i.HAL_CAN_TxMailbox1AbortCallback)
    HAL_CAN_TxMailbox1CompleteCallback       0x0800179b   Thumb Code     2  stm32f4xx_hal_can.o(i.HAL_CAN_TxMailbox1CompleteCallback)
    HAL_CAN_TxMailbox2AbortCallback          0x0800179d   Thumb Code     2  stm32f4xx_hal_can.o(i.HAL_CAN_TxMailbox2AbortCallback)
    HAL_CAN_TxMailbox2CompleteCallback       0x0800179f   Thumb Code     2  stm32f4xx_hal_can.o(i.HAL_CAN_TxMailbox2CompleteCallback)
    HAL_CAN_WakeUpFromRxMsgCallback          0x080017a1   Thumb Code     2  stm32f4xx_hal_can.o(i.HAL_CAN_WakeUpFromRxMsgCallback)
    HAL_DMA_Abort_IT                         0x080017a3   Thumb Code    36  stm32f4xx_hal_dma.o(i.HAL_DMA_Abort_IT)
    HAL_DMA_IRQHandler                       0x080017c9   Thumb Code   412  stm32f4xx_hal_dma.o(i.HAL_DMA_IRQHandler)
    HAL_DMA_Init                             0x08001969   Thumb Code   206  stm32f4xx_hal_dma.o(i.HAL_DMA_Init)
    HAL_DMA_Start_IT                         0x08001a3d   Thumb Code   110  stm32f4xx_hal_dma.o(i.HAL_DMA_Start_IT)
    HAL_GPIO_Init                            0x08001aad   Thumb Code   390  stm32f4xx_hal_gpio.o(i.HAL_GPIO_Init)
    HAL_GPIO_ReadPin                         0x08001c61   Thumb Code    10  stm32f4xx_hal_gpio.o(i.HAL_GPIO_ReadPin)
    HAL_GPIO_WritePin                        0x08001c6b   Thumb Code    10  stm32f4xx_hal_gpio.o(i.HAL_GPIO_WritePin)
    HAL_GetTick                              0x08001c75   Thumb Code     6  stm32f4xx_hal.o(i.HAL_GetTick)
    HAL_IWDG_Init                            0x08001c81   Thumb Code    80  stm32f4xx_hal_iwdg.o(i.HAL_IWDG_Init)
    HAL_IWDG_Refresh                         0x08001cd1   Thumb Code    12  stm32f4xx_hal_iwdg.o(i.HAL_IWDG_Refresh)
    HAL_IncTick                              0x08001cdd   Thumb Code    12  stm32f4xx_hal.o(i.HAL_IncTick)
    HAL_Init                                 0x08001ced   Thumb Code    48  stm32f4xx_hal.o(i.HAL_Init)
    HAL_InitTick                             0x08001d21   Thumb Code   100  stm32f4xx_hal_timebase_tim.o(i.HAL_InitTick)
    HAL_MspInit                              0x08001d95   Thumb Code    52  stm32f4xx_hal_msp.o(i.HAL_MspInit)
    HAL_NVIC_EnableIRQ                       0x08001dcd   Thumb Code    26  stm32f4xx_hal_cortex.o(i.HAL_NVIC_EnableIRQ)
    HAL_NVIC_SetPriority                     0x08001de9   Thumb Code    60  stm32f4xx_hal_cortex.o(i.HAL_NVIC_SetPriority)
    HAL_NVIC_SetPriorityGrouping             0x08001e29   Thumb Code    26  stm32f4xx_hal_cortex.o(i.HAL_NVIC_SetPriorityGrouping)
    HAL_RCC_ClockConfig                      0x08001e4d   Thumb Code   288  stm32f4xx_hal_rcc.o(i.HAL_RCC_ClockConfig)
    HAL_RCC_GetClockConfig                   0x08001f81   Thumb Code    54  stm32f4xx_hal_rcc.o(i.HAL_RCC_GetClockConfig)
    HAL_RCC_GetPCLK1Freq                     0x08001fc1   Thumb Code    20  stm32f4xx_hal_rcc.o(i.HAL_RCC_GetPCLK1Freq)
    HAL_RCC_GetPCLK2Freq                     0x08001fe1   Thumb Code    20  stm32f4xx_hal_rcc.o(i.HAL_RCC_GetPCLK2Freq)
    HAL_RCC_GetSysClockFreq                  0x08002001   Thumb Code    88  stm32f4xx_hal_rcc.o(i.HAL_RCC_GetSysClockFreq)
    HAL_RCC_OscConfig                        0x08002061   Thumb Code   820  stm32f4xx_hal_rcc.o(i.HAL_RCC_OscConfig)
    HAL_TIMEx_BreakCallback                  0x080023a9   Thumb Code     2  stm32f4xx_hal_tim_ex.o(i.HAL_TIMEx_BreakCallback)
    HAL_TIMEx_CommutCallback                 0x080023ab   Thumb Code     2  stm32f4xx_hal_tim_ex.o(i.HAL_TIMEx_CommutCallback)
    HAL_TIMEx_MasterConfigSynchronization    0x080023ad   Thumb Code   116  stm32f4xx_hal_tim_ex.o(i.HAL_TIMEx_MasterConfigSynchronization)
    HAL_TIM_Base_Init                        0x0800243d   Thumb Code    54  stm32f4xx_hal_tim.o(i.HAL_TIM_Base_Init)
    HAL_TIM_Base_MspInit                     0x08002475   Thumb Code    86  tim.o(i.HAL_TIM_Base_MspInit)
    HAL_TIM_Base_Start_IT                    0x080024d5   Thumb Code    34  stm32f4xx_hal_tim.o(i.HAL_TIM_Base_Start_IT)
    HAL_TIM_ConfigClockSource                0x080024f7   Thumb Code   214  stm32f4xx_hal_tim.o(i.HAL_TIM_ConfigClockSource)
    HAL_TIM_IC_CaptureCallback               0x080025cd   Thumb Code     2  stm32f4xx_hal_tim.o(i.HAL_TIM_IC_CaptureCallback)
    HAL_TIM_IRQHandler                       0x080025cf   Thumb Code   358  stm32f4xx_hal_tim.o(i.HAL_TIM_IRQHandler)
    HAL_TIM_OC_DelayElapsedCallback          0x08002735   Thumb Code     2  stm32f4xx_hal_tim.o(i.HAL_TIM_OC_DelayElapsedCallback)
    HAL_TIM_PWM_PulseFinishedCallback        0x08002737   Thumb Code     2  stm32f4xx_hal_tim.o(i.HAL_TIM_PWM_PulseFinishedCallback)
    HAL_TIM_PeriodElapsedCallback            0x08002739   Thumb Code    14  main.o(i.HAL_TIM_PeriodElapsedCallback)
    HAL_TIM_TriggerCallback                  0x0800274d   Thumb Code     2  stm32f4xx_hal_tim.o(i.HAL_TIM_TriggerCallback)
    HAL_UART_ErrorCallback                   0x0800274f   Thumb Code     2  stm32f4xx_hal_uart.o(i.HAL_UART_ErrorCallback)
    HAL_UART_IRQHandler                      0x08002751   Thumb Code   270  stm32f4xx_hal_uart.o(i.HAL_UART_IRQHandler)
    HAL_UART_Init                            0x08002865   Thumb Code    98  stm32f4xx_hal_uart.o(i.HAL_UART_Init)
    HAL_UART_MspInit                         0x080028c9   Thumb Code   782  usart.o(i.HAL_UART_MspInit)
    HAL_UART_Receive_DMA                     0x08002c09   Thumb Code   138  stm32f4xx_hal_uart.o(i.HAL_UART_Receive_DMA)
    HAL_UART_RxCpltCallback                  0x08002ca1   Thumb Code     2  stm32f4xx_hal_uart.o(i.HAL_UART_RxCpltCallback)
    HAL_UART_RxHalfCpltCallback              0x08002ca3   Thumb Code     2  stm32f4xx_hal_uart.o(i.HAL_UART_RxHalfCpltCallback)
    HAL_UART_TxCpltCallback                  0x08002ca5   Thumb Code     2  stm32f4xx_hal_uart.o(i.HAL_UART_TxCpltCallback)
    HardFault_Handler                        0x08002ca7   Thumb Code     2  stm32f4xx_it.o(i.HardFault_Handler)
    InitTask                                 0x08002ca9   Thumb Code    86  freertos.o(i.InitTask)
    LED_WARNING                              0x08002d09   Thumb Code   114  led.o(i.LED_WARNING)
    Led_Task                                 0x08002d89   Thumb Code    40  led.o(i.Led_Task)
    MX_CAN1_Init                             0x08002db5   Thumb Code    60  can.o(i.MX_CAN1_Init)
    MX_CAN2_Init                             0x08002df9   Thumb Code    60  can.o(i.MX_CAN2_Init)
    MX_DMA_Init                              0x08002e3d   Thumb Code   152  dma.o(i.MX_DMA_Init)
    MX_FREERTOS_Init                         0x08002ed9   Thumb Code   102  freertos.o(i.MX_FREERTOS_Init)
    MX_GPIO_Init                             0x08002f49   Thumb Code   202  gpio.o(i.MX_GPIO_Init)
    MX_IWDG_Init                             0x08003025   Thumb Code    36  iwdg.o(i.MX_IWDG_Init)
    MX_TIM2_Init                             0x08003051   Thumb Code    98  tim.o(i.MX_TIM2_Init)
    MX_TIM3_Init                             0x080030b9   Thumb Code    96  tim.o(i.MX_TIM3_Init)
    MX_USART1_UART_Init                      0x08003121   Thumb Code    54  usart.o(i.MX_USART1_UART_Init)
    MX_USART2_UART_Init                      0x08003165   Thumb Code    48  usart.o(i.MX_USART2_UART_Init)
    MX_USART3_UART_Init                      0x0800319d   Thumb Code    52  usart.o(i.MX_USART3_UART_Init)
    MX_USART6_UART_Init                      0x080031d9   Thumb Code    52  usart.o(i.MX_USART6_UART_Init)
    MemManage_Handler                        0x08003215   Thumb Code     2  stm32f4xx_it.o(i.MemManage_Handler)
    Motor_Angle                              0x08003219   Thumb Code   546  move.o(i.Motor_Angle)
    Motor_Init                               0x08003459   Thumb Code    18  motor_system.o(i.Motor_Init)
    Motor_Pos_Analysis                       0x08003471   Thumb Code    66  robo_base.o(i.Motor_Pos_Analysis)
    MoveTask                                 0x080034bd   Thumb Code    24  freertos.o(i.MoveTask)
    Move_Analysis                            0x080034d9   Thumb Code   350  move.o(i.Move_Analysis)
    NMI_Handler                              0x0800366d   Thumb Code     2  stm32f4xx_it.o(i.NMI_Handler)
    ODrive_Recevice                          0x08003671   Thumb Code   152  odrive_can.o(i.ODrive_Recevice)
    ODrive_Transmit                          0x0800370d   Thumb Code   126  odrive_can.o(i.ODrive_Transmit)
    PID_Init                                 0x0800378d   Thumb Code    46  motor_system.o(i.PID_Init)
    PID_Pos_Cal                              0x080037c1   Thumb Code   622  motor_system.o(i.PID_Pos_Cal)
    PID_Speed_Cal                            0x08003a35   Thumb Code   346  motor_system.o(i.PID_Speed_Cal)
    Pos_CloseLoop_Init                       0x08003b95   Thumb Code   178  robo_base.o(i.Pos_CloseLoop_Init)
    Pos_Info_Analysis                        0x08003c61   Thumb Code   160  motor_system.o(i.Pos_Info_Analysis)
    Reboot_ODrive                            0x08003d19   Thumb Code    20  odrive_can.o(i.Reboot_ODrive)
    RemoteData_analysis                      0x08003d31   Thumb Code   280  analysis.o(i.RemoteData_analysis)
    Send_To_ODrive                           0x08003e61   Thumb Code    16  odrive_can.o(i.Send_To_ODrive)
    Set_Axis_Requested_State                 0x08003e71   Thumb Code    54  odrive_can.o(i.Set_Axis_Requested_State)
    Set_Input_Vel                            0x08003ead   Thumb Code    52  odrive_can.o(i.Set_Input_Vel)
    StartDefaultTask                         0x08003ee1   Thumb Code   110  freertos.o(i.StartDefaultTask)
    SysTick_Handler                          0x08003f5d   Thumb Code    38  port.o(i.SysTick_Handler)
    SystemClock_Config                       0x08003f89   Thumb Code   128  main.o(i.SystemClock_Config)
    SystemInit                               0x08004011   Thumb Code    22  system_stm32f4xx.o(i.SystemInit)
    SystemState_Set                          0x0800402d   Thumb Code     4  motor_system.o(i.SystemState_Set)
    TIM1_UP_TIM10_IRQHandler                 0x08004031   Thumb Code     6  stm32f4xx_it.o(i.TIM1_UP_TIM10_IRQHandler)
    TIM2_IRQHandler                          0x0800403d   Thumb Code     6  stm32f4xx_it.o(i.TIM2_IRQHandler)
    TIM3_IRQHandler                          0x08004049   Thumb Code   288  stm32f4xx_it.o(i.TIM3_IRQHandler)
    TIM_Base_SetConfig                       0x08004179   Thumb Code   156  stm32f4xx_hal_tim.o(i.TIM_Base_SetConfig)
    TIM_ETR_SetConfig                        0x08004241   Thumb Code    20  stm32f4xx_hal_tim.o(i.TIM_ETR_SetConfig)
    USART1_IRQHandler                        0x0800459d   Thumb Code    24  stm32f4xx_it.o(i.USART1_IRQHandler)
    USART2_IRQHandler                        0x080045c5   Thumb Code    24  stm32f4xx_it.o(i.USART2_IRQHandler)
    USART3_IRQHandler                        0x080045e9   Thumb Code     6  stm32f4xx_it.o(i.USART3_IRQHandler)
    USART6_IRQHandler                        0x080045f5   Thumb Code    24  stm32f4xx_it.o(i.USART6_IRQHandler)
    Uart_DMA_Process                         0x08004619   Thumb Code   106  uart_communicate.o(i.Uart_DMA_Process)
    UsageFault_Handler                       0x08004683   Thumb Code     2  stm32f4xx_it.o(i.UsageFault_Handler)
    Usart_All_Init                           0x08004685   Thumb Code   146  uart_communicate.o(i.Usart_All_Init)
    __ARM_fpclassify                         0x08004729   Thumb Code    48  fpclassify.o(i.__ARM_fpclassify)
    __hardfp_acos                            0x08004779   Thumb Code   738  acos.o(i.__hardfp_acos)
    __hardfp_atan                            0x08004ad1   Thumb Code   622  atan.o(i.__hardfp_atan)
    __hardfp_atan2                           0x08004da9   Thumb Code   432  atan2.o(i.__hardfp_atan2)
    __hardfp_sqrt                            0x08004f99   Thumb Code   122  sqrt.o(i.__hardfp_sqrt)
    __kernel_poly                            0x08005013   Thumb Code   248  poly.o(i.__kernel_poly)
    __mathlib_dbl_infnan                     0x0800510b   Thumb Code    20  dunder.o(i.__mathlib_dbl_infnan)
    __mathlib_dbl_infnan2                    0x0800511f   Thumb Code    20  dunder.o(i.__mathlib_dbl_infnan2)
    __mathlib_dbl_invalid                    0x08005139   Thumb Code    24  dunder.o(i.__mathlib_dbl_invalid)
    __mathlib_dbl_underflow                  0x08005159   Thumb Code    24  dunder.o(i.__mathlib_dbl_underflow)
    __scatterload_copy                       0x08005179   Thumb Code    14  handlers.o(i.__scatterload_copy)
    __scatterload_null                       0x08005187   Thumb Code     2  handlers.o(i.__scatterload_null)
    __scatterload_zeroinit                   0x08005189   Thumb Code    14  handlers.o(i.__scatterload_zeroinit)
    __set_errno                              0x08005199   Thumb Code     6  errno.o(i.__set_errno)
    atan                                     0x080051a5   Thumb Code    16  atan.o(i.atan)
    fabs                                     0x080051b5   Thumb Code    24  fabs.o(i.fabs)
    main                                     0x080051cd   Thumb Code    90  main.o(i.main)
    malloc                                   0x08005241   Thumb Code    92  malloc.o(i.malloc)
    osDelay                                  0x080052ad   Thumb Code    14  cmsis_os.o(i.osDelay)
    osKernelStart                            0x080052bb   Thumb Code    10  cmsis_os.o(i.osKernelStart)
    osThreadCreate                           0x080052c5   Thumb Code    84  cmsis_os.o(i.osThreadCreate)
    pvPortMalloc                             0x08005695   Thumb Code   210  heap_4.o(i.pvPortMalloc)
    pxPortInitialiseStack                    0x0800576d   Thumb Code    40  port.o(i.pxPortInitialiseStack)
    sqrt                                     0x08005799   Thumb Code   110  sqrt.o(i.sqrt)
    uxListRemove                             0x08005807   Thumb Code    38  list.o(i.uxListRemove)
    vApplicationGetIdleTaskMemory            0x0800582d   Thumb Code    16  freertos.o(i.vApplicationGetIdleTaskMemory)
    vListInitialise                          0x08005841   Thumb Code    22  list.o(i.vListInitialise)
    vListInitialiseItem                      0x08005857   Thumb Code     6  list.o(i.vListInitialiseItem)
    vListInsert                              0x0800585d   Thumb Code    48  list.o(i.vListInsert)
    vListInsertEnd                           0x0800588d   Thumb Code    24  list.o(i.vListInsertEnd)
    vPortEnterCritical                       0x080058a5   Thumb Code    54  port.o(i.vPortEnterCritical)
    vPortExitCritical                        0x080058e5   Thumb Code    34  port.o(i.vPortExitCritical)
    vPortFree                                0x0800590d   Thumb Code    88  heap_4.o(i.vPortFree)
    vPortSetupTimerInterrupt                 0x08005969   Thumb Code    32  port.o(i.vPortSetupTimerInterrupt)
    vTaskDelay                               0x0800598d   Thumb Code    66  tasks.o(i.vTaskDelay)
    vTaskResume                              0x080059d9   Thumb Code   112  tasks.o(i.vTaskResume)
    vTaskStartScheduler                      0x08005a55   Thumb Code    90  tasks.o(i.vTaskStartScheduler)
    vTaskSuspend                             0x08005ac1   Thumb Code   174  tasks.o(i.vTaskSuspend)
    vTaskSuspendAll                          0x08005b7d   Thumb Code    10  tasks.o(i.vTaskSuspendAll)
    vTaskSwitchContext                       0x08005b8d   Thumb Code    82  tasks.o(i.vTaskSwitchContext)
    xPortStartScheduler                      0x08005be9   Thumb Code   224  port.o(i.xPortStartScheduler)
    xTaskCreate                              0x08005cdd   Thumb Code    90  tasks.o(i.xTaskCreate)
    xTaskCreateStatic                        0x08005d37   Thumb Code    90  tasks.o(i.xTaskCreateStatic)
    xTaskIncrementTick                       0x08005d91   Thumb Code   192  tasks.o(i.xTaskIncrementTick)
    xTaskResumeAll                           0x08005e59   Thumb Code   182  tasks.o(i.xTaskResumeAll)
    AHBPrescTable                            0x08005f94   Data          16  system_stm32f4xx.o(.constdata)
    APBPrescTable                            0x08005fa4   Data           8  system_stm32f4xx.o(.constdata)
    __mathlib_zero                           0x08006098   Data           8  qnan.o(.constdata)
    Region$$Table$$Base                      0x080060d0   Number         0  anon$$obj.o(Region$$Table)
    Region$$Table$$Limit                     0x080060f0   Number         0  anon$$obj.o(Region$$Table)
    sysclock                                 0x20000000   Data           4  main.o(.data)
    defaultTaskHandle                        0x2000000c   Data           4  freertos.o(.data)
    moveTaskHandle                           0x20000010   Data           4  freertos.o(.data)
    canSendTaskHandle                        0x20000014   Data           4  freertos.o(.data)
    initTaskHandle                           0x20000018   Data           4  freertos.o(.data)
    CanTxMessageList                         0x2000001c   Data         360  freertos.o(.data)
    RC_Ctl                                   0x20000198   Data          20  analysis.o(.data)
    dA_Tar                                   0x200001b0   Data           8  move.o(.data)
    dS_Tar                                   0x200001b8   Data           8  move.o(.data)
    test_data                                0x200001c0   Data           1  odrive_can.o(.data)
    data                                     0x200001c1   Data           4  odrive_can.o(.data)
    uwTickFreq                               0x200001d0   Data           1  stm32f4xx_hal.o(.data)
    uwTickPrio                               0x200001d4   Data           4  stm32f4xx_hal.o(.data)
    uwTick                                   0x200001d8   Data           4  stm32f4xx_hal.o(.data)
    SystemCoreClock                          0x200001dc   Data           4  system_stm32f4xx.o(.data)
    pxCurrentTCB                             0x200001e0   Data           4  tasks.o(.data)
    __microlib_freelist                      0x20000240   Data           4  mvars.o(.data)
    __microlib_freelist_initialised          0x20000244   Data           4  mvars.o(.data)
    hcan1                                    0x2000024c   Data          40  can.o(.bss)
    hcan2                                    0x20000274   Data          40  can.o(.bss)
    htim2                                    0x200004f0   Data          64  tim.o(.bss)
    htim3                                    0x20000530   Data          64  tim.o(.bss)
    huart1                                   0x20000570   Data          64  usart.o(.bss)
    huart2                                   0x200005b0   Data          64  usart.o(.bss)
    huart3                                   0x200005f0   Data          64  usart.o(.bss)
    huart6                                   0x20000630   Data          64  usart.o(.bss)
    hdma_usart1_rx                           0x20000670   Data          96  usart.o(.bss)
    hdma_usart2_rx                           0x200006d0   Data          96  usart.o(.bss)
    hdma_usart2_tx                           0x20000730   Data          96  usart.o(.bss)
    hdma_usart3_rx                           0x20000790   Data          96  usart.o(.bss)
    hdma_usart3_tx                           0x200007f0   Data          96  usart.o(.bss)
    hdma_usart6_rx                           0x20000850   Data          96  usart.o(.bss)
    hdma_usart6_tx                           0x200008b0   Data          96  usart.o(.bss)
    htim1                                    0x20000910   Data          64  stm32f4xx_hal_timebase_tim.o(.bss)
    ODrive0                                  0x20000950   Data         112  odrive_can.o(.bss)
    ODrive1                                  0x200009c0   Data         112  odrive_can.o(.bss)
    Robo_Base                                0x20000a30   Data         616  robo_base.o(.bss)
    Uart2_Tx                                 0x20000c98   Data          50  uart_communicate.o(.bss)
    Uart2_Rx                                 0x20000ccc   Data          12  uart_communicate.o(.bss)
    Uart1_Rx                                 0x20000cd8   Data          12  uart_communicate.o(.bss)
    Uart6_Rx                                 0x20000ce4   Data          12  uart_communicate.o(.bss)
    hiwdg                                    0x20000cf0   Data          12  iwdg.o(.bss)
    __heap_base                              0x200049f0   Data           0  startup_stm32f405xx.o(HEAP)
    __heap_limit                             0x20004bf0   Data           0  startup_stm32f405xx.o(HEAP)
    __initial_sp                             0x20004ff0   Data           0  startup_stm32f405xx.o(STACK)



==============================================================================

Memory Map of the image

  Image Entry point : 0x08000189

  Load Region LR_IROM1 (Base: 0x08000000, Size: 0x0000633c, Max: 0x00100000, ABSOLUTE, COMPRESSED[0x00006114])

    Execution Region ER_IROM1 (Exec base: 0x08000000, Load base: 0x08000000, Size: 0x000060f0, Max: 0x00100000, ABSOLUTE)

    Exec Addr    Load Addr    Size         Type   Attr      Idx    E Section Name        Object

    0x08000000   0x08000000   0x00000188   Data   RO            3    RESET               startup_stm32f405xx.o
    0x08000188   0x08000188   0x00000000   Code   RO         5209  * .ARM.Collect$$$$00000000  mc_w.l(entry.o)
    0x08000188   0x08000188   0x00000004   Code   RO         5307    .ARM.Collect$$$$00000001  mc_w.l(entry2.o)
    0x0800018c   0x0800018c   0x00000004   Code   RO         5310    .ARM.Collect$$$$00000004  mc_w.l(entry5.o)
    0x08000190   0x08000190   0x00000000   Code   RO         5312    .ARM.Collect$$$$00000008  mc_w.l(entry7b.o)
    0x08000190   0x08000190   0x00000000   Code   RO         5314    .ARM.Collect$$$$0000000A  mc_w.l(entry8b.o)
    0x08000190   0x08000190   0x00000008   Code   RO         5315    .ARM.Collect$$$$0000000B  mc_w.l(entry9a.o)
    0x08000198   0x08000198   0x00000000   Code   RO         5317    .ARM.Collect$$$$0000000D  mc_w.l(entry10a.o)
    0x08000198   0x08000198   0x00000000   Code   RO         5319    .ARM.Collect$$$$0000000F  mc_w.l(entry11a.o)
    0x08000198   0x08000198   0x00000004   Code   RO         5308    .ARM.Collect$$$$00002712  mc_w.l(entry2.o)
    0x0800019c   0x0800019c   0x000000be   Code   RO         5094    .emb_text           port.o
    0x0800025a   0x0800025a   0x00000002   PAD
    0x0800025c   0x0800025c   0x00000024   Code   RO            4    .text               startup_stm32f405xx.o
    0x08000280   0x08000280   0x00000062   Code   RO         5212    .text               mc_w.l(uldiv.o)
    0x080002e2   0x080002e2   0x00000024   Code   RO         5214    .text               mc_w.l(memcpya.o)
    0x08000306   0x08000306   0x00000024   Code   RO         5218    .text               mc_w.l(memseta.o)
    0x0800032a   0x0800032a   0x0000014e   Code   RO         5250    .text               mf_w.l(dadd.o)
    0x08000478   0x08000478   0x000000e4   Code   RO         5252    .text               mf_w.l(dmul.o)
    0x0800055c   0x0800055c   0x000000de   Code   RO         5254    .text               mf_w.l(ddiv.o)
    0x0800063a   0x0800063a   0x00000022   Code   RO         5256    .text               mf_w.l(dflti.o)
    0x0800065c   0x0800065c   0x0000001a   Code   RO         5258    .text               mf_w.l(dfltui.o)
    0x08000676   0x08000676   0x0000003e   Code   RO         5260    .text               mf_w.l(dfixi.o)
    0x080006b4   0x080006b4   0x00000026   Code   RO         5262    .text               mf_w.l(f2d.o)
    0x080006da   0x080006da   0x00000002   PAD
    0x080006dc   0x080006dc   0x00000030   Code   RO         5264    .text               mf_w.l(cdcmple.o)
    0x0800070c   0x0800070c   0x00000030   Code   RO         5266    .text               mf_w.l(cdrcmple.o)
    0x0800073c   0x0800073c   0x00000038   Code   RO         5268    .text               mf_w.l(d2f.o)
    0x08000774   0x08000774   0x0000001e   Code   RO         5321    .text               mc_w.l(llshl.o)
    0x08000792   0x08000792   0x00000020   Code   RO         5323    .text               mc_w.l(llushr.o)
    0x080007b2   0x080007b2   0x00000024   Code   RO         5325    .text               mc_w.l(llsshr.o)
    0x080007d6   0x080007d6   0x00000000   Code   RO         5336    .text               mc_w.l(iusefp.o)
    0x080007d6   0x080007d6   0x0000006e   Code   RO         5337    .text               mf_w.l(fepilogue.o)
    0x08000844   0x08000844   0x000000ba   Code   RO         5339    .text               mf_w.l(depilogue.o)
    0x080008fe   0x080008fe   0x000000a2   Code   RO         5343    .text               mf_w.l(dsqrt.o)
    0x080009a0   0x080009a0   0x00000024   Code   RO         5347    .text               mc_w.l(init.o)
    0x080009c4   0x080009c4   0x00000056   Code   RO         5357    .text               mc_w.l(__dczerorl2.o)
    0x08000a1a   0x08000a1a   0x00000002   PAD
    0x08000a1c   0x08000a1c   0x00000020   Code   RO          751    i.ALL_Always        led.o
    0x08000a3c   0x08000a3c   0x000000a8   Code   RO          958    i.Axis_CloseLoop_Init  odrive_can.o
    0x08000ae4   0x08000ae4   0x0000004c   Code   RO          959    i.Axis_Init         odrive_can.o
    0x08000b30   0x08000b30   0x000001bc   Code   RO         1059    i.BASE_Init         robo_base.o
    0x08000cec   0x08000cec   0x00000002   Code   RO          533    i.BusFault_Handler  stm32f4xx_it.o
    0x08000cee   0x08000cee   0x00000002   PAD
    0x08000cf0   0x08000cf0   0x0000004c   Code   RO          534    i.CAN1_RX0_IRQHandler  stm32f4xx_it.o
    0x08000d3c   0x08000d3c   0x0000000c   Code   RO          535    i.CAN2_RX0_IRQHandler  stm32f4xx_it.o
    0x08000d48   0x08000d48   0x00000048   Code   RO          274    i.CAN_Start_IT      can.o
    0x08000d90   0x08000d90   0x00000030   Code   RO          353    i.CanSendTask       freertos.o
    0x08000dc0   0x08000dc0   0x0000000e   Code   RO          960    i.Can_DataTypeSet   odrive_can.o
    0x08000dce   0x08000dce   0x0000002c   Code   RO          840    i.Can_Send          motor_system.o
    0x08000dfa   0x08000dfa   0x00000002   PAD
    0x08000dfc   0x08000dfc   0x00000054   Code   RO         1061    i.Can_TxMessageCal  robo_base.o
    0x08000e50   0x08000e50   0x0000000c   Code   RO          536    i.DMA1_Stream1_IRQHandler  stm32f4xx_it.o
    0x08000e5c   0x08000e5c   0x0000000c   Code   RO          537    i.DMA1_Stream3_IRQHandler  stm32f4xx_it.o
    0x08000e68   0x08000e68   0x0000000c   Code   RO          538    i.DMA1_Stream5_IRQHandler  stm32f4xx_it.o
    0x08000e74   0x08000e74   0x0000000c   Code   RO          539    i.DMA1_Stream6_IRQHandler  stm32f4xx_it.o
    0x08000e80   0x08000e80   0x0000000c   Code   RO          540    i.DMA2_Stream1_IRQHandler  stm32f4xx_it.o
    0x08000e8c   0x08000e8c   0x0000000c   Code   RO          541    i.DMA2_Stream2_IRQHandler  stm32f4xx_it.o
    0x08000e98   0x08000e98   0x0000000c   Code   RO          542    i.DMA2_Stream6_IRQHandler  stm32f4xx_it.o
    0x08000ea4   0x08000ea4   0x00000028   Code   RO         1900    i.DMA_CalcBaseAndBitshift  stm32f4xx_hal_dma.o
    0x08000ecc   0x08000ecc   0x00000054   Code   RO         1901    i.DMA_CheckFifoParam  stm32f4xx_hal_dma.o
    0x08000f20   0x08000f20   0x00000028   Code   RO         1902    i.DMA_SetConfig     stm32f4xx_hal_dma.o
    0x08000f48   0x08000f48   0x00000002   Code   RO          543    i.DebugMon_Handler  stm32f4xx_it.o
    0x08000f4a   0x08000f4a   0x00000002   Code   RO           13    i.Error_Handler     main.o
    0x08000f4c   0x08000f4c   0x00000006   Code   RO          841    i.Feed_WatchDog     motor_system.o
    0x08000f52   0x08000f52   0x00000002   PAD
    0x08000f54   0x08000f54   0x00000018   Code   RO          961    i.Get_Encoder_Count  odrive_can.o
    0x08000f6c   0x08000f6c   0x00000018   Code   RO          962    i.Get_Encoder_Error  odrive_can.o
    0x08000f84   0x08000f84   0x00000014   Code   RO          963    i.Get_Encoder_Estimates  odrive_can.o
    0x08000f98   0x08000f98   0x00000014   Code   RO          964    i.Get_Motor_Error   odrive_can.o
    0x08000fac   0x08000fac   0x00000020   Code   RO          752    i.Green_Always      led.o
    0x08000fcc   0x08000fcc   0x00000048   Code   RO          753    i.Green_Quick       led.o
    0x08001014   0x08001014   0x00000024   Code   RO         1208    i.HAL_CAN_ActivateNotification  stm32f4xx_hal_can.o
    0x08001038   0x08001038   0x000000c8   Code   RO         1209    i.HAL_CAN_AddTxMessage  stm32f4xx_hal_can.o
    0x08001100   0x08001100   0x0000010c   Code   RO         1210    i.HAL_CAN_ConfigFilter  stm32f4xx_hal_can.o
    0x0800120c   0x0800120c   0x00000002   Code   RO         1213    i.HAL_CAN_ErrorCallback  stm32f4xx_hal_can.o
    0x0800120e   0x0800120e   0x000000e8   Code   RO         1216    i.HAL_CAN_GetRxMessage  stm32f4xx_hal_can.o
    0x080012f6   0x080012f6   0x0000002c   Code   RO         1218    i.HAL_CAN_GetTxMailboxesFreeLevel  stm32f4xx_hal_can.o
    0x08001322   0x08001322   0x000001fc   Code   RO         1220    i.HAL_CAN_IRQHandler  stm32f4xx_hal_can.o
    0x0800151e   0x0800151e   0x0000011a   Code   RO         1221    i.HAL_CAN_Init      stm32f4xx_hal_can.o
    0x08001638   0x08001638   0x000000fc   Code   RO          276    i.HAL_CAN_MspInit   can.o
    0x08001734   0x08001734   0x00000002   Code   RO         1228    i.HAL_CAN_RxFifo0FullCallback  stm32f4xx_hal_can.o
    0x08001736   0x08001736   0x00000002   Code   RO         1229    i.HAL_CAN_RxFifo0MsgPendingCallback  stm32f4xx_hal_can.o
    0x08001738   0x08001738   0x00000002   Code   RO         1230    i.HAL_CAN_RxFifo1FullCallback  stm32f4xx_hal_can.o
    0x0800173a   0x0800173a   0x00000002   Code   RO         1231    i.HAL_CAN_RxFifo1MsgPendingCallback  stm32f4xx_hal_can.o
    0x0800173c   0x0800173c   0x00000002   Code   RO         1232    i.HAL_CAN_SleepCallback  stm32f4xx_hal_can.o
    0x0800173e   0x0800173e   0x00000056   Code   RO         1233    i.HAL_CAN_Start     stm32f4xx_hal_can.o
    0x08001794   0x08001794   0x00000002   Code   RO         1235    i.HAL_CAN_TxMailbox0AbortCallback  stm32f4xx_hal_can.o
    0x08001796   0x08001796   0x00000002   Code   RO         1236    i.HAL_CAN_TxMailbox0CompleteCallback  stm32f4xx_hal_can.o
    0x08001798   0x08001798   0x00000002   Code   RO         1237    i.HAL_CAN_TxMailbox1AbortCallback  stm32f4xx_hal_can.o
    0x0800179a   0x0800179a   0x00000002   Code   RO         1238    i.HAL_CAN_TxMailbox1CompleteCallback  stm32f4xx_hal_can.o
    0x0800179c   0x0800179c   0x00000002   Code   RO         1239    i.HAL_CAN_TxMailbox2AbortCallback  stm32f4xx_hal_can.o
    0x0800179e   0x0800179e   0x00000002   Code   RO         1240    i.HAL_CAN_TxMailbox2CompleteCallback  stm32f4xx_hal_can.o
    0x080017a0   0x080017a0   0x00000002   Code   RO         1242    i.HAL_CAN_WakeUpFromRxMsgCallback  stm32f4xx_hal_can.o
    0x080017a2   0x080017a2   0x00000024   Code   RO         1904    i.HAL_DMA_Abort_IT  stm32f4xx_hal_dma.o
    0x080017c6   0x080017c6   0x00000002   PAD
    0x080017c8   0x080017c8   0x000001a0   Code   RO         1908    i.HAL_DMA_IRQHandler  stm32f4xx_hal_dma.o
    0x08001968   0x08001968   0x000000d4   Code   RO         1909    i.HAL_DMA_Init      stm32f4xx_hal_dma.o
    0x08001a3c   0x08001a3c   0x0000006e   Code   RO         1913    i.HAL_DMA_Start_IT  stm32f4xx_hal_dma.o
    0x08001aaa   0x08001aaa   0x00000002   PAD
    0x08001aac   0x08001aac   0x000001b4   Code   RO         1796    i.HAL_GPIO_Init     stm32f4xx_hal_gpio.o
    0x08001c60   0x08001c60   0x0000000a   Code   RO         1798    i.HAL_GPIO_ReadPin  stm32f4xx_hal_gpio.o
    0x08001c6a   0x08001c6a   0x0000000a   Code   RO         1800    i.HAL_GPIO_WritePin  stm32f4xx_hal_gpio.o
    0x08001c74   0x08001c74   0x0000000c   Code   RO         2328    i.HAL_GetTick       stm32f4xx_hal.o
    0x08001c80   0x08001c80   0x00000050   Code   RO         3827    i.HAL_IWDG_Init     stm32f4xx_hal_iwdg.o
    0x08001cd0   0x08001cd0   0x0000000c   Code   RO         3828    i.HAL_IWDG_Refresh  stm32f4xx_hal_iwdg.o
    0x08001cdc   0x08001cdc   0x00000010   Code   RO         2334    i.HAL_IncTick       stm32f4xx_hal.o
    0x08001cec   0x08001cec   0x00000034   Code   RO         2335    i.HAL_Init          stm32f4xx_hal.o
    0x08001d20   0x08001d20   0x00000074   Code   RO          712    i.HAL_InitTick      stm32f4xx_hal_timebase_tim.o
    0x08001d94   0x08001d94   0x00000038   Code   RO          688    i.HAL_MspInit       stm32f4xx_hal_msp.o
    0x08001dcc   0x08001dcc   0x0000001a   Code   RO         2185    i.HAL_NVIC_EnableIRQ  stm32f4xx_hal_cortex.o
    0x08001de6   0x08001de6   0x00000002   PAD
    0x08001de8   0x08001de8   0x00000040   Code   RO         2191    i.HAL_NVIC_SetPriority  stm32f4xx_hal_cortex.o
    0x08001e28   0x08001e28   0x00000024   Code   RO         2192    i.HAL_NVIC_SetPriorityGrouping  stm32f4xx_hal_cortex.o
    0x08001e4c   0x08001e4c   0x00000134   Code   RO         1442    i.HAL_RCC_ClockConfig  stm32f4xx_hal_rcc.o
    0x08001f80   0x08001f80   0x00000040   Code   RO         1446    i.HAL_RCC_GetClockConfig  stm32f4xx_hal_rcc.o
    0x08001fc0   0x08001fc0   0x00000020   Code   RO         1449    i.HAL_RCC_GetPCLK1Freq  stm32f4xx_hal_rcc.o
    0x08001fe0   0x08001fe0   0x00000020   Code   RO         1450    i.HAL_RCC_GetPCLK2Freq  stm32f4xx_hal_rcc.o
    0x08002000   0x08002000   0x00000060   Code   RO         1451    i.HAL_RCC_GetSysClockFreq  stm32f4xx_hal_rcc.o
    0x08002060   0x08002060   0x00000348   Code   RO         1454    i.HAL_RCC_OscConfig  stm32f4xx_hal_rcc.o
    0x080023a8   0x080023a8   0x00000002   Code   RO         3250    i.HAL_TIMEx_BreakCallback  stm32f4xx_hal_tim_ex.o
    0x080023aa   0x080023aa   0x00000002   Code   RO         3251    i.HAL_TIMEx_CommutCallback  stm32f4xx_hal_tim_ex.o
    0x080023ac   0x080023ac   0x00000090   Code   RO         3268    i.HAL_TIMEx_MasterConfigSynchronization  stm32f4xx_hal_tim_ex.o
    0x0800243c   0x0800243c   0x00000036   Code   RO         2575    i.HAL_TIM_Base_Init  stm32f4xx_hal_tim.o
    0x08002472   0x08002472   0x00000002   PAD
    0x08002474   0x08002474   0x00000060   Code   RO          426    i.HAL_TIM_Base_MspInit  tim.o
    0x080024d4   0x080024d4   0x00000022   Code   RO         2580    i.HAL_TIM_Base_Start_IT  stm32f4xx_hal_tim.o
    0x080024f6   0x080024f6   0x000000d6   Code   RO         2584    i.HAL_TIM_ConfigClockSource  stm32f4xx_hal_tim.o
    0x080025cc   0x080025cc   0x00000002   Code   RO         2604    i.HAL_TIM_IC_CaptureCallback  stm32f4xx_hal_tim.o
    0x080025ce   0x080025ce   0x00000166   Code   RO         2618    i.HAL_TIM_IRQHandler  stm32f4xx_hal_tim.o
    0x08002734   0x08002734   0x00000002   Code   RO         2621    i.HAL_TIM_OC_DelayElapsedCallback  stm32f4xx_hal_tim.o
    0x08002736   0x08002736   0x00000002   Code   RO         2648    i.HAL_TIM_PWM_PulseFinishedCallback  stm32f4xx_hal_tim.o
    0x08002738   0x08002738   0x00000014   Code   RO           14    i.HAL_TIM_PeriodElapsedCallback  main.o
    0x0800274c   0x0800274c   0x00000002   Code   RO         2661    i.HAL_TIM_TriggerCallback  stm32f4xx_hal_tim.o
    0x0800274e   0x0800274e   0x00000002   Code   RO         3522    i.HAL_UART_ErrorCallback  stm32f4xx_hal_uart.o
    0x08002750   0x08002750   0x00000114   Code   RO         3525    i.HAL_UART_IRQHandler  stm32f4xx_hal_uart.o
    0x08002864   0x08002864   0x00000062   Code   RO         3526    i.HAL_UART_Init     stm32f4xx_hal_uart.o
    0x080028c6   0x080028c6   0x00000002   PAD
    0x080028c8   0x080028c8   0x00000340   Code   RO          474    i.HAL_UART_MspInit  usart.o
    0x08002c08   0x08002c08   0x00000098   Code   RO         3530    i.HAL_UART_Receive_DMA  stm32f4xx_hal_uart.o
    0x08002ca0   0x08002ca0   0x00000002   Code   RO         3532    i.HAL_UART_RxCpltCallback  stm32f4xx_hal_uart.o
    0x08002ca2   0x08002ca2   0x00000002   Code   RO         3533    i.HAL_UART_RxHalfCpltCallback  stm32f4xx_hal_uart.o
    0x08002ca4   0x08002ca4   0x00000002   Code   RO         3537    i.HAL_UART_TxCpltCallback  stm32f4xx_hal_uart.o
    0x08002ca6   0x08002ca6   0x00000002   Code   RO          544    i.HardFault_Handler  stm32f4xx_it.o
    0x08002ca8   0x08002ca8   0x00000060   Code   RO          354    i.InitTask          freertos.o
    0x08002d08   0x08002d08   0x00000080   Code   RO          754    i.LED_WARNING       led.o
    0x08002d88   0x08002d88   0x0000002c   Code   RO          755    i.Led_Task          led.o
    0x08002db4   0x08002db4   0x00000044   Code   RO          277    i.MX_CAN1_Init      can.o
    0x08002df8   0x08002df8   0x00000044   Code   RO          278    i.MX_CAN2_Init      can.o
    0x08002e3c   0x08002e3c   0x0000009c   Code   RO          329    i.MX_DMA_Init       dma.o
    0x08002ed8   0x08002ed8   0x00000070   Code   RO          355    i.MX_FREERTOS_Init  freertos.o
    0x08002f48   0x08002f48   0x000000dc   Code   RO          250    i.MX_GPIO_Init      gpio.o
    0x08003024   0x08003024   0x0000002c   Code   RO         1177    i.MX_IWDG_Init      iwdg.o
    0x08003050   0x08003050   0x00000068   Code   RO          427    i.MX_TIM2_Init      tim.o
    0x080030b8   0x080030b8   0x00000068   Code   RO          428    i.MX_TIM3_Init      tim.o
    0x08003120   0x08003120   0x00000044   Code   RO          475    i.MX_USART1_UART_Init  usart.o
    0x08003164   0x08003164   0x00000038   Code   RO          476    i.MX_USART2_UART_Init  usart.o
    0x0800319c   0x0800319c   0x0000003c   Code   RO          477    i.MX_USART3_UART_Init  usart.o
    0x080031d8   0x080031d8   0x0000003c   Code   RO          478    i.MX_USART6_UART_Init  usart.o
    0x08003214   0x08003214   0x00000002   Code   RO          545    i.MemManage_Handler  stm32f4xx_it.o
    0x08003216   0x08003216   0x00000002   PAD
    0x08003218   0x08003218   0x00000240   Code   RO          924    i.Motor_Angle       move.o
    0x08003458   0x08003458   0x00000018   Code   RO          842    i.Motor_Init        motor_system.o
    0x08003470   0x08003470   0x0000004c   Code   RO         1063    i.Motor_Pos_Analysis  robo_base.o
    0x080034bc   0x080034bc   0x0000001c   Code   RO          356    i.MoveTask          freertos.o
    0x080034d8   0x080034d8   0x00000194   Code   RO          925    i.Move_Analysis     move.o
    0x0800366c   0x0800366c   0x00000002   Code   RO          546    i.NMI_Handler       stm32f4xx_it.o
    0x0800366e   0x0800366e   0x00000002   PAD
    0x08003670   0x08003670   0x0000009c   Code   RO          966    i.ODrive_Recevice   odrive_can.o
    0x0800370c   0x0800370c   0x0000007e   Code   RO          967    i.ODrive_Transmit   odrive_can.o
    0x0800378a   0x0800378a   0x00000002   PAD
    0x0800378c   0x0800378c   0x00000034   Code   RO          844    i.PID_Init          motor_system.o
    0x080037c0   0x080037c0   0x00000274   Code   RO          845    i.PID_Pos_Cal       motor_system.o
    0x08003a34   0x08003a34   0x00000160   Code   RO          846    i.PID_Speed_Cal     motor_system.o
    0x08003b94   0x08003b94   0x000000cc   Code   RO         1065    i.Pos_CloseLoop_Init  robo_base.o
    0x08003c60   0x08003c60   0x000000b8   Code   RO          847    i.Pos_Info_Analysis  motor_system.o
    0x08003d18   0x08003d18   0x00000018   Code   RO          968    i.Reboot_ODrive     odrive_can.o
    0x08003d30   0x08003d30   0x00000130   Code   RO          800    i.RemoteData_analysis  analysis.o
    0x08003e60   0x08003e60   0x00000010   Code   RO          969    i.Send_To_ODrive    odrive_can.o
    0x08003e70   0x08003e70   0x0000003c   Code   RO          970    i.Set_Axis_Requested_State  odrive_can.o
    0x08003eac   0x08003eac   0x00000034   Code   RO          971    i.Set_Input_Vel     odrive_can.o
    0x08003ee0   0x08003ee0   0x0000007c   Code   RO          357    i.StartDefaultTask  freertos.o
    0x08003f5c   0x08003f5c   0x0000002c   Code   RO         5095    i.SysTick_Handler   port.o
    0x08003f88   0x08003f88   0x00000088   Code   RO           15    i.SystemClock_Config  main.o
    0x08004010   0x08004010   0x0000001c   Code   RO         3858    i.SystemInit        system_stm32f4xx.o
    0x0800402c   0x0800402c   0x00000004   Code   RO          849    i.SystemState_Set   motor_system.o
    0x08004030   0x08004030   0x0000000c   Code   RO          547    i.TIM1_UP_TIM10_IRQHandler  stm32f4xx_it.o
    0x0800403c   0x0800403c   0x0000000c   Code   RO          548    i.TIM2_IRQHandler   stm32f4xx_it.o
    0x08004048   0x08004048   0x00000130   Code   RO          549    i.TIM3_IRQHandler   stm32f4xx_it.o
    0x08004178   0x08004178   0x000000c8   Code   RO         2663    i.TIM_Base_SetConfig  stm32f4xx_hal_tim.o
    0x08004240   0x08004240   0x00000014   Code   RO         2674    i.TIM_ETR_SetConfig  stm32f4xx_hal_tim.o
    0x08004254   0x08004254   0x00000010   Code   RO         2675    i.TIM_ITRx_SetConfig  stm32f4xx_hal_tim.o
    0x08004264   0x08004264   0x00000022   Code   RO         2681    i.TIM_TI1_ConfigInputStage  stm32f4xx_hal_tim.o
    0x08004286   0x08004286   0x00000024   Code   RO         2683    i.TIM_TI2_ConfigInputStage  stm32f4xx_hal_tim.o
    0x080042aa   0x080042aa   0x00000010   Code   RO         3539    i.UART_DMAAbortOnError  stm32f4xx_hal_uart.o
    0x080042ba   0x080042ba   0x0000004a   Code   RO         3540    i.UART_DMAError     stm32f4xx_hal_uart.o
    0x08004304   0x08004304   0x0000003c   Code   RO         3541    i.UART_DMAReceiveCplt  stm32f4xx_hal_uart.o
    0x08004340   0x08004340   0x0000000a   Code   RO         3543    i.UART_DMARxHalfCplt  stm32f4xx_hal_uart.o
    0x0800434a   0x0800434a   0x0000001c   Code   RO         3549    i.UART_EndRxTransfer  stm32f4xx_hal_uart.o
    0x08004366   0x08004366   0x00000012   Code   RO         3550    i.UART_EndTxTransfer  stm32f4xx_hal_uart.o
    0x08004378   0x08004378   0x00000096   Code   RO         3551    i.UART_Receive_IT   stm32f4xx_hal_uart.o
    0x0800440e   0x0800440e   0x00000002   PAD
    0x08004410   0x08004410   0x00000128   Code   RO         3552    i.UART_SetConfig    stm32f4xx_hal_uart.o
    0x08004538   0x08004538   0x00000062   Code   RO         3553    i.UART_Transmit_IT  stm32f4xx_hal_uart.o
    0x0800459a   0x0800459a   0x00000002   PAD
    0x0800459c   0x0800459c   0x00000028   Code   RO          550    i.USART1_IRQHandler  stm32f4xx_it.o
    0x080045c4   0x080045c4   0x00000024   Code   RO          551    i.USART2_IRQHandler  stm32f4xx_it.o
    0x080045e8   0x080045e8   0x0000000c   Code   RO          552    i.USART3_IRQHandler  stm32f4xx_it.o
    0x080045f4   0x080045f4   0x00000024   Code   RO          553    i.USART6_IRQHandler  stm32f4xx_it.o
    0x08004618   0x08004618   0x0000006a   Code   RO         1124    i.Uart_DMA_Process  uart_communicate.o
    0x08004682   0x08004682   0x00000002   Code   RO          554    i.UsageFault_Handler  stm32f4xx_it.o
    0x08004684   0x08004684   0x000000a4   Code   RO         1125    i.Usart_All_Init    uart_communicate.o
    0x08004728   0x08004728   0x00000030   Code   RO         5345    i.__ARM_fpclassify  m_wm.l(fpclassify.o)
    0x08004758   0x08004758   0x00000020   Code   RO         2198    i.__NVIC_SetPriority  stm32f4xx_hal_cortex.o
    0x08004778   0x08004778   0x00000358   Code   RO         5171    i.__hardfp_acos     m_wm.l(acos.o)
    0x08004ad0   0x08004ad0   0x000002d8   Code   RO         5270    i.__hardfp_atan     m_wm.l(atan.o)
    0x08004da8   0x08004da8   0x000001f0   Code   RO         5185    i.__hardfp_atan2    m_wm.l(atan2.o)
    0x08004f98   0x08004f98   0x0000007a   Code   RO         5197    i.__hardfp_sqrt     m_wm.l(sqrt.o)
    0x08005012   0x08005012   0x000000f8   Code   RO         5304    i.__kernel_poly     m_wm.l(poly.o)
    0x0800510a   0x0800510a   0x00000014   Code   RO         5285    i.__mathlib_dbl_infnan  m_wm.l(dunder.o)
    0x0800511e   0x0800511e   0x00000014   Code   RO         5286    i.__mathlib_dbl_infnan2  m_wm.l(dunder.o)
    0x08005132   0x08005132   0x00000006   PAD
    0x08005138   0x08005138   0x00000020   Code   RO         5287    i.__mathlib_dbl_invalid  m_wm.l(dunder.o)
    0x08005158   0x08005158   0x00000020   Code   RO         5290    i.__mathlib_dbl_underflow  m_wm.l(dunder.o)
    0x08005178   0x08005178   0x0000000e   Code   RO         5351    i.__scatterload_copy  mc_w.l(handlers.o)
    0x08005186   0x08005186   0x00000002   Code   RO         5352    i.__scatterload_null  mc_w.l(handlers.o)
    0x08005188   0x08005188   0x0000000e   Code   RO         5353    i.__scatterload_zeroinit  mc_w.l(handlers.o)
    0x08005196   0x08005196   0x00000002   PAD
    0x08005198   0x08005198   0x0000000c   Code   RO         5331    i.__set_errno       mc_w.l(errno.o)
    0x080051a4   0x080051a4   0x00000010   Code   RO         5272    i.atan              m_wm.l(atan.o)
    0x080051b4   0x080051b4   0x00000018   Code   RO         5300    i.fabs              m_wm.l(fabs.o)
    0x080051cc   0x080051cc   0x00000068   Code   RO           16    i.main              main.o
    0x08005234   0x08005234   0x0000000c   Code   RO         4666    i.makeFreeRtosPriority  cmsis_os.o
    0x08005240   0x08005240   0x0000006c   Code   RO         5223    i.malloc            mc_w.l(malloc.o)
    0x080052ac   0x080052ac   0x0000000e   Code   RO         4668    i.osDelay           cmsis_os.o
    0x080052ba   0x080052ba   0x0000000a   Code   RO         4671    i.osKernelStart     cmsis_os.o
    0x080052c4   0x080052c4   0x00000054   Code   RO         4705    i.osThreadCreate    cmsis_os.o
    0x08005318   0x08005318   0x00000070   Code   RO         4360    i.prvAddCurrentTaskToDelayedList  tasks.o
    0x08005388   0x08005388   0x000000d0   Code   RO         4361    i.prvAddNewTaskToReadyList  tasks.o
    0x08005458   0x08005458   0x00000034   Code   RO         4362    i.prvDeleteTCB      tasks.o
    0x0800548c   0x0800548c   0x0000004c   Code   RO         5033    i.prvHeapInit       heap_4.o
    0x080054d8   0x080054d8   0x0000005c   Code   RO         4363    i.prvIdleTask       tasks.o
    0x08005534   0x08005534   0x00000098   Code   RO         4364    i.prvInitialiseNewTask  tasks.o
    0x080055cc   0x080055cc   0x0000004c   Code   RO         5034    i.prvInsertBlockIntoFreeList  heap_4.o
    0x08005618   0x08005618   0x00000020   Code   RO         4365    i.prvResetNextTaskUnblockTime  tasks.o
    0x08005638   0x08005638   0x00000028   Code   RO         5096    i.prvTaskExitError  port.o
    0x08005660   0x08005660   0x00000034   Code   RO         4366    i.prvTaskIsTaskSuspended  tasks.o
    0x08005694   0x08005694   0x000000d8   Code   RO         5035    i.pvPortMalloc      heap_4.o
    0x0800576c   0x0800576c   0x0000002c   Code   RO         5097    i.pxPortInitialiseStack  port.o
    0x08005798   0x08005798   0x0000006e   Code   RO         5199    i.sqrt              m_wm.l(sqrt.o)
    0x08005806   0x08005806   0x00000026   Code   RO         3996    i.uxListRemove      list.o
    0x0800582c   0x0800582c   0x00000014   Code   RO          358    i.vApplicationGetIdleTaskMemory  freertos.o
    0x08005840   0x08005840   0x00000016   Code   RO         3997    i.vListInitialise   list.o
    0x08005856   0x08005856   0x00000006   Code   RO         3998    i.vListInitialiseItem  list.o
    0x0800585c   0x0800585c   0x00000030   Code   RO         3999    i.vListInsert       list.o
    0x0800588c   0x0800588c   0x00000018   Code   RO         4000    i.vListInsertEnd    list.o
    0x080058a4   0x080058a4   0x00000040   Code   RO         5099    i.vPortEnterCritical  port.o
    0x080058e4   0x080058e4   0x00000028   Code   RO         5100    i.vPortExitCritical  port.o
    0x0800590c   0x0800590c   0x0000005c   Code   RO         5036    i.vPortFree         heap_4.o
    0x08005968   0x08005968   0x00000024   Code   RO         5101    i.vPortSetupTimerInterrupt  port.o
    0x0800598c   0x0800598c   0x0000004c   Code   RO         4373    i.vTaskDelay        tasks.o
    0x080059d8   0x080059d8   0x0000007c   Code   RO         4384    i.vTaskResume       tasks.o
    0x08005a54   0x08005a54   0x0000006c   Code   RO         4386    i.vTaskStartScheduler  tasks.o
    0x08005ac0   0x08005ac0   0x000000bc   Code   RO         4387    i.vTaskSuspend      tasks.o
    0x08005b7c   0x08005b7c   0x00000010   Code   RO         4388    i.vTaskSuspendAll   tasks.o
    0x08005b8c   0x08005b8c   0x0000005c   Code   RO         4389    i.vTaskSwitchContext  tasks.o
    0x08005be8   0x08005be8   0x000000f4   Code   RO         5103    i.xPortStartScheduler  port.o
    0x08005cdc   0x08005cdc   0x0000005a   Code   RO         4391    i.xTaskCreate       tasks.o
    0x08005d36   0x08005d36   0x0000005a   Code   RO         4392    i.xTaskCreateStatic  tasks.o
    0x08005d90   0x08005d90   0x000000c8   Code   RO         4399    i.xTaskIncrementTick  tasks.o
    0x08005e58   0x08005e58   0x000000c4   Code   RO         4405    i.xTaskResumeAll    tasks.o
    0x08005f1c   0x08005f1c   0x00000070   Data   RO          360    .constdata          freertos.o
    0x08005f8c   0x08005f8c   0x00000008   Data   RO         1915    .constdata          stm32f4xx_hal_dma.o
    0x08005f94   0x08005f94   0x00000010   Data   RO         3859    .constdata          system_stm32f4xx.o
    0x08005fa4   0x08005fa4   0x00000008   Data   RO         3860    .constdata          system_stm32f4xx.o
    0x08005fac   0x08005fac   0x00000004   PAD
    0x08005fb0   0x08005fb0   0x00000050   Data   RO         5174    .constdata          m_wm.l(acos.o)
    0x08006000   0x08006000   0x00000098   Data   RO         5273    .constdata          m_wm.l(atan.o)
    0x08006098   0x08006098   0x00000008   Data   RO         5306    .constdata          m_wm.l(qnan.o)
    0x080060a0   0x080060a0   0x00000030   Data   RO          361    .conststring        freertos.o
    0x080060d0   0x080060d0   0x00000020   Data   RO         5349    Region$$Table       anon$$obj.o


    Execution Region RW_IRAM2 (Exec base: 0x10000000, Load base: 0x08006114, Size: 0x00000000, Max: 0x00010000, ABSOLUTE)

    **** No section assigned to this execution region ****


    Execution Region RW_IRAM1 (Exec base: 0x20000000, Load base: 0x080060f0, Size: 0x00004ff0, Max: 0x00020000, ABSOLUTE, COMPRESSED[0x00000024])

    Exec Addr    Load Addr    Size         Type   Attr      Idx    E Section Name        Object

    0x20000000   COMPRESSED   0x00000004   Data   RW           17    .data               main.o
    0x20000004   COMPRESSED   0x00000004   Data   RW          280    .data               can.o
    0x20000008   COMPRESSED   0x0000017c   Data   RW          362    .data               freertos.o
    0x20000184   COMPRESSED   0x0000000c   Data   RW          555    .data               stm32f4xx_it.o
    0x20000190   COMPRESSED   0x00000008   Data   RW          756    .data               led.o
    0x20000198   COMPRESSED   0x00000014   Data   RW          803    .data               analysis.o
    0x200001ac   COMPRESSED   0x00000004   PAD
    0x200001b0   COMPRESSED   0x00000010   Data   RW          926    .data               move.o
    0x200001c0   COMPRESSED   0x00000009   Data   RW          973    .data               odrive_can.o
    0x200001c9   COMPRESSED   0x00000004   Data   RW         1067    .data               robo_base.o
    0x200001cd   COMPRESSED   0x00000003   PAD
    0x200001d0   COMPRESSED   0x0000000c   Data   RW         2342    .data               stm32f4xx_hal.o
    0x200001dc   COMPRESSED   0x00000004   Data   RW         3861    .data               system_stm32f4xx.o
    0x200001e0   COMPRESSED   0x0000003c   Data   RW         4408    .data               tasks.o
    0x2000021c   COMPRESSED   0x00000018   Data   RW         5041    .data               heap_4.o
    0x20000234   COMPRESSED   0x0000000c   Data   RW         5104    .data               port.o
    0x20000240   COMPRESSED   0x00000004   Data   RW         5327    .data               mc_w.l(mvars.o)
    0x20000244   COMPRESSED   0x00000004   Data   RW         5328    .data               mc_w.l(mvars.o)
    0x20000248   COMPRESSED   0x00000004   Data   RW         5332    .data               mc_w.l(errno.o)
    0x2000024c        -       0x00000050   Zero   RW          279    .bss                can.o
    0x2000029c        -       0x00000254   Zero   RW          359    .bss                freertos.o
    0x200004f0        -       0x00000080   Zero   RW          429    .bss                tim.o
    0x20000570        -       0x000003a0   Zero   RW          479    .bss                usart.o
    0x20000910        -       0x00000040   Zero   RW          715    .bss                stm32f4xx_hal_timebase_tim.o
    0x20000950        -       0x000000e0   Zero   RW          972    .bss                odrive_can.o
    0x20000a30        -       0x00000268   Zero   RW         1066    .bss                robo_base.o
    0x20000c98        -       0x00000058   Zero   RW         1128    .bss                uart_communicate.o
    0x20000cf0        -       0x0000000c   Zero   RW         1178    .bss                iwdg.o
    0x20000cfc        -       0x000000f0   Zero   RW         4407    .bss                tasks.o
    0x20000dec        -       0x00003c00   Zero   RW         5040    .bss                heap_4.o
    0x200049ec   COMPRESSED   0x00000004   PAD
    0x200049f0        -       0x00000200   Zero   RW            2    HEAP                startup_stm32f405xx.o
    0x20004bf0        -       0x00000400   Zero   RW            1    STACK               startup_stm32f405xx.o


==============================================================================

Image component sizes


      Code (inc. data)   RO Data    RW Data    ZI Data      Debug   Object Name

       304         24          0         20          0       1223   analysis.o
       460         46          0          4         80       3081   can.o
       120          0          0          0          0      23193   cmsis_os.o
       156          4          0          0          0        846   dma.o
         0          0          0          0          0      15796   event_groups.o
       428         52        160        380        596       4665   freertos.o
       220         18          0          0          0        979   gpio.o
       460         24          0         24      15360       7435   heap_4.o
        44          8          0          0         12        715   iwdg.o
       308         34          0          8          0       2819   led.o
       138          0          0          0          0       3582   list.o
       262         28          0          4          0     687995   main.o
      1294         48          0          0          0       5708   motor_system.o
       980         84          0         16          0       2250   move.o
       780         34          0          9        224       8389   odrive_can.o
       702         70          0         12          0      11120   port.o
       808         76          0          4        616       3235   robo_base.o
        36          8        392          0       1536        840   startup_stm32f405xx.o
        80         14          0         12          0       8098   stm32f4xx_hal.o
      1682          6          0          0          0      16001   stm32f4xx_hal_can.o
       158         14          0          0          0      33154   stm32f4xx_hal_cortex.o
       938         16          8          0          0       6514   stm32f4xx_hal_dma.o
       456         46          0          0          0       3187   stm32f4xx_hal_gpio.o
        92          0          0          0          0       1767   stm32f4xx_hal_iwdg.o
        56          4          0          0          0        846   stm32f4xx_hal_msp.o
      1372         82          0          0          0       6053   stm32f4xx_hal_rcc.o
       974         44          0          0          0      10313   stm32f4xx_hal_tim.o
       148         28          0          0          0       2553   stm32f4xx_hal_tim_ex.o
       116         16          0          0         64       1407   stm32f4xx_hal_timebase_tim.o
      1284         28          0          0          0      11492   stm32f4xx_hal_uart.o
       636        132          0         12          0      10898   stm32f4xx_it.o
         0          0          0          0          0        412   stream_buffer.o
        28          6         24          4          0       1143   system_stm32f4xx.o
      1880        138          0         60        240      22207   tasks.o
       304         24          0          0        128       2383   tim.o
       270         18          0          0         88       2323   uart_communicate.o
      1076         88          0          0        928       4454   usart.o

    ----------------------------------------------------------------------
     19078       1262        620        576      19876     929076   Object Totals
         0          0         32          0          0          0   (incl. Generated)
        28          0          4          7          4          0   (incl. Padding)

    ----------------------------------------------------------------------

      Code (inc. data)   RO Data    RW Data    ZI Data      Debug   Library Member Name

       856        118         80          0          0        288   acos.o
       744        106        152          0          0        352   atan.o
       496         64          0          0          0        192   atan2.o
       104         16          0          0          0        496   dunder.o
        24          0          0          0          0        124   fabs.o
        48          0          0          0          0        124   fpclassify.o
       248          0          0          0          0        152   poly.o
         0          0          8          0          0          0   qnan.o
       232          0          0          0          0        296   sqrt.o
        86          0          0          0          0          0   __dczerorl2.o
         0          0          0          0          0          0   entry.o
         0          0          0          0          0          0   entry10a.o
         0          0          0          0          0          0   entry11a.o
         8          4          0          0          0          0   entry2.o
         4          0          0          0          0          0   entry5.o
         0          0          0          0          0          0   entry7b.o
         0          0          0          0          0          0   entry8b.o
         8          4          0          0          0          0   entry9a.o
        12          6          0          4          0         68   errno.o
        30          0          0          0          0          0   handlers.o
        36          8          0          0          0         68   init.o
         0          0          0          0          0          0   iusefp.o
        30          0          0          0          0         68   llshl.o
        36          0          0          0          0         68   llsshr.o
        32          0          0          0          0         68   llushr.o
       108         16          0          0          0         84   malloc.o
        36          0          0          0          0         68   memcpya.o
        36          0          0          0          0        108   memseta.o
         0          0          0          8          0          0   mvars.o
        98          0          0          0          0         92   uldiv.o
        48          0          0          0          0         68   cdcmple.o
        48          0          0          0          0         68   cdrcmple.o
        56          0          0          0          0         88   d2f.o
       334          0          0          0          0        148   dadd.o
       222          0          0          0          0        100   ddiv.o
       186          0          0          0          0        176   depilogue.o
        62          0          0          0          0         80   dfixi.o
        34          0          0          0          0         76   dflti.o
        26          0          0          0          0         76   dfltui.o
       228          0          0          0          0         96   dmul.o
       162          0          0          0          0        100   dsqrt.o
        38          0          0          0          0         68   f2d.o
       110          0          0          0          0        168   fepilogue.o

    ----------------------------------------------------------------------
      4878        342        240         12          0       4028   Library Totals
        12          0          0          0          0          0   (incl. Padding)

    ----------------------------------------------------------------------

      Code (inc. data)   RO Data    RW Data    ZI Data      Debug   Library Name

      2752        304        240          0          0       2024   m_wm.l
       560         38          0         12          0        692   mc_w.l
      1554          0          0          0          0       1312   mf_w.l

    ----------------------------------------------------------------------
      4878        342        240         12          0       4028   Library Totals

    ----------------------------------------------------------------------

==============================================================================


      Code (inc. data)   RO Data    RW Data    ZI Data      Debug   

     23956       1604        860        588      19876     911900   Grand Totals
     23956       1604        860         36      19876     911900   ELF Image Totals (compressed)
     23956       1604        860         36          0          0   ROM Totals

==============================================================================

    Total RO  Size (Code + RO Data)                24816 (  24.23kB)
    Total RW  Size (RW Data + ZI Data)             20464 (  19.98kB)
    Total ROM Size (Code + RO Data + RW Data)      24852 (  24.27kB)

==============================================================================

