<html>
<body>
<pre>
<h1>µVision Build Log</h1>
<h2>Project:</h2>
E:\Source_Code\Github\DR_Control\RTOS_DR\MDK-ARM\RTOS_DR.uvproj
Project File Date:  05/01/2021

<h2>Output:</h2>
Build target 'RTOS_DR'
compiling analysis.c...
linking...
Program Size: Code=23420 RO-data=900 RW-data=444 ZI-data=19852  
FromELF: creating hex file...
"RTOS_DR\RTOS_DR.axf" - 0 Error(s), 0 Warning(s).
 "RTOS_DR\\RTOS_DR.axf" 
Erase Done.
Programming Done.
Verify OK.
Application running ...
..
..
lash Download failed  -  Target DLL has been cancelled
ng motor_system.c...
compiling move.c...
compiling odrive_can.c...
compiling robo_base.c...
compiling uart_communicate.c...
compiling iwdg.c...
compiling stm32f4xx_hal_can.c...
compiling stm32f4xx_hal_rcc.c...
compiling stm32f4xx_hal_rcc_ex.c...
compiling stm32f4xx_hal_flash.c...
compiling stm32f4xx_hal_flash_ex.c...
compiling stm32f4xx_hal_flash_ramfunc.c...
compiling stm32f4xx_hal_gpio.c...
compiling stm32f4xx_hal_dma_ex.c...
compiling stm32f4xx_hal_dma.c...
compiling stm32f4xx_hal_pwr.c...
compiling stm32f4xx_hal_pwr_ex.c...
compiling stm32f4xx_hal_cortex.c...
compiling stm32f4xx_hal.c...
compiling stm32f4xx_hal_exti.c...
compiling stm32f4xx_hal_tim.c...
compiling stm32f4xx_hal_tim_ex.c...
compiling stm32f4xx_hal_uart.c...
compiling stm32f4xx_hal_iwdg.c...
compiling system_stm32f4xx.c...
compiling croutine.c...
compiling event_groups.c...
compiling list.c...
compiling queue.c...
compiling stream_buffer.c...
compiling tasks.c...
compiling timers.c...
compiling cmsis_os.c...
compiling heap_4.c...
compiling port.c...
linking...
Program Size: Code=23404 RO-data=900 RW-data=444 ZI-data=19852  
FromELF: creating hex file...
"RTOS_DR\RTOS_DR.axf" - 0 Error(s), 0 Warning(s).
ol MX_IWDG_Init (referred from main.o).
RTOS_DR\RTOS_DR.axf: Error: L6218E: Undefined symbol IWDG_Feed (referred from freertos.o).
Not enough information to list image symbols.
Finished: 1 information, 0 warning and 2 error messages.
"RTOS_DR\RTOS_DR.axf" - 2 Error(s), 1 Warning(s).
Target not created
