<html>
<body>
<pre>
<h1>µVision Build Log</h1>
<h2>Project:</h2>
E:\Source_Code\Github\DR_Control\RTOS_DR\MDK-ARM\RTOS_DR.uvproj
Project File Date:  05/01/2021

<h2>Output:</h2>
Build target 'RTOS_DR'
linking...
Program Size: Code=23216 RO-data=904 RW-data=444 ZI-data=19844  
FromELF: creating hex file...
"RTOS_DR\RTOS_DR.axf" - 0 Error(s), 0 Warning(s).
</pre>
</body>
</html>
.
Load "RTOS_DR\\RTOS_DR.axf" 
Erase Done.
Programming Done.
Verify OK.
Application running ...
..
compiling led.c...
compiling analysis.c...
compiling motor_system.c...
compiling move.c...
compiling odrive_can.c...
compiling robo_base.c...
compiling uart_communicate.c...
compiling stm32f4xx_hal_can.c...
compiling stm32f4xx_hal_rcc.c...
compiling stm32f4xx_hal_rcc_ex.c...
compiling stm32f4xx_hal_flash.c...
compiling stm32f4xx_hal_flash_ex.c...
compiling stm32f4xx_hal_flash_ramfunc.c...
compiling stm32f4xx_hal_gpio.c...
compiling stm32f4xx_hal_dma_ex.c...
compiling stm32f4xx_hal_dma.c...
compiling stm32f4xx_hal_pwr.c...
compiling stm32f4xx_hal_pwr_ex.c...
compiling stm32f4xx_hal_cortex.c...
compiling stm32f4xx_hal.c...
compiling stm32f4xx_hal_exti.c...
compiling stm32f4xx_hal_tim.c...
compiling stm32f4xx_hal_tim_ex.c...
compiling stm32f4xx_hal_uart.c...
compiling system_stm32f4xx.c...
compiling croutine.c...
compiling event_groups.c...
compiling list.c...
compiling queue.c...
compiling stream_buffer.c...
compiling tasks.c...
compiling timers.c...
compiling cmsis_os.c...
compiling heap_4.c...
compiling port.c...
linking...
Program Size: Code=23216 RO-data=904 RW-data=444 ZI-data=19844  
FromELF: creating hex file...
"RTOS_DR\RTOS_DR.axf" - 0 Error(s), 0 Warning(s).
Load "RTOS_DR\\RTOS_DR.axf" 
Erase Done.
Programming Done.
Verify OK.
Application running ...
rogramming Done.
Verify OK.
Application running ...
Software-Breakpoints: 8192
Watchpoints:          4
JTAG speed: 2000 kHz
 
Erase Done.
Programming Done.
Verify OK.
Application running ...
